FILE_TYPE=LIBRARY_PARTS;
primitive '74LVC16244';
  pin
    '1A2':
      PIN_NUMBER='(46)';
      INPUT_LOAD='(-0.01,0.01)';
    '1A1':
      PIN_NUMBER='(47)';
      INPUT_LOAD='(-0.01,0.01)';
    '2A1':
      PIN_NUMBER='(41)';
      INPUT_LOAD='(-0.01,0.01)';
    '1A3':
      PIN_NUMBER='(44)';
      INPUT_LOAD='(-0.01,0.01)';
    '1A4':
      PIN_NUMBER='(43)';
      INPUT_LOAD='(-0.01,0.01)';
    '2A3':
      PIN_NUMBER='(38)';
      INPUT_LOAD='(-0.01,0.01)';
    '2A2':
      PIN_NUMBER='(40)';
      INPUT_LOAD='(-0.01,0.01)';
    '2A4':
      PIN_NUMBER='(37)';
      INPUT_LOAD='(-0.01,0.01)';
    '3A2':
      PIN_NUMBER='(35)';
      INPUT_LOAD='(-0.01,0.01)';
    '3A1':
      PIN_NUMBER='(36)';
      INPUT_LOAD='(-0.01,0.01)';
    '3A4':
      PIN_NUMBER='(32)';
      INPUT_LOAD='(-0.01,0.01)';
    '3A3':
      PIN_NUMBER='(33)';
      INPUT_LOAD='(-0.01,0.01)';
    '4A1':
      PIN_NUMBER='(30)';
      INPUT_LOAD='(-0.01,0.01)';
    '4A3':
      PIN_NUMBER='(27)';
      INPUT_LOAD='(-0.01,0.01)';
    '4A2':
      PIN_NUMBER='(29)';
      INPUT_LOAD='(-0.01,0.01)';
    '4A4':
      PIN_NUMBER='(26)';
      INPUT_LOAD='(-0.01,0.01)';
    '-1OE':
      PIN_NUMBER='(1)';
      INPUT_LOAD='(-0.01,0.01)';
    '-2OE':
      PIN_NUMBER='(48)';
      INPUT_LOAD='(-0.01,0.01)';
    '-3OE':
      PIN_NUMBER='(25)';
      INPUT_LOAD='(-0.01,0.01)';
    '-4OE':
      PIN_NUMBER='(24)';
      INPUT_LOAD='(-0.01,0.01)';
    'GND'<0>:
      PIN_NUMBER='(4)';
      INPUT_LOAD='(-0.01,0.01)';
    'GND'<1>:
      PIN_NUMBER='(10)';
      INPUT_LOAD='(-0.01,0.01)';
    'GND'<2>:
      PIN_NUMBER='(15)';
      INPUT_LOAD='(-0.01,0.01)';
    'GND'<5>:
      PIN_NUMBER='(34)';
      INPUT_LOAD='(-0.01,0.01)';
    'GND'<4>:
      PIN_NUMBER='(28)';
      INPUT_LOAD='(-0.01,0.01)';
    'GND'<3>:
      PIN_NUMBER='(21)';
      INPUT_LOAD='(-0.01,0.01)';
    'GND'<6>:
      PIN_NUMBER='(39)';
      INPUT_LOAD='(-0.01,0.01)';
    'GND'<7>:
      PIN_NUMBER='(45)';
      INPUT_LOAD='(-0.01,0.01)';
    'VCC'<0>:
      PIN_NUMBER='(7)';
      INPUT_LOAD='(-0.01,0.01)';
    'VCC'<2>:
      PIN_NUMBER='(31)';
      INPUT_LOAD='(-0.01,0.01)';
    'VCC'<1>:
      PIN_NUMBER='(18)';
      INPUT_LOAD='(-0.01,0.01)';
    'VCC'<3>:
      PIN_NUMBER='(42)';
      INPUT_LOAD='(-0.01,0.01)';
    '1Y3':
      PIN_NUMBER='(5)';
      OUTPUT_LOAD='(1.0,-1.0)';
    '1Y1':
      PIN_NUMBER='(2)';
      INPUT_LOAD='(-0.01,0.01)';
    '1Y2':
      PIN_NUMBER='(3)';
      OUTPUT_LOAD='(1.0,-1.0)';
    '1Y4':
      PIN_NUMBER='(6)';
      OUTPUT_LOAD='(1.0,-1.0)';
    '2Y1':
      PIN_NUMBER='(8)';
      OUTPUT_LOAD='(1.0,-1.0)';
    '2Y2':
      PIN_NUMBER='(9)';
      OUTPUT_LOAD='(1.0,-1.0)';
    '2Y4':
      PIN_NUMBER='(12)';
      OUTPUT_LOAD='(1.0,-1.0)';
    '2Y3':
      PIN_NUMBER='(11)';
      OUTPUT_LOAD='(1.0,-1.0)';
    '3Y1':
      PIN_NUMBER='(13)';
      OUTPUT_LOAD='(1.0,-1.0)';
    '3Y3':
      PIN_NUMBER='(16)';
      OUTPUT_LOAD='(1.0,-1.0)';
    '3Y2':
      PIN_NUMBER='(14)';
      OUTPUT_LOAD='(1.0,-1.0)';
    '3Y4':
      PIN_NUMBER='(17)';
      OUTPUT_LOAD='(1.0,-1.0)';
    '4Y1':
      PIN_NUMBER='(19)';
      OUTPUT_LOAD='(1.0,-1.0)';
    '4Y2':
      PIN_NUMBER='(20)';
      OUTPUT_LOAD='(1.0,-1.0)';
    '4Y4':
      PIN_NUMBER='(23)';
      OUTPUT_LOAD='(1.0,-1.0)';
    '4Y3':
      PIN_NUMBER='(22)';
      OUTPUT_LOAD='(1.0,-1.0)';
  end_pin;
  body
    PART_NAME='74LVC16244';
    BODY_NAME='74LVC16244';
    PHYS_DES_PREFIX='U';
    CLASS='IC';
  end_body;
end_primitive;

END.
