	(Comment
		(Time 12/20/23,15:14:09)
		(User Wanglei)
		(MsgId ECO_021)
		(Text "Package TPS7A54 added to cell")
		(Param1 "TPS7A54")
	)
	(Comment
		(Time 12/20/23,15:24:27)
		(User Wanglei)
		(MsgId ECO_081)
		(Text "Symbol sym_1 added to cell")
		(Param1 "sym_1")
	)
	(Comment
		(Time 12/20/23,15:32:12)
		(User Wanglei)
		(MsgId ECO_211)
		(Text "PTF file part.ptf added")
		(Param1 "part.ptf")
	)
	(Comment
		(Time 12/25/23,15:01:47)
		(User Wanglei)
		(MsgId ECO_082)
		(Text "Symbol sym_1 deleted from cell")
		(Param1 "sym_1")
	)
	(Comment
		(Time 12/25/23,15:01:51)
		(User Wanglei)
		(MsgId ECO_081)
		(Text "Symbol sym_1 added to cell")
		(Param1 "sym_1")
	)
