FILE_TYPE=LIBRARY_PARTS;
primitive '74F175';
  pin
    'Q'<0>:
      PIN_NUMBER='(15)';
      OUTPUT_LOAD='(1.0,-1.0)';
    'Q'<1>:
      PIN_NUMBER='(10)';
      OUTPUT_LOAD='(1.0,-1.0)';
    'Q'<2>:
      PIN_NUMBER='(7)';
      OUTPUT_LOAD='(1.0,-1.0)';
    'Q'<3>:
      PIN_NUMBER='(2)';
      OUTPUT_LOAD='(1.0,-1.0)';
    '-Q'<0>:
      PIN_NUMBER='(14)';
      OUTPUT_LOAD='(1.0,-1.0)';
    '-Q'<1>:
      PIN_NUMBER='(11)';
      OUTPUT_LOAD='(1.0,-1.0)';
    '-Q'<2>:
      PIN_NUMBER='(6)';
      OUTPUT_LOAD='(1.0,-1.0)';
    '-Q'<3>:
      PIN_NUMBER='(3)';
      OUTPUT_LOAD='(1.0,-1.0)';
    'D'<0>:
      PIN_NUMBER='(13)';
      INPUT_LOAD='(-0.01,0.01)';
    'D'<1>:
      PIN_NUMBER='(12)';
      INPUT_LOAD='(-0.01,0.01)';
    'D'<2>:
      PIN_NUMBER='(5)';
      INPUT_LOAD='(-0.01,0.01)';
    'D'<3>:
      PIN_NUMBER='(4)';
      INPUT_LOAD='(-0.01,0.01)';
    '-MR':
      PIN_NUMBER='(1)';
      INPUT_LOAD='(-0.01,0.01)';
    'CP':
      PIN_NUMBER='(9)';
      INPUT_LOAD='(-0.01,0.01)';
    'VCC':
      PIN_NUMBER='(16)';
      PINUSE='POWER';
      NO_LOAD_CHECK='Both';
      NO_IO_CHECK='Both';
      NO_ASSERT_CHECK='TRUE';
      NO_DIR_CHECK='TRUE';
      ALLOW_CONNECT='TRUE';
    'GND':
      PIN_NUMBER='(8)';
      PINUSE='GROUND';
      NO_LOAD_CHECK='Both';
      NO_IO_CHECK='Both';
      NO_ASSERT_CHECK='TRUE';
      NO_DIR_CHECK='TRUE';
      ALLOW_CONNECT='TRUE';
  end_pin;
  body
    PART_NUMBER='74F175';
    VENDOR='FAIRCHILD';
    PART_NAME='74F175';
    BODY_NAME='74F175SC';
    PHYS_DES_PREFIX='U';
    CLASS='IC';
  end_body;
end_primitive;

END.
