temp/xxnedtmp5/event.log NEWFILE1
temp/xxnedtmp5/text.log NEWFILE2
temp/xxnedtmp5/environ.log NEWFILE3
D:\Coding\Cadence\SPB_17.4\share\cdssetup/concept/concepthdl.scr FILE4
D:\Coding\Cadence\Project\POWAMP\cds.lib FILE5
D:\Coding\Cadence\Project\POWAMP\worklib\power_amplifier\sch_1\page1.csb FILE6
D:\Coding\Cadence\Project\POWAMP\worklib\power_amplifier\sch_1\page_map.lck NEWFILE7
D:\Coding\Cadence\Project\POWAMP\worklib\power_amplifier\sch_1\page1_csb.lck NEWFILE8
temp/xxnedtmp5/undo1.log NEWFILE9
D:\Coding\Cadence\SPB_17.4\share\library\standard\b#20size#20page\sym_1\symbol.css FILE10
D:\Coding\Cadence\Project\POWAMP\worklib\power_amplifier\sch_1\page1_csa.lck NEWFILE11
D:/Coding/Cadence/Project/POWAMP/worklib/power_amplifier/sch_1/power_amplifier.xcon FILE12
D:/Coding/Cadence/Project/POWAMP/worklib/power_amplifier/sch_1/power_amplifier.dcf FILE13
D:\Coding\Cadence\Project\POWAMP\worklib\power_amplifier\sch_1\page2.csb FILE14
D:\Coding\Cadence\Project\POWAMP\worklib\power_amplifier\sch_1\page2_csb.lck NEWFILE15
D:\Coding\Cadence\Project\POWAMP\My_lib\pages\pages\sym_1\symbol.css FILE16
D:\Coding\Cadence\Project\POWAMP\My_lib\inductor\blm21pg300sn1d\sym_1\symbol.css FILE17
D:\Coding\Cadence\Project\POWAMP\My_lib\capacitor\c3216x7r1c106kt000n\sym_1\symbol.css FILE18
D:\Coding\Cadence\Project\POWAMP\My_lib\capacitor\c\sym_1\symbol.css FILE19
D:\Coding\Cadence\Project\POWAMP\My_lib\resistor\r\sym_1\symbol.css FILE20
D:\Coding\Cadence\Project\POWAMP\My_lib\inductor\l0805\sym_1\symbol.css FILE21
D:\Coding\Cadence\Project\POWAMP\My_lib\ic\at24c64d#2dsshm#2dt\sym_1\symbol.css FILE22
D:\Coding\Cadence\Project\POWAMP\My_lib\ic\sa9227a\sym_1\symbol.css FILE23
D:/Coding/Cadence/SPB_17.4/tools/language/config.dat FILE24
temp/xxnedtmp5/concept.mkr NEWFILE25
D:/Coding/Cadence/SPB_17.4/tools/language/pack_type_rename.dat NEWFILE26
temp/xxnedtmp5/../c.mkr NEWFILE27
temp/xxnedtmp5/../blm21pg300sn1d.mkr NEWFILE28
temp/xxnedtmp5/../c3216x7r1c106kt000n.mkr NEWFILE29
temp/xxnedtmp5/../pages.mkr NEWFILE30
temp/xxnedtmp5/../r.mkr NEWFILE31
temp/xxnedtmp5/../l0805.mkr NEWFILE32
temp/xxnedtmp5/../at24c64d#2dsshm#2dt.mkr NEWFILE33
temp/xxnedtmp5/../sa9227a.mkr NEWFILE34
D:/Coding/Cadence/Project/POWAMP/worklib/power_amplifier/sch_1/power_amplifier_xcon.lck NEWFILE35
D:/Coding/Cadence/Project/POWAMP/worklib/power_amplifier/sch_1/power_amplifier_dcf.lck NEWFILE36
D:\Coding\Cadence\Project\POWAMP\worklib\power_amplifier\sch_1\page2.csa FILE37
D:\Coding\Cadence\Project\POWAMP\worklib\power_amplifier\sch_1\page2.csv FILE38
temp/xxnedtmp5/csnetlister.mkr NEWFILE39
D:\Coding\Cadence\Project\POWAMP\worklib\power_amplifier\sch_1\page2_csa.lck NEWFILE40
