FILE_TYPE=LIBRARY_PARTS;
primitive 'TVP5158PNPR';
  pin
    'VIN_1_P':
      PIN_NUMBER='(108,0,0,0,0,0)';
      INPUT_LOAD='(-0.01,0.01)';
    '-VIN_1':
      PIN_NUMBER='(109,0,0,0,0,0)';
      INPUT_LOAD='(-0.01,0.01)';
    'VIN_2_P':
      PIN_NUMBER='(112,0,0,0,0,0)';
      INPUT_LOAD='(-0.01,0.01)';
    '-VIN_2':
      PIN_NUMBER='(113,0,0,0,0,0)';
      INPUT_LOAD='(-0.01,0.01)';
    'VIN_3_P':
      PIN_NUMBER='(121,0,0,0,0,0)';
      INPUT_LOAD='(-0.01,0.01)';
    '-VIN_3':
      PIN_NUMBER='(122,0,0,0,0,0)';
      INPUT_LOAD='(-0.01,0.01)';
    'VIN_4_P':
      PIN_NUMBER='(125,0,0,0,0,0)';
      INPUT_LOAD='(-0.01,0.01)';
    '-VIN_4':
      PIN_NUMBER='(126,0,0,0,0,0)';
      INPUT_LOAD='(-0.01,0.01)';
    'AIN_1':
      PIN_NUMBER='(95,0,0,0,0,0)';
      INPUT_LOAD='(-0.01,0.01)';
    'AIN_2':
      PIN_NUMBER='(94,0,0,0,0,0)';
      INPUT_LOAD='(-0.01,0.01)';
    'AIN_3':
      PIN_NUMBER='(93,0,0,0,0,0)';
      INPUT_LOAD='(-0.01,0.01)';
    'AIN_4':
      PIN_NUMBER='(92,0,0,0,0,0)';
      INPUT_LOAD='(-0.01,0.01)';
    'XTAL_IN':
      PIN_NUMBER='(99,0,0,0,0,0)';
      INPUT_LOAD='(-0.01,0.01)';
    'XTAL_REF':
      PIN_NUMBER='(100,0,0,0,0,0)';
      PINUSE='POWER';
      NO_LOAD_CHECK='Both';
      NO_IO_CHECK='Both';
      NO_ASSERT_CHECK='TRUE';
      NO_DIR_CHECK='TRUE';
      ALLOW_CONNECT='TRUE';
    'XTAL_OUT':
      PIN_NUMBER='(101,0,0,0,0,0)';
      OUTPUT_LOAD='(1.0,-1.0)';
    'REXT_2K':
      PIN_NUMBER='(116,0,0,0,0,0)';
      INPUT_LOAD='(-0.01,0.01)';
    'OCLK_P':
      PIN_NUMBER='(0,51,0,0,0,0)';
      OUTPUT_LOAD='(1.0,-1.0)';
    'DVO_A_'<0>:
      PIN_NUMBER='(0,78,0,0,0,0)';
      OUTPUT_LOAD='(1.0,-1.0)';
    'DVO_A_'<1>:
      PIN_NUMBER='(0,77,0,0,0,0)';
      OUTPUT_LOAD='(1.0,-1.0)';
    'DVO_A_'<2>:
      PIN_NUMBER='(0,75,0,0,0,0)';
      OUTPUT_LOAD='(1.0,-1.0)';
    'DVO_A_'<3>:
      PIN_NUMBER='(0,74,0,0,0,0)';
      OUTPUT_LOAD='(1.0,-1.0)';
    'DVO_A_'<4>:
      PIN_NUMBER='(0,72,0,0,0,0)';
      OUTPUT_LOAD='(1.0,-1.0)';
    'DVO_A_'<5>:
      PIN_NUMBER='(0,71,0,0,0,0)';
      OUTPUT_LOAD='(1.0,-1.0)';
    'DVO_A_'<6>:
      PIN_NUMBER='(0,69,0,0,0,0)';
      OUTPUT_LOAD='(1.0,-1.0)';
    'DVO_A_'<7>:
      PIN_NUMBER='(0,68,0,0,0,0)';
      OUTPUT_LOAD='(1.0,-1.0)';
    'DVO_B_'<0>:
      PIN_NUMBER='(0,63,0,0,0,0)';
      OUTPUT_LOAD='(1.0,-1.0)';
    'DVO_B_'<1>:
      PIN_NUMBER='(0,62,0,0,0,0)';
      OUTPUT_LOAD='(1.0,-1.0)';
    'DVO_B_'<2>:
      PIN_NUMBER='(0,60,0,0,0,0)';
      OUTPUT_LOAD='(1.0,-1.0)';
    'DVO_B_'<3>:
      PIN_NUMBER='(0,59,0,0,0,0)';
      OUTPUT_LOAD='(1.0,-1.0)';
    'DVO_B_'<4>:
      PIN_NUMBER='(0,57,0,0,0,0)';
      OUTPUT_LOAD='(1.0,-1.0)';
    'DVO_B_'<5>:
      PIN_NUMBER='(0,56,0,0,0,0)';
      OUTPUT_LOAD='(1.0,-1.0)';
    'DVO_B_'<6>:
      PIN_NUMBER='(0,54,0,0,0,0)';
      OUTPUT_LOAD='(1.0,-1.0)';
    'DVO_B_'<7>:
      PIN_NUMBER='(0,53,0,0,0,0)';
      OUTPUT_LOAD='(1.0,-1.0)';
    'DVO_C_'<0>:
      PIN_NUMBER='(0,46,0,0,0,0)';
      BIDIRECTIONAL='TRUE';
      INPUT_LOAD='(-0.01,0.01)';
      OUTPUT_LOAD='(1.0,-1.0)';
    'DVO_C_'<1>:
      PIN_NUMBER='(0,45,0,0,0,0)';
      BIDIRECTIONAL='TRUE';
      INPUT_LOAD='(-0.01,0.01)';
      OUTPUT_LOAD='(1.0,-1.0)';
    'DVO_C_'<2>:
      PIN_NUMBER='(0,43,0,0,0,0)';
      BIDIRECTIONAL='TRUE';
      INPUT_LOAD='(-0.01,0.01)';
      OUTPUT_LOAD='(1.0,-1.0)';
    'DVO_C_'<3>:
      PIN_NUMBER='(0,42,0,0,0,0)';
      BIDIRECTIONAL='TRUE';
      INPUT_LOAD='(-0.01,0.01)';
      OUTPUT_LOAD='(1.0,-1.0)';
    'DVO_C_'<4>:
      PIN_NUMBER='(0,40,0,0,0,0)';
      BIDIRECTIONAL='TRUE';
      INPUT_LOAD='(-0.01,0.01)';
      OUTPUT_LOAD='(1.0,-1.0)';
    'DVO_C_'<5>:
      PIN_NUMBER='(0,39,0,0,0,0)';
      BIDIRECTIONAL='TRUE';
      INPUT_LOAD='(-0.01,0.01)';
      OUTPUT_LOAD='(1.0,-1.0)';
    'DVO_C_'<6>:
      PIN_NUMBER='(0,37,0,0,0,0)';
      BIDIRECTIONAL='TRUE';
      INPUT_LOAD='(-0.01,0.01)';
      OUTPUT_LOAD='(1.0,-1.0)';
    'DVO_C_'<7>:
      PIN_NUMBER='(0,36,0,0,0,0)';
      BIDIRECTIONAL='TRUE';
      INPUT_LOAD='(-0.01,0.01)';
      OUTPUT_LOAD='(1.0,-1.0)';
    'DVO_D_'<0>:
      PIN_NUMBER='(0,31,0,0,0,0)';
      BIDIRECTIONAL='TRUE';
      INPUT_LOAD='(-0.01,0.01)';
      OUTPUT_LOAD='(1.0,-1.0)';
    'DVO_D_'<1>:
      PIN_NUMBER='(0,30,0,0,0,0)';
      BIDIRECTIONAL='TRUE';
      INPUT_LOAD='(-0.01,0.01)';
      OUTPUT_LOAD='(1.0,-1.0)';
    'DVO_D_'<2>:
      PIN_NUMBER='(0,28,0,0,0,0)';
      BIDIRECTIONAL='TRUE';
      INPUT_LOAD='(-0.01,0.01)';
      OUTPUT_LOAD='(1.0,-1.0)';
    'DVO_D_'<3>:
      PIN_NUMBER='(0,27,0,0,0,0)';
      BIDIRECTIONAL='TRUE';
      INPUT_LOAD='(-0.01,0.01)';
      OUTPUT_LOAD='(1.0,-1.0)';
    'DVO_D_'<4>:
      PIN_NUMBER='(0,25,0,0,0,0)';
      BIDIRECTIONAL='TRUE';
      INPUT_LOAD='(-0.01,0.01)';
      OUTPUT_LOAD='(1.0,-1.0)';
    'DVO_D_'<5>:
      PIN_NUMBER='(0,24,0,0,0,0)';
      BIDIRECTIONAL='TRUE';
      INPUT_LOAD='(-0.01,0.01)';
      OUTPUT_LOAD='(1.0,-1.0)';
    'DVO_D_'<6>:
      PIN_NUMBER='(0,22,0,0,0,0)';
      BIDIRECTIONAL='TRUE';
      INPUT_LOAD='(-0.01,0.01)';
      OUTPUT_LOAD='(1.0,-1.0)';
    'DVO_D_'<7>:
      PIN_NUMBER='(0,21,0,0,0,0)';
      BIDIRECTIONAL='TRUE';
      INPUT_LOAD='(-0.01,0.01)';
      OUTPUT_LOAD='(1.0,-1.0)';
    'INTREQ':
      PIN_NUMBER='(0,0,2,0,0,0)';
      OUTPUT_LOAD='(1.0,-1.0)';
    'RESETB':
      PIN_NUMBER='(0,0,3,0,0,0)';
      INPUT_LOAD='(-0.01,0.01)';
    'SCL':
      PIN_NUMBER='(0,0,4,0,0,0)';
      BIDIRECTIONAL='TRUE';
      INPUT_LOAD='(-0.01,0.01)';
      OUTPUT_LOAD='(1.0,-1.0)';
    'SDA':
      PIN_NUMBER='(0,0,5,0,0,0)';
      BIDIRECTIONAL='TRUE';
      INPUT_LOAD='(-0.01,0.01)';
      OUTPUT_LOAD='(1.0,-1.0)';
    'OSC_OUT':
      PIN_NUMBER='(0,0,97,0,0,0)';
      OUTPUT_LOAD='(1.0,-1.0)';
    'OCLK_N/CLKIN':
      PIN_NUMBER='(0,0,50,0,0,0)';
      BIDIRECTIONAL='TRUE';
      INPUT_LOAD='(-0.01,0.01)';
      OUTPUT_LOAD='(1.0,-1.0)';
    'I2CA0':
      PIN_NUMBER='(0,0,80,0,0,0)';
      INPUT_LOAD='(-0.01,0.01)';
    'I2CA1':
      PIN_NUMBER='(0,0,66,0,0,0)';
      INPUT_LOAD='(-0.01,0.01)';
    'I2CA2':
      PIN_NUMBER='(0,0,48,0,0,0)';
      INPUT_LOAD='(-0.01,0.01)';
    'BCLK_R':
      PIN_NUMBER='(0,0,0,85,0,0)';
      BIDIRECTIONAL='TRUE';
      INPUT_LOAD='(-0.01,0.01)';
      OUTPUT_LOAD='(1.0,-1.0)';
    'LRCLK_R':
      PIN_NUMBER='(0,0,0,86,0,0)';
      BIDIRECTIONAL='TRUE';
      INPUT_LOAD='(-0.01,0.01)';
      OUTPUT_LOAD='(1.0,-1.0)';
    'SD_R':
      PIN_NUMBER='(0,0,0,88,0,0)';
      OUTPUT_LOAD='(1.0,-1.0)';
    'SD_M':
      PIN_NUMBER='(0,0,0,89,0,0)';
      OUTPUT_LOAD='(1.0,-1.0)';
    'SD_CO':
      PIN_NUMBER='(0,0,0,83,0,0)';
      OUTPUT_LOAD='(1.0,-1.0)';
    'LRCLK_CI':
      PIN_NUMBER='(0,0,0,16,0,0)';
      INPUT_LOAD='(-0.01,0.01)';
    'BCLK_CI':
      PIN_NUMBER='(0,0,0,17,0,0)';
      INPUT_LOAD='(-0.01,0.01)';
    'SD_CI':
      PIN_NUMBER='(0,0,0,19,0,0)';
      INPUT_LOAD='(-0.01,0.01)';
    'T1':
      PIN_NUMBER='(0,0,0,7,0,0)';
      PINUSE='NC';
      NO_LOAD_CHECK='Both';
      NO_IO_CHECK='Both';
      NO_ASSERT_CHECK='TRUE';
      NO_DIR_CHECK='TRUE';
      ALLOW_CONNECT='TRUE';
    'T2':
      PIN_NUMBER='(0,0,0,8,0,0)';
      PINUSE='NC';
      NO_LOAD_CHECK='Both';
      NO_IO_CHECK='Both';
      NO_ASSERT_CHECK='TRUE';
      NO_DIR_CHECK='TRUE';
      ALLOW_CONNECT='TRUE';
    'T3':
      PIN_NUMBER='(0,0,0,9,0,0)';
      PINUSE='NC';
      NO_LOAD_CHECK='Both';
      NO_IO_CHECK='Both';
      NO_ASSERT_CHECK='TRUE';
      NO_DIR_CHECK='TRUE';
      ALLOW_CONNECT='TRUE';
    'T4':
      PIN_NUMBER='(0,0,0,10,0,0)';
      PINUSE='NC';
      NO_LOAD_CHECK='Both';
      NO_IO_CHECK='Both';
      NO_ASSERT_CHECK='TRUE';
      NO_DIR_CHECK='TRUE';
      ALLOW_CONNECT='TRUE';
    'T5':
      PIN_NUMBER='(0,0,0,11,0,0)';
      PINUSE='NC';
      NO_LOAD_CHECK='Both';
      NO_IO_CHECK='Both';
      NO_ASSERT_CHECK='TRUE';
      NO_DIR_CHECK='TRUE';
      ALLOW_CONNECT='TRUE';
    'NC':
      PIN_NUMBER='(0,0,0,34,0,0)';
      PINUSE='NC';
      NO_LOAD_CHECK='Both';
      NO_IO_CHECK='Both';
      NO_ASSERT_CHECK='TRUE';
      NO_DIR_CHECK='TRUE';
      ALLOW_CONNECT='TRUE';
    'TAP':
      PIN_NUMBER='(0,0,0,0,129,0)';
      PINUSE='POWER';
      NO_LOAD_CHECK='Both';
      NO_IO_CHECK='Both';
      NO_ASSERT_CHECK='TRUE';
      NO_DIR_CHECK='TRUE';
      ALLOW_CONNECT='TRUE';
    'VDDA_1V1_1':
      PIN_NUMBER='(0,0,0,0,103,0)';
      PINUSE='POWER';
      NO_LOAD_CHECK='Both';
      NO_IO_CHECK='Both';
      NO_ASSERT_CHECK='TRUE';
      NO_DIR_CHECK='TRUE';
      ALLOW_CONNECT='TRUE';
    'VDDA_1V1_2':
      PIN_NUMBER='(0,0,0,0,106,0)';
      PINUSE='POWER';
      NO_LOAD_CHECK='Both';
      NO_IO_CHECK='Both';
      NO_ASSERT_CHECK='TRUE';
      NO_DIR_CHECK='TRUE';
      ALLOW_CONNECT='TRUE';
    'VDDA_1V1_3':
      PIN_NUMBER='(0,0,0,0,119,0)';
      PINUSE='POWER';
      NO_LOAD_CHECK='Both';
      NO_IO_CHECK='Both';
      NO_ASSERT_CHECK='TRUE';
      NO_DIR_CHECK='TRUE';
      ALLOW_CONNECT='TRUE';
    'VDDA_1V8_1':
      PIN_NUMBER='(0,0,0,0,91,0)';
      PINUSE='POWER';
      NO_LOAD_CHECK='Both';
      NO_IO_CHECK='Both';
      NO_ASSERT_CHECK='TRUE';
      NO_DIR_CHECK='TRUE';
      ALLOW_CONNECT='TRUE';
    'VDDA_1V8_2':
      PIN_NUMBER='(0,0,0,0,102,0)';
      PINUSE='POWER';
      NO_LOAD_CHECK='Both';
      NO_IO_CHECK='Both';
      NO_ASSERT_CHECK='TRUE';
      NO_DIR_CHECK='TRUE';
      ALLOW_CONNECT='TRUE';
    'VDDA_1V8_3':
      PIN_NUMBER='(0,0,0,0,107,0)';
      PINUSE='POWER';
      NO_LOAD_CHECK='Both';
      NO_IO_CHECK='Both';
      NO_ASSERT_CHECK='TRUE';
      NO_DIR_CHECK='TRUE';
      ALLOW_CONNECT='TRUE';
    'VDDA_1V8_4':
      PIN_NUMBER='(0,0,0,0,114,0)';
      PINUSE='POWER';
      NO_LOAD_CHECK='Both';
      NO_IO_CHECK='Both';
      NO_ASSERT_CHECK='TRUE';
      NO_DIR_CHECK='TRUE';
      ALLOW_CONNECT='TRUE';
    'VDDA_1V8_5':
      PIN_NUMBER='(0,0,0,0,115,0)';
      PINUSE='POWER';
      NO_LOAD_CHECK='Both';
      NO_IO_CHECK='Both';
      NO_ASSERT_CHECK='TRUE';
      NO_DIR_CHECK='TRUE';
      ALLOW_CONNECT='TRUE';
    'VDDA_1V8_6':
      PIN_NUMBER='(0,0,0,0,120,0)';
      PINUSE='POWER';
      NO_LOAD_CHECK='Both';
      NO_IO_CHECK='Both';
      NO_ASSERT_CHECK='TRUE';
      NO_DIR_CHECK='TRUE';
      ALLOW_CONNECT='TRUE';
    'VDDA_1V8_7':
      PIN_NUMBER='(0,0,0,0,127,0)';
      PINUSE='POWER';
      NO_LOAD_CHECK='Both';
      NO_IO_CHECK='Both';
      NO_ASSERT_CHECK='TRUE';
      NO_DIR_CHECK='TRUE';
      ALLOW_CONNECT='TRUE';
    'VDDA_3V3':
      PIN_NUMBER='(0,0,0,0,128,0)';
      PINUSE='POWER';
      NO_LOAD_CHECK='Both';
      NO_IO_CHECK='Both';
      NO_ASSERT_CHECK='TRUE';
      NO_DIR_CHECK='TRUE';
      ALLOW_CONNECT='TRUE';
    'VSSA_1':
      PIN_NUMBER='(0,0,0,0,96,0)';
      PINUSE='POWER';
      NO_LOAD_CHECK='Both';
      NO_IO_CHECK='Both';
      NO_ASSERT_CHECK='TRUE';
      NO_DIR_CHECK='TRUE';
      ALLOW_CONNECT='TRUE';
    'VSSA_2':
      PIN_NUMBER='(0,0,0,0,98,0)';
      PINUSE='POWER';
      NO_LOAD_CHECK='Both';
      NO_IO_CHECK='Both';
      NO_ASSERT_CHECK='TRUE';
      NO_DIR_CHECK='TRUE';
      ALLOW_CONNECT='TRUE';
    'VSSA_3':
      PIN_NUMBER='(0,0,0,0,104,0)';
      PINUSE='POWER';
      NO_LOAD_CHECK='Both';
      NO_IO_CHECK='Both';
      NO_ASSERT_CHECK='TRUE';
      NO_DIR_CHECK='TRUE';
      ALLOW_CONNECT='TRUE';
    'VSSA_4':
      PIN_NUMBER='(0,0,0,0,105,0)';
      PINUSE='POWER';
      NO_LOAD_CHECK='Both';
      NO_IO_CHECK='Both';
      NO_ASSERT_CHECK='TRUE';
      NO_DIR_CHECK='TRUE';
      ALLOW_CONNECT='TRUE';
    'VSSA_5':
      PIN_NUMBER='(0,0,0,0,110,0)';
      PINUSE='POWER';
      NO_LOAD_CHECK='Both';
      NO_IO_CHECK='Both';
      NO_ASSERT_CHECK='TRUE';
      NO_DIR_CHECK='TRUE';
      ALLOW_CONNECT='TRUE';
    'VSSA_6':
      PIN_NUMBER='(0,0,0,0,111,0)';
      PINUSE='POWER';
      NO_LOAD_CHECK='Both';
      NO_IO_CHECK='Both';
      NO_ASSERT_CHECK='TRUE';
      NO_DIR_CHECK='TRUE';
      ALLOW_CONNECT='TRUE';
    'VSSA_7':
      PIN_NUMBER='(0,0,0,0,117,0)';
      PINUSE='POWER';
      NO_LOAD_CHECK='Both';
      NO_IO_CHECK='Both';
      NO_ASSERT_CHECK='TRUE';
      NO_DIR_CHECK='TRUE';
      ALLOW_CONNECT='TRUE';
    'VSSA_8':
      PIN_NUMBER='(0,0,0,0,118,0)';
      PINUSE='POWER';
      NO_LOAD_CHECK='Both';
      NO_IO_CHECK='Both';
      NO_ASSERT_CHECK='TRUE';
      NO_DIR_CHECK='TRUE';
      ALLOW_CONNECT='TRUE';
    'VSSA_9':
      PIN_NUMBER='(0,0,0,0,123,0)';
      PINUSE='POWER';
      NO_LOAD_CHECK='Both';
      NO_IO_CHECK='Both';
      NO_ASSERT_CHECK='TRUE';
      NO_DIR_CHECK='TRUE';
      ALLOW_CONNECT='TRUE';
    'VSSA_10':
      PIN_NUMBER='(0,0,0,0,124,0)';
      PINUSE='POWER';
      NO_LOAD_CHECK='Both';
      NO_IO_CHECK='Both';
      NO_ASSERT_CHECK='TRUE';
      NO_DIR_CHECK='TRUE';
      ALLOW_CONNECT='TRUE';
    'VDD_1V1_1':
      PIN_NUMBER='(0,0,0,0,0,13)';
      PINUSE='POWER';
      NO_LOAD_CHECK='Both';
      NO_IO_CHECK='Both';
      NO_ASSERT_CHECK='TRUE';
      NO_DIR_CHECK='TRUE';
      ALLOW_CONNECT='TRUE';
    'VDD_1V1_2':
      PIN_NUMBER='(0,0,0,0,0,18)';
      PINUSE='POWER';
      NO_LOAD_CHECK='Both';
      NO_IO_CHECK='Both';
      NO_ASSERT_CHECK='TRUE';
      NO_DIR_CHECK='TRUE';
      ALLOW_CONNECT='TRUE';
    'VDD_1V1_3':
      PIN_NUMBER='(0,0,0,0,0,23)';
      PINUSE='POWER';
      NO_LOAD_CHECK='Both';
      NO_IO_CHECK='Both';
      NO_ASSERT_CHECK='TRUE';
      NO_DIR_CHECK='TRUE';
      ALLOW_CONNECT='TRUE';
    'VDD_1V1_4':
      PIN_NUMBER='(0,0,0,0,0,32)';
      PINUSE='POWER';
      NO_LOAD_CHECK='Both';
      NO_IO_CHECK='Both';
      NO_ASSERT_CHECK='TRUE';
      NO_DIR_CHECK='TRUE';
      ALLOW_CONNECT='TRUE';
    'VDD_1V1_5':
      PIN_NUMBER='(0,0,0,0,0,35)';
      PINUSE='POWER';
      NO_LOAD_CHECK='Both';
      NO_IO_CHECK='Both';
      NO_ASSERT_CHECK='TRUE';
      NO_DIR_CHECK='TRUE';
      ALLOW_CONNECT='TRUE';
    'VDD_1V1_6':
      PIN_NUMBER='(0,0,0,0,0,44)';
      PINUSE='POWER';
      NO_LOAD_CHECK='Both';
      NO_IO_CHECK='Both';
      NO_ASSERT_CHECK='TRUE';
      NO_DIR_CHECK='TRUE';
      ALLOW_CONNECT='TRUE';
    'VDD_1V1_7':
      PIN_NUMBER='(0,0,0,0,0,52)';
      PINUSE='POWER';
      NO_LOAD_CHECK='Both';
      NO_IO_CHECK='Both';
      NO_ASSERT_CHECK='TRUE';
      NO_DIR_CHECK='TRUE';
      ALLOW_CONNECT='TRUE';
    'VDD_1V1_8':
      PIN_NUMBER='(0,0,0,0,0,64)';
      PINUSE='POWER';
      NO_LOAD_CHECK='Both';
      NO_IO_CHECK='Both';
      NO_ASSERT_CHECK='TRUE';
      NO_DIR_CHECK='TRUE';
      ALLOW_CONNECT='TRUE';
    'VDD_1V1_9':
      PIN_NUMBER='(0,0,0,0,0,67)';
      PINUSE='POWER';
      NO_LOAD_CHECK='Both';
      NO_IO_CHECK='Both';
      NO_ASSERT_CHECK='TRUE';
      NO_DIR_CHECK='TRUE';
      ALLOW_CONNECT='TRUE';
    'VDD_1V1_10':
      PIN_NUMBER='(0,0,0,0,0,76)';
      PINUSE='POWER';
      NO_LOAD_CHECK='Both';
      NO_IO_CHECK='Both';
      NO_ASSERT_CHECK='TRUE';
      NO_DIR_CHECK='TRUE';
      ALLOW_CONNECT='TRUE';
    'VDD_1V1_11':
      PIN_NUMBER='(0,0,0,0,0,84)';
      PINUSE='POWER';
      NO_LOAD_CHECK='Both';
      NO_IO_CHECK='Both';
      NO_ASSERT_CHECK='TRUE';
      NO_DIR_CHECK='TRUE';
      ALLOW_CONNECT='TRUE';
    'VDD_3V3_1'<1>:
      PIN_NUMBER='(0,0,0,0,0,15)';
      PINUSE='POWER';
      NO_LOAD_CHECK='Both';
      NO_IO_CHECK='Both';
      NO_ASSERT_CHECK='TRUE';
      NO_DIR_CHECK='TRUE';
      ALLOW_CONNECT='TRUE';
    'VDD_3V3_1'<2>:
      PIN_NUMBER='(0,0,0,0,0,29)';
      PINUSE='POWER';
      NO_LOAD_CHECK='Both';
      NO_IO_CHECK='Both';
      NO_ASSERT_CHECK='TRUE';
      NO_DIR_CHECK='TRUE';
      ALLOW_CONNECT='TRUE';
    'VDD_3V3_1'<3>:
      PIN_NUMBER='(0,0,0,0,0,41)';
      PINUSE='POWER';
      NO_LOAD_CHECK='Both';
      NO_IO_CHECK='Both';
      NO_ASSERT_CHECK='TRUE';
      NO_DIR_CHECK='TRUE';
      ALLOW_CONNECT='TRUE';
    'VDD_3V3_1'<4>:
      PIN_NUMBER='(0,0,0,0,0,58)';
      PINUSE='POWER';
      NO_LOAD_CHECK='Both';
      NO_IO_CHECK='Both';
      NO_ASSERT_CHECK='TRUE';
      NO_DIR_CHECK='TRUE';
      ALLOW_CONNECT='TRUE';
    'VDD_3V3_1'<5>:
      PIN_NUMBER='(0,0,0,0,0,70)';
      PINUSE='POWER';
      NO_LOAD_CHECK='Both';
      NO_IO_CHECK='Both';
      NO_ASSERT_CHECK='TRUE';
      NO_DIR_CHECK='TRUE';
      ALLOW_CONNECT='TRUE';
    'VDD_3V3_1'<6>:
      PIN_NUMBER='(0,0,0,0,0,81)';
      PINUSE='POWER';
      NO_LOAD_CHECK='Both';
      NO_IO_CHECK='Both';
      NO_ASSERT_CHECK='TRUE';
      NO_DIR_CHECK='TRUE';
      ALLOW_CONNECT='TRUE';
    'VSS_1':
      PIN_NUMBER='(0,0,0,0,0,1)';
      PINUSE='POWER';
      NO_LOAD_CHECK='Both';
      NO_IO_CHECK='Both';
      NO_ASSERT_CHECK='TRUE';
      NO_DIR_CHECK='TRUE';
      ALLOW_CONNECT='TRUE';
    'VSS_2':
      PIN_NUMBER='(0,0,0,0,0,6)';
      PINUSE='POWER';
      NO_LOAD_CHECK='Both';
      NO_IO_CHECK='Both';
      NO_ASSERT_CHECK='TRUE';
      NO_DIR_CHECK='TRUE';
      ALLOW_CONNECT='TRUE';
    'VSS_3':
      PIN_NUMBER='(0,0,0,0,0,12)';
      PINUSE='POWER';
      NO_LOAD_CHECK='Both';
      NO_IO_CHECK='Both';
      NO_ASSERT_CHECK='TRUE';
      NO_DIR_CHECK='TRUE';
      ALLOW_CONNECT='TRUE';
    'VSS_4':
      PIN_NUMBER='(0,0,0,0,0,14)';
      PINUSE='POWER';
      NO_LOAD_CHECK='Both';
      NO_IO_CHECK='Both';
      NO_ASSERT_CHECK='TRUE';
      NO_DIR_CHECK='TRUE';
      ALLOW_CONNECT='TRUE';
    'VSS_5':
      PIN_NUMBER='(0,0,0,0,0,20)';
      PINUSE='POWER';
      NO_LOAD_CHECK='Both';
      NO_IO_CHECK='Both';
      NO_ASSERT_CHECK='TRUE';
      NO_DIR_CHECK='TRUE';
      ALLOW_CONNECT='TRUE';
    'VSS_6':
      PIN_NUMBER='(0,0,0,0,0,26)';
      PINUSE='POWER';
      NO_LOAD_CHECK='Both';
      NO_IO_CHECK='Both';
      NO_ASSERT_CHECK='TRUE';
      NO_DIR_CHECK='TRUE';
      ALLOW_CONNECT='TRUE';
    'VSS_7':
      PIN_NUMBER='(0,0,0,0,0,33)';
      PINUSE='POWER';
      NO_LOAD_CHECK='Both';
      NO_IO_CHECK='Both';
      NO_ASSERT_CHECK='TRUE';
      NO_DIR_CHECK='TRUE';
      ALLOW_CONNECT='TRUE';
    'VSS_8':
      PIN_NUMBER='(0,0,0,0,0,38)';
      PINUSE='POWER';
      NO_LOAD_CHECK='Both';
      NO_IO_CHECK='Both';
      NO_ASSERT_CHECK='TRUE';
      NO_DIR_CHECK='TRUE';
      ALLOW_CONNECT='TRUE';
    'VSS_9':
      PIN_NUMBER='(0,0,0,0,0,47)';
      PINUSE='POWER';
      NO_LOAD_CHECK='Both';
      NO_IO_CHECK='Both';
      NO_ASSERT_CHECK='TRUE';
      NO_DIR_CHECK='TRUE';
      ALLOW_CONNECT='TRUE';
    'VSS_10':
      PIN_NUMBER='(0,0,0,0,0,49)';
      PINUSE='POWER';
      NO_LOAD_CHECK='Both';
      NO_IO_CHECK='Both';
      NO_ASSERT_CHECK='TRUE';
      NO_DIR_CHECK='TRUE';
      ALLOW_CONNECT='TRUE';
    'VSS_11':
      PIN_NUMBER='(0,0,0,0,0,55)';
      PINUSE='POWER';
      NO_LOAD_CHECK='Both';
      NO_IO_CHECK='Both';
      NO_ASSERT_CHECK='TRUE';
      NO_DIR_CHECK='TRUE';
      ALLOW_CONNECT='TRUE';
    'VSS_12':
      PIN_NUMBER='(0,0,0,0,0,61)';
      PINUSE='POWER';
      NO_LOAD_CHECK='Both';
      NO_IO_CHECK='Both';
      NO_ASSERT_CHECK='TRUE';
      NO_DIR_CHECK='TRUE';
      ALLOW_CONNECT='TRUE';
    'VSS_13':
      PIN_NUMBER='(0,0,0,0,0,65)';
      PINUSE='POWER';
      NO_LOAD_CHECK='Both';
      NO_IO_CHECK='Both';
      NO_ASSERT_CHECK='TRUE';
      NO_DIR_CHECK='TRUE';
      ALLOW_CONNECT='TRUE';
    'VSS_14':
      PIN_NUMBER='(0,0,0,0,0,73)';
      PINUSE='POWER';
      NO_LOAD_CHECK='Both';
      NO_IO_CHECK='Both';
      NO_ASSERT_CHECK='TRUE';
      NO_DIR_CHECK='TRUE';
      ALLOW_CONNECT='TRUE';
    'VSS_15':
      PIN_NUMBER='(0,0,0,0,0,79)';
      PINUSE='POWER';
      NO_LOAD_CHECK='Both';
      NO_IO_CHECK='Both';
      NO_ASSERT_CHECK='TRUE';
      NO_DIR_CHECK='TRUE';
      ALLOW_CONNECT='TRUE';
    'VSS_16':
      PIN_NUMBER='(0,0,0,0,0,82)';
      PINUSE='POWER';
      NO_LOAD_CHECK='Both';
      NO_IO_CHECK='Both';
      NO_ASSERT_CHECK='TRUE';
      NO_DIR_CHECK='TRUE';
      ALLOW_CONNECT='TRUE';
    'VSS_17':
      PIN_NUMBER='(0,0,0,0,0,87)';
      PINUSE='POWER';
      NO_LOAD_CHECK='Both';
      NO_IO_CHECK='Both';
      NO_ASSERT_CHECK='TRUE';
      NO_DIR_CHECK='TRUE';
      ALLOW_CONNECT='TRUE';
    'VSS_18':
      PIN_NUMBER='(0,0,0,0,0,90)';
      PINUSE='POWER';
      NO_LOAD_CHECK='Both';
      NO_IO_CHECK='Both';
      NO_ASSERT_CHECK='TRUE';
      NO_DIR_CHECK='TRUE';
      ALLOW_CONNECT='TRUE';
  end_pin;
  body
    BODY_NAME='TVP5158PNPR';
    PART_NAME='TVP5158PNPR';
    PHYS_DES_PREFIX='U';
    CLASS='IC';
  end_body;
end_primitive;

END.
