
	(Comment
		(Time 09/05/16,21:16:12)
		(User Administrator)
		(MsgId ECO_081)
		(Text "Symbol sym_1 added to cell")
		(Param1 sym_1)
	)
	(Comment
		(Time 09/05/16,21:21:47)
		(User Administrator)
		(MsgId ECO_021)
		(Text "Package MAX3051 added to cell")
		(Param1 MAX3051)
	)
	(Comment
		(Time 09/05/16,21:23:02)
		(User Administrator)
		(MsgId ECO_022)
		(Text "Package MAX3051 deleted from cell")
		(Param1 MAX3051)
	)
	(Comment
		(Time 09/05/16,21:23:07)
		(User Administrator)
		(MsgId ECO_021)
		(Text "Package MAX3051 added to cell")
		(Param1 MAX3051)
	)
	(Comment
		(Time 09/05/16,21:25:22)
		(User Administrator)
		(MsgId ECO_211)
		(Text "PTF file part.ptf added")
		(Param1 part.ptf)
	)
