FILE_TYPE=LIBRARY_PARTS;
primitive '74LVC244';
  pin
    '-1OE':
      PIN_NUMBER='(1)';
      INPUT_LOAD='(-0.01,0.01)';
    '1A1':
      PIN_NUMBER='(2)';
      INPUT_LOAD='(-0.01,0.01)';
    '2Y4':
      PIN_NUMBER='(3)';
      OUTPUT_LOAD='(1.0,-1.0)';
    '1A2':
      PIN_NUMBER='(4)';
      INPUT_LOAD='(-0.01,0.01)';
    '2Y3':
      PIN_NUMBER='(5)';
      OUTPUT_LOAD='(1.0,-1.0)';
    '1A3':
      PIN_NUMBER='(6)';
      INPUT_LOAD='(-0.01,0.01)';
    '2Y2':
      PIN_NUMBER='(7)';
      OUTPUT_LOAD='(1.0,-1.0)';
    '1A4':
      PIN_NUMBER='(8)';
      INPUT_LOAD='(-0.01,0.01)';
    '2Y1':
      PIN_NUMBER='(9)';
      OUTPUT_LOAD='(1.0,-1.0)';
    'GND':
      PIN_NUMBER='(10)';
      OUTPUT_LOAD='(1.0,-1.0)';
    '2A1':
      PIN_NUMBER='(11)';
      INPUT_LOAD='(-0.01,0.01)';
    '1Y4':
      PIN_NUMBER='(12)';
      OUTPUT_LOAD='(1.0,-1.0)';
    '2A2':
      PIN_NUMBER='(13)';
      INPUT_LOAD='(-0.01,0.01)';
    '1Y3':
      PIN_NUMBER='(14)';
      OUTPUT_LOAD='(1.0,-1.0)';
    '2A3':
      PIN_NUMBER='(15)';
      INPUT_LOAD='(-0.01,0.01)';
    '1Y2':
      PIN_NUMBER='(16)';
      OUTPUT_LOAD='(1.0,-1.0)';
    '2A4':
      PIN_NUMBER='(17)';
      INPUT_LOAD='(-0.01,0.01)';
    '1Y1':
      PIN_NUMBER='(18)';
      OUTPUT_LOAD='(1.0,-1.0)';
    '-2OE':
      PIN_NUMBER='(19)';
      INPUT_LOAD='(-0.01,0.01)';
    'VCC':
      PIN_NUMBER='(20)';
      OUTPUT_LOAD='(1.0,-1.0)';
  end_pin;
  body
    PART_NAME='74LVC244';
    BODY_NAME='74LVC244';
    PHYS_DES_PREFIX='U';
    CLASS='IC';
  end_body;
end_primitive;

END.
