FILE_TYPE=LIBRARY_PARTS;
primitive 'OMAP138';
  pin
    'USB0_ID':
      PIN_NUMBER='(33,0)';
      BIDIRECTIONAL='TRUE';
      INPUT_LOAD='(-0.01,0.01)';
      OUTPUT_LOAD='(1.0,-1.0)';
    'LEDR-':
      PIN_NUMBER='(34,0)';
      BIDIRECTIONAL='TRUE';
      INPUT_LOAD='(-0.01,0.01)';
      OUTPUT_LOAD='(1.0,-1.0)';
    'USB0_DRVBUS':
      PIN_NUMBER='(35,0)';
      BIDIRECTIONAL='TRUE';
      INPUT_LOAD='(-0.01,0.01)';
      OUTPUT_LOAD='(1.0,-1.0)';
    'LEDL-':
      PIN_NUMBER='(36,0)';
      BIDIRECTIONAL='TRUE';
      INPUT_LOAD='(-0.01,0.01)';
      OUTPUT_LOAD='(1.0,-1.0)';
    'VPIF_D0':
      PIN_NUMBER='(47,0)';
      BIDIRECTIONAL='TRUE';
      INPUT_LOAD='(-0.01,0.01)';
      OUTPUT_LOAD='(1.0,-1.0)';
    'VPIF_D1':
      PIN_NUMBER='(48,0)';
      BIDIRECTIONAL='TRUE';
      INPUT_LOAD='(-0.01,0.01)';
      OUTPUT_LOAD='(1.0,-1.0)';
    'VPIF_D2':
      PIN_NUMBER='(49,0)';
      BIDIRECTIONAL='TRUE';
      INPUT_LOAD='(-0.01,0.01)';
      OUTPUT_LOAD='(1.0,-1.0)';
    'VPIF_D3':
      PIN_NUMBER='(50,0)';
      BIDIRECTIONAL='TRUE';
      INPUT_LOAD='(-0.01,0.01)';
      OUTPUT_LOAD='(1.0,-1.0)';
    'VPIF_D4':
      PIN_NUMBER='(51,0)';
      BIDIRECTIONAL='TRUE';
      INPUT_LOAD='(-0.01,0.01)';
      OUTPUT_LOAD='(1.0,-1.0)';
    'VPIF_D5':
      PIN_NUMBER='(52,0)';
      BIDIRECTIONAL='TRUE';
      INPUT_LOAD='(-0.01,0.01)';
      OUTPUT_LOAD='(1.0,-1.0)';
    'VPIF_D6':
      PIN_NUMBER='(53,0)';
      BIDIRECTIONAL='TRUE';
      INPUT_LOAD='(-0.01,0.01)';
      OUTPUT_LOAD='(1.0,-1.0)';
    'VPIF_D7':
      PIN_NUMBER='(54,0)';
      BIDIRECTIONAL='TRUE';
      INPUT_LOAD='(-0.01,0.01)';
      OUTPUT_LOAD='(1.0,-1.0)';
    'VPIF_D8':
      PIN_NUMBER='(55,0)';
      BIDIRECTIONAL='TRUE';
      INPUT_LOAD='(-0.01,0.01)';
      OUTPUT_LOAD='(1.0,-1.0)';
    'VPIF_D9':
      PIN_NUMBER='(56,0)';
      BIDIRECTIONAL='TRUE';
      INPUT_LOAD='(-0.01,0.01)';
      OUTPUT_LOAD='(1.0,-1.0)';
    'VPIF_D10':
      PIN_NUMBER='(57,0)';
      BIDIRECTIONAL='TRUE';
      INPUT_LOAD='(-0.01,0.01)';
      OUTPUT_LOAD='(1.0,-1.0)';
    'VPIF_D11':
      PIN_NUMBER='(58,0)';
      BIDIRECTIONAL='TRUE';
      INPUT_LOAD='(-0.01,0.01)';
      OUTPUT_LOAD='(1.0,-1.0)';
    'VPIF_D12':
      PIN_NUMBER='(59,0)';
      BIDIRECTIONAL='TRUE';
      INPUT_LOAD='(-0.01,0.01)';
      OUTPUT_LOAD='(1.0,-1.0)';
    'VPIF_D13':
      PIN_NUMBER='(60,0)';
      BIDIRECTIONAL='TRUE';
      INPUT_LOAD='(-0.01,0.01)';
      OUTPUT_LOAD='(1.0,-1.0)';
    'VPIF_D14':
      PIN_NUMBER='(61,0)';
      BIDIRECTIONAL='TRUE';
      INPUT_LOAD='(-0.01,0.01)';
      OUTPUT_LOAD='(1.0,-1.0)';
    'VPIF_D15':
      PIN_NUMBER='(62,0)';
      BIDIRECTIONAL='TRUE';
      INPUT_LOAD='(-0.01,0.01)';
      OUTPUT_LOAD='(1.0,-1.0)';
    'I2C0_SDA':
      PIN_NUMBER='(67,0)';
      BIDIRECTIONAL='TRUE';
      INPUT_LOAD='(-0.01,0.01)';
      OUTPUT_LOAD='(1.0,-1.0)';
    '-RESETOUT':
      PIN_NUMBER='(15,0)';
      INPUT_LOAD='(-0.01,0.01)';
    '-RST':
      PIN_NUMBER='(16,0)';
      INPUT_LOAD='(-0.01,0.01)';
    '-NMI':
      PIN_NUMBER='(17,0)';
      INPUT_LOAD='(-0.01,0.01)';
    'USB0_DP':
      PIN_NUMBER='(21,0)';
      INPUT_LOAD='(-0.01,0.01)';
    'RX+':
      PIN_NUMBER='(22,0)';
      INPUT_LOAD='(-0.01,0.01)';
    'USB0_DM':
      PIN_NUMBER='(23,0)';
      INPUT_LOAD='(-0.01,0.01)';
    'RX-':
      PIN_NUMBER='(24,0)';
      INPUT_LOAD='(-0.01,0.01)';
    'USB1_DP':
      PIN_NUMBER='(27,0)';
      INPUT_LOAD='(-0.01,0.01)';
    'USB1_DM':
      PIN_NUMBER='(29,0)';
      INPUT_LOAD='(-0.01,0.01)';
    'VPIF_CLKIN0':
      PIN_NUMBER='(41,0)';
      INPUT_LOAD='(-0.01,0.01)';
    'UPP_CH1_ENABLE':
      PIN_NUMBER='(42,0)';
      INPUT_LOAD='(-0.01,0.01)';
    'UPP_CH1_START':
      PIN_NUMBER='(43,0)';
      INPUT_LOAD='(-0.01,0.01)';
    'UPP_CH1_CLK':
      PIN_NUMBER='(44,0)';
      INPUT_LOAD='(-0.01,0.01)';
    'VPIF_CLKIN1':
      PIN_NUMBER='(45,0)';
      INPUT_LOAD='(-0.01,0.01)';
    'UPP_CH1_WAIT':
      PIN_NUMBER='(46,0)';
      INPUT_LOAD='(-0.01,0.01)';
    'UART1_RXD':
      PIN_NUMBER='(65,0)';
      INPUT_LOAD='(-0.01,0.01)';
    'UART2_RXD':
      PIN_NUMBER='(66,0)';
      INPUT_LOAD='(-0.01,0.01)';
    'I2C0_SCL':
      PIN_NUMBER='(68,0)';
      INPUT_LOAD='(-0.01,0.01)';
    'SPI1_CLK':
      PIN_NUMBER='(69,0)';
      INPUT_LOAD='(-0.01,0.01)';
    'SPI1_SOMI':
      PIN_NUMBER='(70,0)';
      INPUT_LOAD='(-0.01,0.01)';
    '-SPI1_SCS1':
      PIN_NUMBER='(71,0)';
      INPUT_LOAD='(-0.01,0.01)';
    '-SPI1_SCS0':
      PIN_NUMBER='(73,0)';
      INPUT_LOAD='(-0.01,0.01)';
    'SPI1_ENA':
      PIN_NUMBER='(74,0)';
      INPUT_LOAD='(-0.01,0.01)';
    'TX+':
      PIN_NUMBER='(28,0)';
      OUTPUT_LOAD='(1.0,-1.0)';
    'TX-':
      PIN_NUMBER='(30,0)';
      OUTPUT_LOAD='(1.0,-1.0)';
    'UART1_TXD':
      PIN_NUMBER='(63,0)';
      OUTPUT_LOAD='(1.0,-1.0)';
    'UART2_TXD':
      PIN_NUMBER='(64,0)';
      OUTPUT_LOAD='(1.0,-1.0)';
    'SPI1_SIMO':
      PIN_NUMBER='(72,0)';
      OUTPUT_LOAD='(1.0,-1.0)';
    '5V'<1>:
      PIN_NUMBER='(1,0)';
      PINUSE='POWER';
      NO_LOAD_CHECK='Both';
      NO_IO_CHECK='Both';
      NO_ASSERT_CHECK='TRUE';
      NO_DIR_CHECK='TRUE';
      ALLOW_CONNECT='TRUE';
    '5V'<2>:
      PIN_NUMBER='(2,0)';
      PINUSE='POWER';
      NO_LOAD_CHECK='Both';
      NO_IO_CHECK='Both';
      NO_ASSERT_CHECK='TRUE';
      NO_DIR_CHECK='TRUE';
      ALLOW_CONNECT='TRUE';
    '5V'<3>:
      PIN_NUMBER='(3,0)';
      PINUSE='POWER';
      NO_LOAD_CHECK='Both';
      NO_IO_CHECK='Both';
      NO_ASSERT_CHECK='TRUE';
      NO_DIR_CHECK='TRUE';
      ALLOW_CONNECT='TRUE';
    '5V'<4>:
      PIN_NUMBER='(4,0)';
      PINUSE='POWER';
      NO_LOAD_CHECK='Both';
      NO_IO_CHECK='Both';
      NO_ASSERT_CHECK='TRUE';
      NO_DIR_CHECK='TRUE';
      ALLOW_CONNECT='TRUE';
    '5V'<5>:
      PIN_NUMBER='(5,0)';
      PINUSE='POWER';
      NO_LOAD_CHECK='Both';
      NO_IO_CHECK='Both';
      NO_ASSERT_CHECK='TRUE';
      NO_DIR_CHECK='TRUE';
      ALLOW_CONNECT='TRUE';
    '5V'<6>:
      PIN_NUMBER='(6,0)';
      PINUSE='POWER';
      NO_LOAD_CHECK='Both';
      NO_IO_CHECK='Both';
      NO_ASSERT_CHECK='TRUE';
      NO_DIR_CHECK='TRUE';
      ALLOW_CONNECT='TRUE';
    'VBAT'<1>:
      PIN_NUMBER='(13,0)';
      PINUSE='POWER';
      NO_LOAD_CHECK='Both';
      NO_IO_CHECK='Both';
      NO_ASSERT_CHECK='TRUE';
      NO_DIR_CHECK='TRUE';
      ALLOW_CONNECT='TRUE';
    'VBAT'<2>:
      PIN_NUMBER='(14,0)';
      PINUSE='POWER';
      NO_LOAD_CHECK='Both';
      NO_IO_CHECK='Both';
      NO_ASSERT_CHECK='TRUE';
      NO_DIR_CHECK='TRUE';
      ALLOW_CONNECT='TRUE';
    'USB0_VBUS':
      PIN_NUMBER='(37,0)';
      PINUSE='POWER';
      NO_LOAD_CHECK='Both';
      NO_IO_CHECK='Both';
      NO_ASSERT_CHECK='TRUE';
      NO_DIR_CHECK='TRUE';
      ALLOW_CONNECT='TRUE';
    'GND'<1>:
      PIN_NUMBER='(7,133)';
      PINUSE='GROUND';
      NO_LOAD_CHECK='Both';
      NO_IO_CHECK='Both';
      NO_ASSERT_CHECK='TRUE';
      NO_DIR_CHECK='TRUE';
      ALLOW_CONNECT='TRUE';
    'GND'<2>:
      PIN_NUMBER='(8,136)';
      PINUSE='GROUND';
      NO_LOAD_CHECK='Both';
      NO_IO_CHECK='Both';
      NO_ASSERT_CHECK='TRUE';
      NO_DIR_CHECK='TRUE';
      ALLOW_CONNECT='TRUE';
    'GND'<3>:
      PIN_NUMBER='(9,143)';
      PINUSE='GROUND';
      NO_LOAD_CHECK='Both';
      NO_IO_CHECK='Both';
      NO_ASSERT_CHECK='TRUE';
      NO_DIR_CHECK='TRUE';
      ALLOW_CONNECT='TRUE';
    'GND'<4>:
      PIN_NUMBER='(10,144)';
      PINUSE='GROUND';
      NO_LOAD_CHECK='Both';
      NO_IO_CHECK='Both';
      NO_ASSERT_CHECK='TRUE';
      NO_DIR_CHECK='TRUE';
      ALLOW_CONNECT='TRUE';
    'GND'<5>:
      PIN_NUMBER='(11,149)';
      PINUSE='GROUND';
      NO_LOAD_CHECK='Both';
      NO_IO_CHECK='Both';
      NO_ASSERT_CHECK='TRUE';
      NO_DIR_CHECK='TRUE';
      ALLOW_CONNECT='TRUE';
    'GND'<6>:
      PIN_NUMBER='(12,150)';
      PINUSE='GROUND';
      NO_LOAD_CHECK='Both';
      NO_IO_CHECK='Both';
      NO_ASSERT_CHECK='TRUE';
      NO_DIR_CHECK='TRUE';
      ALLOW_CONNECT='TRUE';
    'GND'<7>:
      PIN_NUMBER='(18,156)';
      PINUSE='GROUND';
      NO_LOAD_CHECK='Both';
      NO_IO_CHECK='Both';
      NO_ASSERT_CHECK='TRUE';
      NO_DIR_CHECK='TRUE';
      ALLOW_CONNECT='TRUE';
    'GND'<8>:
      PIN_NUMBER='(19,165)';
      PINUSE='GROUND';
      NO_LOAD_CHECK='Both';
      NO_IO_CHECK='Both';
      NO_ASSERT_CHECK='TRUE';
      NO_DIR_CHECK='TRUE';
      ALLOW_CONNECT='TRUE';
    'GND'<9>:
      PIN_NUMBER='(20,166)';
      PINUSE='GROUND';
      NO_LOAD_CHECK='Both';
      NO_IO_CHECK='Both';
      NO_ASSERT_CHECK='TRUE';
      NO_DIR_CHECK='TRUE';
      ALLOW_CONNECT='TRUE';
    'GND'<10>:
      PIN_NUMBER='(25,171)';
      PINUSE='GROUND';
      NO_LOAD_CHECK='Both';
      NO_IO_CHECK='Both';
      NO_ASSERT_CHECK='TRUE';
      NO_DIR_CHECK='TRUE';
      ALLOW_CONNECT='TRUE';
    'GND'<11>:
      PIN_NUMBER='(26,172)';
      PINUSE='GROUND';
      NO_LOAD_CHECK='Both';
      NO_IO_CHECK='Both';
      NO_ASSERT_CHECK='TRUE';
      NO_DIR_CHECK='TRUE';
      ALLOW_CONNECT='TRUE';
    'GND'<12>:
      PIN_NUMBER='(31,194)';
      PINUSE='GROUND';
      NO_LOAD_CHECK='Both';
      NO_IO_CHECK='Both';
      NO_ASSERT_CHECK='TRUE';
      NO_DIR_CHECK='TRUE';
      ALLOW_CONNECT='TRUE';
    'GND'<13>:
      PIN_NUMBER='(32,199)';
      PINUSE='GROUND';
      NO_LOAD_CHECK='Both';
      NO_IO_CHECK='Both';
      NO_ASSERT_CHECK='TRUE';
      NO_DIR_CHECK='TRUE';
      ALLOW_CONNECT='TRUE';
    'GND'<14>:
      PIN_NUMBER='(38,200)';
      PINUSE='GROUND';
      NO_LOAD_CHECK='Both';
      NO_IO_CHECK='Both';
      NO_ASSERT_CHECK='TRUE';
      NO_DIR_CHECK='TRUE';
      ALLOW_CONNECT='TRUE';
    'GND'<15>:
      PIN_NUMBER='(39,0)';
      PINUSE='GROUND';
      NO_LOAD_CHECK='Both';
      NO_IO_CHECK='Both';
      NO_ASSERT_CHECK='TRUE';
      NO_DIR_CHECK='TRUE';
      ALLOW_CONNECT='TRUE';
    'GND'<16>:
      PIN_NUMBER='(40,0)';
      PINUSE='GROUND';
      NO_LOAD_CHECK='Both';
      NO_IO_CHECK='Both';
      NO_ASSERT_CHECK='TRUE';
      NO_DIR_CHECK='TRUE';
      ALLOW_CONNECT='TRUE';
    'GND'<17>:
      PIN_NUMBER='(75,0)';
      PINUSE='GROUND';
      NO_LOAD_CHECK='Both';
      NO_IO_CHECK='Both';
      NO_ASSERT_CHECK='TRUE';
      NO_DIR_CHECK='TRUE';
      ALLOW_CONNECT='TRUE';
    'GND'<18>:
      PIN_NUMBER='(76,0)';
      PINUSE='GROUND';
      NO_LOAD_CHECK='Both';
      NO_IO_CHECK='Both';
      NO_ASSERT_CHECK='TRUE';
      NO_DIR_CHECK='TRUE';
      ALLOW_CONNECT='TRUE';
    'EMA_D0':
      PIN_NUMBER='(0,111)';
      BIDIRECTIONAL='TRUE';
      INPUT_LOAD='(-0.01,0.01)';
      OUTPUT_LOAD='(1.0,-1.0)';
    'EMA_D1':
      PIN_NUMBER='(0,112)';
      BIDIRECTIONAL='TRUE';
      INPUT_LOAD='(-0.01,0.01)';
      OUTPUT_LOAD='(1.0,-1.0)';
    'EMA_D2':
      PIN_NUMBER='(0,113)';
      BIDIRECTIONAL='TRUE';
      INPUT_LOAD='(-0.01,0.01)';
      OUTPUT_LOAD='(1.0,-1.0)';
    'EMA_D3':
      PIN_NUMBER='(0,114)';
      BIDIRECTIONAL='TRUE';
      INPUT_LOAD='(-0.01,0.01)';
      OUTPUT_LOAD='(1.0,-1.0)';
    'EMA_D4':
      PIN_NUMBER='(0,115)';
      BIDIRECTIONAL='TRUE';
      INPUT_LOAD='(-0.01,0.01)';
      OUTPUT_LOAD='(1.0,-1.0)';
    'EMA_D5':
      PIN_NUMBER='(0,116)';
      BIDIRECTIONAL='TRUE';
      INPUT_LOAD='(-0.01,0.01)';
      OUTPUT_LOAD='(1.0,-1.0)';
    'EMA_D6':
      PIN_NUMBER='(0,117)';
      BIDIRECTIONAL='TRUE';
      INPUT_LOAD='(-0.01,0.01)';
      OUTPUT_LOAD='(1.0,-1.0)';
    'EMA_D7':
      PIN_NUMBER='(0,118)';
      BIDIRECTIONAL='TRUE';
      INPUT_LOAD='(-0.01,0.01)';
      OUTPUT_LOAD='(1.0,-1.0)';
    'EMA_D8':
      PIN_NUMBER='(0,119)';
      BIDIRECTIONAL='TRUE';
      INPUT_LOAD='(-0.01,0.01)';
      OUTPUT_LOAD='(1.0,-1.0)';
    'EMA_D9':
      PIN_NUMBER='(0,120)';
      BIDIRECTIONAL='TRUE';
      INPUT_LOAD='(-0.01,0.01)';
      OUTPUT_LOAD='(1.0,-1.0)';
    'EMA_D10':
      PIN_NUMBER='(0,121)';
      BIDIRECTIONAL='TRUE';
      INPUT_LOAD='(-0.01,0.01)';
      OUTPUT_LOAD='(1.0,-1.0)';
    'EMA_D11':
      PIN_NUMBER='(0,122)';
      BIDIRECTIONAL='TRUE';
      INPUT_LOAD='(-0.01,0.01)';
      OUTPUT_LOAD='(1.0,-1.0)';
    'EMA_D12':
      PIN_NUMBER='(0,123)';
      BIDIRECTIONAL='TRUE';
      INPUT_LOAD='(-0.01,0.01)';
      OUTPUT_LOAD='(1.0,-1.0)';
    'EMA_D13':
      PIN_NUMBER='(0,124)';
      BIDIRECTIONAL='TRUE';
      INPUT_LOAD='(-0.01,0.01)';
      OUTPUT_LOAD='(1.0,-1.0)';
    'EMA_D14':
      PIN_NUMBER='(0,125)';
      BIDIRECTIONAL='TRUE';
      INPUT_LOAD='(-0.01,0.01)';
      OUTPUT_LOAD='(1.0,-1.0)';
    'EMA_D15':
      PIN_NUMBER='(0,126)';
      BIDIRECTIONAL='TRUE';
      INPUT_LOAD='(-0.01,0.01)';
      OUTPUT_LOAD='(1.0,-1.0)';
    'EMA_A_RW':
      PIN_NUMBER='(0,128)';
      BIDIRECTIONAL='TRUE';
      INPUT_LOAD='(-0.01,0.01)';
      OUTPUT_LOAD='(1.0,-1.0)';
    'EMA_SDCKE':
      PIN_NUMBER='(0,132)';
      BIDIRECTIONAL='TRUE';
      INPUT_LOAD='(-0.01,0.01)';
      OUTPUT_LOAD='(1.0,-1.0)';
    'FSX1':
      PIN_NUMBER='(0,137)';
      BIDIRECTIONAL='TRUE';
      INPUT_LOAD='(-0.01,0.01)';
      OUTPUT_LOAD='(1.0,-1.0)';
    'FSR1':
      PIN_NUMBER='(0,138)';
      BIDIRECTIONAL='TRUE';
      INPUT_LOAD='(-0.01,0.01)';
      OUTPUT_LOAD='(1.0,-1.0)';
    'DX1':
      PIN_NUMBER='(0,139)';
      BIDIRECTIONAL='TRUE';
      INPUT_LOAD='(-0.01,0.01)';
      OUTPUT_LOAD='(1.0,-1.0)';
    'DR1':
      PIN_NUMBER='(0,140)';
      BIDIRECTIONAL='TRUE';
      INPUT_LOAD='(-0.01,0.01)';
      OUTPUT_LOAD='(1.0,-1.0)';
    'AMUTE':
      PIN_NUMBER='(0,145)';
      BIDIRECTIONAL='TRUE';
      INPUT_LOAD='(-0.01,0.01)';
      OUTPUT_LOAD='(1.0,-1.0)';
    'SATA_TXN':
      PIN_NUMBER='(0,146)';
      BIDIRECTIONAL='TRUE';
      INPUT_LOAD='(-0.01,0.01)';
      OUTPUT_LOAD='(1.0,-1.0)';
    'AXR15':
      PIN_NUMBER='(0,147)';
      BIDIRECTIONAL='TRUE';
      INPUT_LOAD='(-0.01,0.01)';
      OUTPUT_LOAD='(1.0,-1.0)';
    'SATA_TXP':
      PIN_NUMBER='(0,148)';
      BIDIRECTIONAL='TRUE';
      INPUT_LOAD='(-0.01,0.01)';
      OUTPUT_LOAD='(1.0,-1.0)';
    'AHCLKX':
      PIN_NUMBER='(0,151)';
      BIDIRECTIONAL='TRUE';
      INPUT_LOAD='(-0.01,0.01)';
      OUTPUT_LOAD='(1.0,-1.0)';
    'SATA_RXN':
      PIN_NUMBER='(0,152)';
      BIDIRECTIONAL='TRUE';
      INPUT_LOAD='(-0.01,0.01)';
      OUTPUT_LOAD='(1.0,-1.0)';
    'AHCLKR':
      PIN_NUMBER='(0,153)';
      BIDIRECTIONAL='TRUE';
      INPUT_LOAD='(-0.01,0.01)';
      OUTPUT_LOAD='(1.0,-1.0)';
    'SATA_RXP':
      PIN_NUMBER='(0,154)';
      BIDIRECTIONAL='TRUE';
      INPUT_LOAD='(-0.01,0.01)';
      OUTPUT_LOAD='(1.0,-1.0)';
    'AFSX':
      PIN_NUMBER='(0,155)';
      BIDIRECTIONAL='TRUE';
      INPUT_LOAD='(-0.01,0.01)';
      OUTPUT_LOAD='(1.0,-1.0)';
    'AFSR':
      PIN_NUMBER='(0,157)';
      BIDIRECTIONAL='TRUE';
      INPUT_LOAD='(-0.01,0.01)';
      OUTPUT_LOAD='(1.0,-1.0)';
    'UPP_CH0_WAIT':
      PIN_NUMBER='(0,158)';
      BIDIRECTIONAL='TRUE';
      INPUT_LOAD='(-0.01,0.01)';
      OUTPUT_LOAD='(1.0,-1.0)';
    'ACLKR':
      PIN_NUMBER='(0,161)';
      BIDIRECTIONAL='TRUE';
      INPUT_LOAD='(-0.01,0.01)';
      OUTPUT_LOAD='(1.0,-1.0)';
    'AXR7':
      PIN_NUMBER='(0,163)';
      BIDIRECTIONAL='TRUE';
      INPUT_LOAD='(-0.01,0.01)';
      OUTPUT_LOAD='(1.0,-1.0)';
    'LCD_PCLK':
      PIN_NUMBER='(0,173)';
      BIDIRECTIONAL='TRUE';
      INPUT_LOAD='(-0.01,0.01)';
      OUTPUT_LOAD='(1.0,-1.0)';
    'LCD_VSYNC':
      PIN_NUMBER='(0,174)';
      BIDIRECTIONAL='TRUE';
      INPUT_LOAD='(-0.01,0.01)';
      OUTPUT_LOAD='(1.0,-1.0)';
    'LCD_HSYNC':
      PIN_NUMBER='(0,175)';
      BIDIRECTIONAL='TRUE';
      INPUT_LOAD='(-0.01,0.01)';
      OUTPUT_LOAD='(1.0,-1.0)';
    'LCD_D15':
      PIN_NUMBER='(0,177)';
      BIDIRECTIONAL='TRUE';
      INPUT_LOAD='(-0.01,0.01)';
      OUTPUT_LOAD='(1.0,-1.0)';
    'LCD_D14':
      PIN_NUMBER='(0,178)';
      BIDIRECTIONAL='TRUE';
      INPUT_LOAD='(-0.01,0.01)';
      OUTPUT_LOAD='(1.0,-1.0)';
    'LCD_D13':
      PIN_NUMBER='(0,179)';
      BIDIRECTIONAL='TRUE';
      INPUT_LOAD='(-0.01,0.01)';
      OUTPUT_LOAD='(1.0,-1.0)';
    'LCD_D12':
      PIN_NUMBER='(0,180)';
      BIDIRECTIONAL='TRUE';
      INPUT_LOAD='(-0.01,0.01)';
      OUTPUT_LOAD='(1.0,-1.0)';
    'LCD_D11':
      PIN_NUMBER='(0,181)';
      BIDIRECTIONAL='TRUE';
      INPUT_LOAD='(-0.01,0.01)';
      OUTPUT_LOAD='(1.0,-1.0)';
    'LCD_D10':
      PIN_NUMBER='(0,182)';
      BIDIRECTIONAL='TRUE';
      INPUT_LOAD='(-0.01,0.01)';
      OUTPUT_LOAD='(1.0,-1.0)';
    'LCD_D9':
      PIN_NUMBER='(0,183)';
      BIDIRECTIONAL='TRUE';
      INPUT_LOAD='(-0.01,0.01)';
      OUTPUT_LOAD='(1.0,-1.0)';
    'LCD_D8':
      PIN_NUMBER='(0,184)';
      BIDIRECTIONAL='TRUE';
      INPUT_LOAD='(-0.01,0.01)';
      OUTPUT_LOAD='(1.0,-1.0)';
    'LCD_D7':
      PIN_NUMBER='(0,185)';
      BIDIRECTIONAL='TRUE';
      INPUT_LOAD='(-0.01,0.01)';
      OUTPUT_LOAD='(1.0,-1.0)';
    'LCD_D6':
      PIN_NUMBER='(0,186)';
      BIDIRECTIONAL='TRUE';
      INPUT_LOAD='(-0.01,0.01)';
      OUTPUT_LOAD='(1.0,-1.0)';
    'LCD_D5':
      PIN_NUMBER='(0,187)';
      BIDIRECTIONAL='TRUE';
      INPUT_LOAD='(-0.01,0.01)';
      OUTPUT_LOAD='(1.0,-1.0)';
    'LCD_D4':
      PIN_NUMBER='(0,188)';
      BIDIRECTIONAL='TRUE';
      INPUT_LOAD='(-0.01,0.01)';
      OUTPUT_LOAD='(1.0,-1.0)';
    'LCD_D3':
      PIN_NUMBER='(0,189)';
      BIDIRECTIONAL='TRUE';
      INPUT_LOAD='(-0.01,0.01)';
      OUTPUT_LOAD='(1.0,-1.0)';
    'LCD_D2':
      PIN_NUMBER='(0,190)';
      BIDIRECTIONAL='TRUE';
      INPUT_LOAD='(-0.01,0.01)';
      OUTPUT_LOAD='(1.0,-1.0)';
    'LCD_D1':
      PIN_NUMBER='(0,191)';
      BIDIRECTIONAL='TRUE';
      INPUT_LOAD='(-0.01,0.01)';
      OUTPUT_LOAD='(1.0,-1.0)';
    'LCD_D0':
      PIN_NUMBER='(0,192)';
      BIDIRECTIONAL='TRUE';
      INPUT_LOAD='(-0.01,0.01)';
      OUTPUT_LOAD='(1.0,-1.0)';
    'RTC_ALARM':
      PIN_NUMBER='(0,193)';
      BIDIRECTIONAL='TRUE';
      INPUT_LOAD='(-0.01,0.01)';
      OUTPUT_LOAD='(1.0,-1.0)';
    'GP8_10':
      PIN_NUMBER='(0,196)';
      BIDIRECTIONAL='TRUE';
      INPUT_LOAD='(-0.01,0.01)';
      OUTPUT_LOAD='(1.0,-1.0)';
    'GP6_13':
      PIN_NUMBER='(0,197)';
      BIDIRECTIONAL='TRUE';
      INPUT_LOAD='(-0.01,0.01)';
      OUTPUT_LOAD='(1.0,-1.0)';
    'GP6_12':
      PIN_NUMBER='(0,198)';
      BIDIRECTIONAL='TRUE';
      INPUT_LOAD='(-0.01,0.01)';
      OUTPUT_LOAD='(1.0,-1.0)';
    '-CS0':
      PIN_NUMBER='(0,77)';
      INPUT_LOAD='(-0.01,0.01)';
    'EMA_WAIT0':
      PIN_NUMBER='(0,78)';
      INPUT_LOAD='(-0.01,0.01)';
    '-CS2':
      PIN_NUMBER='(0,79)';
      INPUT_LOAD='(-0.01,0.01)';
    'EMA_WAIT1':
      PIN_NUMBER='(0,80)';
      INPUT_LOAD='(-0.01,0.01)';
    '-CS4':
      PIN_NUMBER='(0,81)';
      INPUT_LOAD='(-0.01,0.01)';
    'EMA_BA0':
      PIN_NUMBER='(0,82)';
      INPUT_LOAD='(-0.01,0.01)';
    '-CS5':
      PIN_NUMBER='(0,83)';
      INPUT_LOAD='(-0.01,0.01)';
    'EMA_BA1':
      PIN_NUMBER='(0,84)';
      INPUT_LOAD='(-0.01,0.01)';
    '-EMA_RAS':
      PIN_NUMBER='(0,85)';
      INPUT_LOAD='(-0.01,0.01)';
    '-EMA_OE':
      PIN_NUMBER='(0,86)';
      INPUT_LOAD='(-0.01,0.01)';
    '-EMA_CAS':
      PIN_NUMBER='(0,127)';
      INPUT_LOAD='(-0.01,0.01)';
    '-EMA_DQM0':
      PIN_NUMBER='(0,129)';
      INPUT_LOAD='(-0.01,0.01)';
    '-EMA_WE':
      PIN_NUMBER='(0,130)';
      INPUT_LOAD='(-0.01,0.01)';
    '-EMA_DQM1':
      PIN_NUMBER='(0,131)';
      INPUT_LOAD='(-0.01,0.01)';
    'EMA_CLK':
      PIN_NUMBER='(0,134)';
      INPUT_LOAD='(-0.01,0.01)';
    'CLKS1':
      PIN_NUMBER='(0,135)';
      INPUT_LOAD='(-0.01,0.01)';
    'CLKX1':
      PIN_NUMBER='(0,141)';
      INPUT_LOAD='(-0.01,0.01)';
    'CLKR1':
      PIN_NUMBER='(0,142)';
      INPUT_LOAD='(-0.01,0.01)';
    'ACLKX':
      PIN_NUMBER='(0,159)';
      INPUT_LOAD='(-0.01,0.01)';
    'UPP_CH0_START':
      PIN_NUMBER='(0,160)';
      INPUT_LOAD='(-0.01,0.01)';
    'UPP_CH0_CLK':
      PIN_NUMBER='(0,162)';
      INPUT_LOAD='(-0.01,0.01)';
    'UPP_CH0_ENABLE':
      PIN_NUMBER='(0,164)';
      INPUT_LOAD='(-0.01,0.01)';
    'VPIF_CLKIN2':
      PIN_NUMBER='(0,167)';
      INPUT_LOAD='(-0.01,0.01)';
    'VPIF_CLKIN3':
      PIN_NUMBER='(0,169)';
      INPUT_LOAD='(-0.01,0.01)';
    '-LCD_ENB':
      PIN_NUMBER='(0,176)';
      INPUT_LOAD='(-0.01,0.01)';
    'EMA_A0':
      PIN_NUMBER='(0,87)';
      OUTPUT_LOAD='(1.0,-1.0)';
    'EMA_A1':
      PIN_NUMBER='(0,88)';
      OUTPUT_LOAD='(1.0,-1.0)';
    'EMA_A2':
      PIN_NUMBER='(0,89)';
      OUTPUT_LOAD='(1.0,-1.0)';
    'EMA_A3':
      PIN_NUMBER='(0,90)';
      OUTPUT_LOAD='(1.0,-1.0)';
    'EMA_A4':
      PIN_NUMBER='(0,91)';
      OUTPUT_LOAD='(1.0,-1.0)';
    'EMA_A5':
      PIN_NUMBER='(0,92)';
      OUTPUT_LOAD='(1.0,-1.0)';
    'EMA_A6':
      PIN_NUMBER='(0,93)';
      OUTPUT_LOAD='(1.0,-1.0)';
    'EMA_A7':
      PIN_NUMBER='(0,94)';
      OUTPUT_LOAD='(1.0,-1.0)';
    'EMA_A8':
      PIN_NUMBER='(0,95)';
      OUTPUT_LOAD='(1.0,-1.0)';
    'EMA_A9':
      PIN_NUMBER='(0,96)';
      OUTPUT_LOAD='(1.0,-1.0)';
    'EMA_A10':
      PIN_NUMBER='(0,97)';
      OUTPUT_LOAD='(1.0,-1.0)';
    'EMA_A11':
      PIN_NUMBER='(0,98)';
      OUTPUT_LOAD='(1.0,-1.0)';
    'EMA_A12':
      PIN_NUMBER='(0,99)';
      OUTPUT_LOAD='(1.0,-1.0)';
    'EMA_A13':
      PIN_NUMBER='(0,100)';
      OUTPUT_LOAD='(1.0,-1.0)';
    'EMA_A14':
      PIN_NUMBER='(0,101)';
      OUTPUT_LOAD='(1.0,-1.0)';
    'EMA_A15':
      PIN_NUMBER='(0,102)';
      OUTPUT_LOAD='(1.0,-1.0)';
    'EMA_A16':
      PIN_NUMBER='(0,103)';
      OUTPUT_LOAD='(1.0,-1.0)';
    'EMA_A17':
      PIN_NUMBER='(0,104)';
      OUTPUT_LOAD='(1.0,-1.0)';
    'EMA_A18':
      PIN_NUMBER='(0,105)';
      OUTPUT_LOAD='(1.0,-1.0)';
    'EMA_A19':
      PIN_NUMBER='(0,106)';
      OUTPUT_LOAD='(1.0,-1.0)';
    'EMA_A20':
      PIN_NUMBER='(0,107)';
      OUTPUT_LOAD='(1.0,-1.0)';
    'EMA_A21':
      PIN_NUMBER='(0,108)';
      OUTPUT_LOAD='(1.0,-1.0)';
    'EMA_A22':
      PIN_NUMBER='(0,109)';
      OUTPUT_LOAD='(1.0,-1.0)';
    'EMA_A23':
      PIN_NUMBER='(0,110)';
      OUTPUT_LOAD='(1.0,-1.0)';
    'VPIF_CLKOUT2':
      PIN_NUMBER='(0,168)';
      OUTPUT_LOAD='(1.0,-1.0)';
    'VPIF_CLKOUT3':
      PIN_NUMBER='(0,170)';
      OUTPUT_LOAD='(1.0,-1.0)';
    'CLKOUT':
      PIN_NUMBER='(0,195)';
      OUTPUT_LOAD='(1.0,-1.0)';
  end_pin;
  body
    PART_NUMBER='OMAP138';
    VENDOR='GENNUM';
    BODY_NAME='OMAP138_CON';
    PART_NAME='OMAP138';
    JEDEC_TYPE='100BGA';
    PHYS_DES_PREFIX='U';
    CLASS='IC';
  end_body;
end_primitive;

END.
