	(Comment
		(Time 11/19/19,20:30:05)
		(User wjl)
		(MsgId ECO_021)
		(Text "Package AD8338 added to cell")
		(Param1 "AD8338")
	)
	(Comment
		(Time 11/19/19,20:40:12)
		(User wjl)
		(MsgId ECO_081)
		(Text "Symbol sym_1 added to cell")
		(Param1 "sym_1")
	)
	(Comment
		(Time 11/19/19,20:40:43)
		(User wjl)
		(MsgId ECO_211)
		(Text "PTF file part.ptf added")
		(Param1 "part.ptf")
	)
	(Comment
		(Time 11/20/19,09:40:33)
		(User wjl)
		(MsgId ECO_082)
		(Text "Symbol sym_1 deleted from cell")
		(Param1 "sym_1")
	)
	(Comment
		(Time 11/20/19,09:41:20)
		(User wjl)
		(MsgId ECO_212)
		(Text "PTF file part.ptf deleted")
		(Param1 "part.ptf")
	)
	(Comment
		(Time 11/20/19,09:41:32)
		(User wjl)
		(MsgId ECO_022)
		(Text "Package AD8338 deleted from cell")
		(Param1 "AD8338")
	)
	(Comment
		(Time 11/20/19,09:41:36)
		(User wjl)
		(MsgId ECO_021)
		(Text "Package AD8338 added to cell")
		(Param1 "AD8338")
	)
	(Comment
		(Time 11/20/19,09:48:23)
		(User wjl)
		(MsgId ECO_081)
		(Text "Symbol sym_1 added to cell")
		(Param1 "sym_1")
	)
	(Comment
		(Time 11/20/19,09:50:15)
		(User wjl)
		(MsgId ECO_211)
		(Text "PTF file part.ptf added")
		(Param1 "part.ptf")
	)
