
	(Comment
		(Time 04/04/14,10:18:55)
		(User jin)
		(MsgId ECO_081)
		(Text "Symbol sym_1 added to cell")
		(Param1 sym_1)
	)
	(Comment
		(Time 04/04/14,10:18:55)
		(User jin)
		(MsgId ECO_081)
		(Text "Symbol sym_2 added to cell")
		(Param1 sym_2)
	)
	(Comment
		(Time 04/04/14,10:18:55)
		(User jin)
		(MsgId ECO_081)
		(Text "Symbol sym_3 added to cell")
		(Param1 sym_3)
	)
	(Comment
		(Time 04/04/14,10:18:55)
		(User jin)
		(MsgId ECO_081)
		(Text "Symbol sym_4 added to cell")
		(Param1 sym_4)
	)
	(Comment
		(Time 04/04/14,10:18:55)
		(User jin)
		(MsgId ECO_081)
		(Text "Symbol sym_5 added to cell")
		(Param1 sym_5)
	)
	(Comment
		(Time 04/04/14,10:18:55)
		(User jin)
		(MsgId ECO_081)
		(Text "Symbol sym_6 added to cell")
		(Param1 sym_6)
	)
	(Comment
		(Time 04/04/14,10:18:55)
		(User jin)
		(MsgId ECO_081)
		(Text "Symbol sym_7 added to cell")
		(Param1 sym_7)
	)
	(Comment
		(Time 04/04/14,10:18:55)
		(User jin)
		(MsgId ECO_081)
		(Text "Symbol sym_8 added to cell")
		(Param1 sym_8)
	)
	(Comment
		(Time 04/04/14,10:18:55)
		(User jin)
		(MsgId ECO_081)
		(Text "Symbol sym_9 added to cell")
		(Param1 sym_9)
	)
	(Comment
		(Time 04/04/14,10:18:55)
		(User jin)
		(MsgId ECO_081)
		(Text "Symbol sym_10 added to cell")
		(Param1 sym_10)
	)
	(Comment
		(Time 04/04/14,10:18:55)
		(User jin)
		(MsgId ECO_081)
		(Text "Symbol sym_11 added to cell")
		(Param1 sym_11)
	)
	(Comment
		(Time 04/04/14,10:18:55)
		(User jin)
		(MsgId ECO_081)
		(Text "Symbol sym_12 added to cell")
		(Param1 sym_12)
	)
	(Comment
		(Time 04/04/14,10:18:55)
		(User jin)
		(MsgId ECO_081)
		(Text "Symbol sym_13 added to cell")
		(Param1 sym_13)
	)
	(Comment
		(Time 04/04/14,10:18:55)
		(User jin)
		(MsgId ECO_081)
		(Text "Symbol sym_14 added to cell")
		(Param1 sym_14)
	)
	(Comment
		(Time 04/04/14,10:18:55)
		(User jin)
		(MsgId ECO_081)
		(Text "Symbol sym_15 added to cell")
		(Param1 sym_15)
	)




















































