FILE_TYPE=LIBRARY_PARTS;
primitive '74HC4316';
  pin
    '1I/O':
      PIN_NUMBER='(1)';
      BIDIRECTIONAL='TRUE';
      INPUT_LOAD='(-0.01,0.01)';
      OUTPUT_LOAD='(1.0,-1.0)';
    '1O/I':
      PIN_NUMBER='(2)';
      BIDIRECTIONAL='TRUE';
      INPUT_LOAD='(-0.01,0.01)';
      OUTPUT_LOAD='(1.0,-1.0)';
    '2O/I':
      PIN_NUMBER='(3)';
      BIDIRECTIONAL='TRUE';
      INPUT_LOAD='(-0.01,0.01)';
      OUTPUT_LOAD='(1.0,-1.0)';
    '2I/O':
      PIN_NUMBER='(4)';
      BIDIRECTIONAL='TRUE';
      INPUT_LOAD='(-0.01,0.01)';
      OUTPUT_LOAD='(1.0,-1.0)';
    '2CTL':
      PIN_NUMBER='(5)';
      INPUT_LOAD='(-0.01,0.01)';
    '3CTL':
      PIN_NUMBER='(6)';
      INPUT_LOAD='(-0.01,0.01)';
    '-EN':
      PIN_NUMBER='(7)';
      INPUT_LOAD='(-0.01,0.01)';
    'GND':
      PIN_NUMBER='(8)';
      INPUT_LOAD='(-0.01,0.01)';
    'VEE':
      PIN_NUMBER='(9)';
      INPUT_LOAD='(-0.01,0.01)';
    '3I/O':
      PIN_NUMBER='(10)';
      BIDIRECTIONAL='TRUE';
      INPUT_LOAD='(-0.01,0.01)';
      OUTPUT_LOAD='(1.0,-1.0)';
    '3O/I':
      PIN_NUMBER='(11)';
      BIDIRECTIONAL='TRUE';
      INPUT_LOAD='(-0.01,0.01)';
      OUTPUT_LOAD='(1.0,-1.0)';
    '4O/I':
      PIN_NUMBER='(12)';
      BIDIRECTIONAL='TRUE';
      INPUT_LOAD='(-0.01,0.01)';
      OUTPUT_LOAD='(1.0,-1.0)';
    '4I/O':
      PIN_NUMBER='(13)';
      BIDIRECTIONAL='TRUE';
      INPUT_LOAD='(-0.01,0.01)';
      OUTPUT_LOAD='(1.0,-1.0)';
    '4CTL':
      PIN_NUMBER='(14)';
      INPUT_LOAD='(-0.01,0.01)';
    '1CTL':
      PIN_NUMBER='(15)';
      INPUT_LOAD='(-0.01,0.01)';
    'VCC':
      PIN_NUMBER='(16)';
      INPUT_LOAD='(-0.01,0.01)';
  end_pin;
  body
    PART_NAME='74HC4316';
    BODY_NAME='74HC4316';
    PHYS_DES_PREFIX='U';
    CLASS='IC';
  end_body;
end_primitive;

END.
