FILE_TYPE=LIBRARY_PARTS;
primitive 'SN74LVC245APW';
  pin
    'GND':
      PIN_NUMBER='(10)';
      OUTPUT_LOAD='(1.0,-1.0)';
    'VCC':
      PIN_NUMBER='(20)';
      OUTPUT_LOAD='(1.0,-1.0)';
    'A1':
      PIN_NUMBER='(2)';
      INPUT_LOAD='(-0.01,0.01)';
    'A5':
      PIN_NUMBER='(6)';
      INPUT_LOAD='(-0.01,0.01)';
    'A3':
      PIN_NUMBER='(4)';
      INPUT_LOAD='(-0.01,0.01)';
    'A7':
      PIN_NUMBER='(8)';
      INPUT_LOAD='(-0.01,0.01)';
    'B8':
      PIN_NUMBER='(11)';
      INPUT_LOAD='(-0.01,0.01)';
    'B6':
      PIN_NUMBER='(13)';
      INPUT_LOAD='(-0.01,0.01)';
    'B4':
      PIN_NUMBER='(15)';
      INPUT_LOAD='(-0.01,0.01)';
    'B2':
      PIN_NUMBER='(17)';
      INPUT_LOAD='(-0.01,0.01)';
    'DIR':
      PIN_NUMBER='(1)';
      INPUT_LOAD='(-0.01,0.01)';
    '-OE':
      PIN_NUMBER='(19)';
      INPUT_LOAD='(-0.01,0.01)';
    'B1':
      PIN_NUMBER='(18)';
      OUTPUT_LOAD='(1.0,-1.0)';
    'B3':
      PIN_NUMBER='(16)';
      OUTPUT_LOAD='(1.0,-1.0)';
    'B5':
      PIN_NUMBER='(14)';
      OUTPUT_LOAD='(1.0,-1.0)';
    'B7':
      PIN_NUMBER='(12)';
      OUTPUT_LOAD='(1.0,-1.0)';
    'A8':
      PIN_NUMBER='(9)';
      OUTPUT_LOAD='(1.0,-1.0)';
    'A6':
      PIN_NUMBER='(7)';
      OUTPUT_LOAD='(1.0,-1.0)';
    'A4':
      PIN_NUMBER='(5)';
      OUTPUT_LOAD='(1.0,-1.0)';
    'A2':
      PIN_NUMBER='(3)';
      OUTPUT_LOAD='(1.0,-1.0)';
  end_pin;
  body
    PART_NAME='SN74LVC245APW';
    BODY_NAME='SN74LVC245APW';
    PHYS_DES_PREFIX='U';
    CLASS='IC';
  end_body;
end_primitive;

END.
