FILE_TYPE=LIBRARY_PARTS;
primitive 'BLM21PG300SN1D';
  pin
    '2':
      PIN_NUMBER='(2)';
      PIN_TYPE='ANALOG';
      NO_LOAD_CHECK='Both';
      NO_IO_CHECK='Both';
      NO_ASSERT_CHECK='TRUE';
      NO_DIR_CHECK='TRUE';
      ALLOW_CONNECT='TRUE';
    '1':
      PIN_NUMBER='(1)';
      PIN_TYPE='ANALOG';
      NO_LOAD_CHECK='Both';
      NO_IO_CHECK='Both';
      NO_ASSERT_CHECK='TRUE';
      NO_DIR_CHECK='TRUE';
      ALLOW_CONNECT='TRUE';
  end_pin;
  body
    PART_NAME='BLM21PG300SN1D';
    BODY_NAME='BLM21PG300SN1D';
    JEDEC_TYPE='l0805';
    PHYS_DES_PREFIX='L';
    CLASS='DISCRETE';
  end_body;
end_primitive;

END.
