FILE_TYPE=LIBRARY_PARTS;
primitive 'ADA4941-1';
  pin
    'FB':
      PIN_NUMBER='(1)';
      INPUT_LOAD='(-0.01,0.01)';
    'REF':
      PIN_NUMBER='(2)';
      INPUT_LOAD='(-0.01,0.01)';
    'V+':
      PIN_NUMBER='(3)';
      PINUSE='POWER';
      NO_LOAD_CHECK='Both';
      NO_IO_CHECK='Both';
      NO_ASSERT_CHECK='TRUE';
      NO_DIR_CHECK='TRUE';
      ALLOW_CONNECT='TRUE';
    'OUT+':
      PIN_NUMBER='(4)';
      OUTPUT_LOAD='(1.0,-1.0)';
    'IN':
      PIN_NUMBER='(8)';
      INPUT_LOAD='(-0.01,0.01)';
    'DIS':
      PIN_NUMBER='(7)';
      INPUT_LOAD='(-0.01,0.01)';
    'V-':
      PIN_NUMBER='(6)';
      PINUSE='POWER';
      NO_LOAD_CHECK='Both';
      NO_IO_CHECK='Both';
      NO_ASSERT_CHECK='TRUE';
      NO_DIR_CHECK='TRUE';
      ALLOW_CONNECT='TRUE';
    'OUT-':
      PIN_NUMBER='(5)';
      OUTPUT_LOAD='(1.0,-1.0)';
  end_pin;
  body
    PART_NUMBER='ada4941-1';
    VENDOR='AD';
    BODY_NAME='ADA4941-1';
    PART_NAME='ada4941-1';
    PHYS_DES_PREFIX='U';
    CLASS='IC';
  end_body;
end_primitive;

END.
