
	(Comment
		(Time 11/18/14,10:05:59)
		(User jin)
		(MsgId ECO_081)
		(Text "Symbol sym_1 added to cell")
		(Param1 sym_1)
	)


	(Comment
		(Time 11/18/14,10:14:03)
		(User jin)
		(MsgId ECO_211)
		(Text "PTF file part.ptf added")
		(Param1 part.ptf)
	)

	(Comment
		(Time 11/18/14,10:41:11)
		(User jin)
		(MsgId ECO_022)
		(Text "Package CP2103 deleted from cell")
		(Param1 CP2103)
	)
	(Comment
		(Time 11/18/14,10:41:14)
		(User jin)
		(MsgId ECO_021)
		(Text "Package CP2103 added to cell")
		(Param1 CP2103)
	)
	(Comment
		(Time 11/18/14,10:41:43)
		(User jin)
		(MsgId ECO_022)
		(Text "Package CP2103 deleted from cell")
		(Param1 CP2103)
	)

	(Comment
		(Time 11/18/14,10:42:00)
		(User jin)
		(MsgId ECO_021)
		(Text "Package CP2103 added to cell")
		(Param1 CP2103)
	)

