FILE_TYPE=LIBRARY_PARTS;
primitive 'TPS54316';
  pin
    'AGND':
      PIN_NUMBER='(1)';
      PINUSE='POWER';
      NO_LOAD_CHECK='Both';
      NO_IO_CHECK='Both';
      ALLOW_CONNECT='TRUE';
    'PH'<4>:
      PIN_NUMBER='(7)';
      OUTPUT_TYPE='(TS,TS)';
      BIDIRECTIONAL='TRUE';
      INPUT_LOAD='(-0.01,0.01)';
      OUTPUT_LOAD='(1.0,-1.0)';
    'PH'<5>:
      PIN_NUMBER='(6)';
      OUTPUT_TYPE='(TS,TS)';
      BIDIRECTIONAL='TRUE';
      INPUT_LOAD='(-0.01,0.01)';
      OUTPUT_LOAD='(1.0,-1.0)';
    'PH'<3>:
      PIN_NUMBER='(8)';
      OUTPUT_TYPE='(TS,TS)';
      BIDIRECTIONAL='TRUE';
      INPUT_LOAD='(-0.01,0.01)';
      OUTPUT_LOAD='(1.0,-1.0)';
    'PH'<1>:
      PIN_NUMBER='(10)';
      OUTPUT_TYPE='(TS,TS)';
      BIDIRECTIONAL='TRUE';
      INPUT_LOAD='(-0.01,0.01)';
      OUTPUT_LOAD='(1.0,-1.0)';
    'PH'<2>:
      PIN_NUMBER='(9)';
      OUTPUT_TYPE='(TS,TS)';
      BIDIRECTIONAL='TRUE';
      INPUT_LOAD='(-0.01,0.01)';
      OUTPUT_LOAD='(1.0,-1.0)';
    'BOOT':
      PIN_NUMBER='(5)';
      INPUT_LOAD='(-0.01,0.01)';
    'PWRGD':
      PIN_NUMBER='(4)';
      OUTPUT_LOAD='(1.0,-1.0)';
    'VSENSE':
      PIN_NUMBER='(2)';
      INPUT_LOAD='(-0.01,0.01)';
    'PGND'<3>:
      PIN_NUMBER='(13)';
      PINUSE='POWER';
      NO_LOAD_CHECK='Both';
      NO_IO_CHECK='Both';
      ALLOW_CONNECT='TRUE';
    'PGND'<1>:
      PIN_NUMBER='(11)';
      PINUSE='POWER';
      NO_LOAD_CHECK='Both';
      NO_IO_CHECK='Both';
      ALLOW_CONNECT='TRUE';
    'PGND'<2>:
      PIN_NUMBER='(12)';
      PINUSE='POWER';
      NO_LOAD_CHECK='Both';
      NO_IO_CHECK='Both';
      ALLOW_CONNECT='TRUE';
    'PWRPAD':
      PIN_NUMBER='(21)';
      PINUSE='POWER';
      NO_LOAD_CHECK='Both';
      NO_IO_CHECK='Both';
      ALLOW_CONNECT='TRUE';
    'VIN'<3>:
      PIN_NUMBER='(16)';
      INPUT_LOAD='(-0.01,0.01)';
    'VIN'<2>:
      PIN_NUMBER='(15)';
      INPUT_LOAD='(-0.01,0.01)';
    'VIN'<1>:
      PIN_NUMBER='(14)';
      INPUT_LOAD='(-0.01,0.01)';
    'VBIAS':
      PIN_NUMBER='(17)';
      OUTPUT_LOAD='(1.0,-1.0)';
    'SS/ENA':
      PIN_NUMBER='(18)';
      OUTPUT_TYPE='(TS,TS)';
      BIDIRECTIONAL='TRUE';
      INPUT_LOAD='(-0.01,0.01)';
      OUTPUT_LOAD='(1.0,-1.0)';
    'FSEL':
      PIN_NUMBER='(19)';
      INPUT_LOAD='(-0.01,0.01)';
    'RT':
      PIN_NUMBER='(20)';
      INPUT_LOAD='(-0.01,0.01)';
  end_pin;
  body
    PART_NAME='TPS54316';
    BODY_NAME='TPS54316';
    PHYS_DES_PREFIX='U';
    CLASS='IC';
    NC_PINS='(3)';
  end_body;
end_primitive;

END.
