(---------------------------------------------------------------------)
(                                                                     )
(    Dump Library Log                                                 )
(                                                                     )
(    Software Version : 17.4S039                                      )
(    Date/Time        : Wed Nov 26 23:06:27 2025                      )
(                                                                     )
(---------------------------------------------------------------------)


*** file: D:/Coding/Cadence/SPB_Data/unnamed.brd ***



  *** Creating all device files (see create_devices.log) ***


  *** Creating padstacks. ***

  SMD_R421X236P2S4 being dumped.


  *** Creating package symbols (.dra and .psm) ***

  sot-23-3_l2_9-w1_6-p1_90-ls2_8-br being dumped.



*********************** Summary *********************
ERRORs reported:                           0

Number of padstacks dumped:                1
Number of package symbols dumped:          1

Total number of symbols dumped:            1
*****************************************************

