
	(Comment
		(Time 12/17/13,15:36:34)
		(User Administrator)
		(MsgId ECO_081)
		(Text "Symbol sym_1 added to cell")
		(Param1 sym_1)
	)

	(Comment
		(Time 12/17/13,15:41:36)
		(User Administrator)
		(MsgId ECO_021)
		(Text "Package LM2660 added to cell")
		(Param1 LM2660)
	)

	(Comment
		(Time 12/17/13,15:47:54)
		(User Administrator)
		(MsgId ECO_022)
		(Text "Package LM2660 deleted from cell")
		(Param1 LM2660)
	)
	(Comment
		(Time 12/17/13,15:47:57)
		(User Administrator)
		(MsgId ECO_021)
		(Text "Package LM2660 added to cell")
		(Param1 LM2660)
	)
	(Comment
		(Time 12/17/13,15:48:42)
		(User Administrator)
		(MsgId ECO_022)
		(Text "Package LM2660 deleted from cell")
		(Param1 LM2660)
	)
	(Comment
		(Time 12/17/13,15:48:50)
		(User Administrator)
		(MsgId ECO_021)
		(Text "Package LM2660 added to cell")
		(Param1 LM2660)
	)
	(Comment
		(Time 12/17/13,15:49:11)
		(User Administrator)
		(MsgId ECO_022)
		(Text "Package LM2660 deleted from cell")
		(Param1 LM2660)
	)
	(Comment
		(Time 12/17/13,15:49:19)
		(User Administrator)
		(MsgId ECO_021)
		(Text "Package LM2660 added to cell")
		(Param1 LM2660)
	)


