FILE_TYPE=LIBRARY_PARTS;
primitive 'ADS7841E';
  pin
    'VCC1':
      PIN_NUMBER='(1)';
      PINUSE='POWER';
      NO_LOAD_CHECK='Both';
      NO_IO_CHECK='Both';
      NO_ASSERT_CHECK='TRUE';
      NO_DIR_CHECK='TRUE';
      ALLOW_CONNECT='TRUE';
    'CH0':
      PIN_NUMBER='(2)';
      INPUT_LOAD='(-0.01,0.01)';
    'CH1':
      PIN_NUMBER='(3)';
      INPUT_LOAD='(-0.01,0.01)';
    'CH2':
      PIN_NUMBER='(4)';
      INPUT_LOAD='(-0.01,0.01)';
    'CH3':
      PIN_NUMBER='(5)';
      INPUT_LOAD='(-0.01,0.01)';
    'COM':
      PIN_NUMBER='(6)';
      PINUSE='GROUND';
      NO_LOAD_CHECK='Both';
      NO_IO_CHECK='Both';
      NO_ASSERT_CHECK='TRUE';
      NO_DIR_CHECK='TRUE';
      ALLOW_CONNECT='TRUE';
    '-SHDN':
      PIN_NUMBER='(7)';
      INPUT_LOAD='(-0.01,0.01)';
    'VREF':
      PIN_NUMBER='(8)';
      PINUSE='POWER';
      NO_LOAD_CHECK='Both';
      NO_IO_CHECK='Both';
      NO_ASSERT_CHECK='TRUE';
      NO_DIR_CHECK='TRUE';
      ALLOW_CONNECT='TRUE';
    'DCLK':
      PIN_NUMBER='(16)';
      INPUT_LOAD='(-0.01,0.01)';
    '-CS':
      PIN_NUMBER='(15)';
      INPUT_LOAD='(-0.01,0.01)';
    'DIN':
      PIN_NUMBER='(14)';
      INPUT_LOAD='(-0.01,0.01)';
    'BUSY':
      PIN_NUMBER='(13)';
      OUTPUT_LOAD='(1.0,-1.0)';
    'DOUT':
      PIN_NUMBER='(12)';
      OUTPUT_LOAD='(1.0,-1.0)';
    'MODE':
      PIN_NUMBER='(11)';
      INPUT_LOAD='(-0.01,0.01)';
    'GND':
      PIN_NUMBER='(10)';
      PINUSE='GROUND';
      NO_LOAD_CHECK='Both';
      NO_IO_CHECK='Both';
      NO_ASSERT_CHECK='TRUE';
      NO_DIR_CHECK='TRUE';
      ALLOW_CONNECT='TRUE';
    'VCC2':
      PIN_NUMBER='(9)';
      PINUSE='POWER';
      NO_LOAD_CHECK='Both';
      NO_IO_CHECK='Both';
      NO_ASSERT_CHECK='TRUE';
      NO_DIR_CHECK='TRUE';
      ALLOW_CONNECT='TRUE';
  end_pin;
  body
    PART_NAME='ADS7841E';
    BODY_NAME='ADS7841E';
    PHYS_DES_PREFIX='U';
    CLASS='IC';
  end_body;
end_primitive;

END.
