
	(Comment
		(Time 03/27/13,16:21:33)
		(User Administrator)
		(MsgId ECO_081)
		(Text "Symbol sym_1 added to cell")
		(Param1 sym_1)
	)
	(Comment
		(Time 03/27/13,16:23:06)
		(User Administrator)
		(MsgId ECO_021)
		(Text "Package CRYSTAL-SMT added to cell")
		(Param1 CRYSTAL-SMT)
	)
	(Comment
		(Time 03/27/13,16:24:29)
		(User Administrator)
		(MsgId ECO_082)
		(Text "Symbol sym_1 deleted from cell")
		(Param1 sym_1)
	)
	(Comment
		(Time 03/27/13,16:24:33)
		(User Administrator)
		(MsgId ECO_022)
		(Text "Package CRYSTAL-SMT deleted from cell")
		(Param1 CRYSTAL-SMT)
	)
	(Comment
		(Time 03/27/13,16:24:35)
		(User Administrator)
		(MsgId ECO_081)
		(Text "Symbol sym_1 added to cell")
		(Param1 sym_1)
	)
	(Comment
		(Time 03/27/13,16:26:26)
		(User Administrator)
		(MsgId ECO_021)
		(Text "Package CRYSTAL-SMT added to cell")
		(Param1 CRYSTAL-SMT)
	)
	(Comment
		(Time 03/27/13,16:27:56)
		(User Administrator)
		(MsgId ECO_211)
		(Text "PTF file part.ptf added")
		(Param1 part.ptf)
	)

	(Comment
		(Time 03/27/13,16:39:55)
		(User Administrator)
		(MsgId ECO_212)
		(Text "PTF file part.ptf deleted")
		(Param1 part.ptf)
	)
	(Comment
		(Time 03/27/13,16:39:57)
		(User Administrator)
		(MsgId ECO_211)
		(Text "PTF file part.ptf added")
		(Param1 part.ptf)
	)
