(---------------------------------------------------------------------)
(                                                                     )
(    Dump Library Log                                                 )
(                                                                     )
(    Software Version : 17.4S039                                      )
(    Date/Time        : Wed Dec 24 15:42:16 2025                      )
(                                                                     )
(---------------------------------------------------------------------)


*** file: D:/Cadence/SPB_Data/unnamed.brd ***



  *** Creating all device files (see create_devices.log) ***


  *** Creating padstacks. ***

  SMD_R1421X496P2S4 being dumped.


  *** Creating package symbols (.dra and .psm) ***

  cap-smd_bd8_0-l8_3-w8_3-ls9_0-fd being dumped.



*********************** Summary *********************
ERRORs reported:                           0

Number of padstacks dumped:                1
Number of package symbols dumped:          1

Total number of symbols dumped:            1
*****************************************************

