FILE_TYPE=LIBRARY_PARTS;
TIME=' Created/Modified on Mon Sep 16 20:15:26 2002' ;
primitive 'RS232';
  pin
    'A1':
      PIN_NUMBER='(1)';
      INPUT_LOAD='(-0.01,0.01)';
    'A2':
      PIN_NUMBER='(2)';
      INPUT_LOAD='(-0.01,0.01)';
    'A3':
      PIN_NUMBER='(3)';
      INPUT_LOAD='(-0.01,0.01)';
    'A4':
      PIN_NUMBER='(4)';
      INPUT_LOAD='(-0.01,0.01)';
    'A5':
      PIN_NUMBER='(5)';
      INPUT_LOAD='(-0.01,0.01)';
    'A6':
      PIN_NUMBER='(6)';
      INPUT_LOAD='(-0.01,0.01)';
    'A7':
      PIN_NUMBER='(7)';
      INPUT_LOAD='(-0.01,0.01)';
    'A8':
      PIN_NUMBER='(8)';
      INPUT_LOAD='(-0.01,0.01)';
    'A9':
      PIN_NUMBER='(9)';
      INPUT_LOAD='(-0.01,0.01)';
    'GND1':
      PIN_NUMBER='(10)';
      PIN_TYPE='POWER';
      NO_LOAD_CHECK='BOTH';
      NO_IO_CHECK='BOTH';
      ALLOW_CONNECT='TRUE';
    'GND2':
      PIN_NUMBER='(11)';
      PIN_TYPE='POWER';
      NO_LOAD_CHECK='BOTH';
      NO_IO_CHECK='BOTH';
      ALLOW_CONNECT='TRUE';
  end_pin;
  body
    CLASS='IC';
    PART_NAME='RS232';
    PHYS_DES_PREFIX='U';
    JEDEC_TYPE="RS232";
  end_body;
end_primitive;
END.
