
	(Comment
		(Time 11/21/13,16:35:50)
		(User lanzhu2410)
		(MsgId ECO_022)
		(Text "Package HEAD2X14 deleted from cell")
		(Param1 HEAD2X14)
	)
	(Comment
		(Time 11/21/13,16:35:58)
		(User lanzhu2410)
		(MsgId ECO_021)
		(Text "Package HEAD2X14 added to cell")
		(Param1 HEAD2X14)
	)

	(Comment
		(Time 11/21/13,16:38:27)
		(User lanzhu2410)
		(MsgId ECO_212)
		(Text "PTF file part.ptf deleted")
		(Param1 part.ptf)
	)
	(Comment
		(Time 11/21/13,16:38:30)
		(User lanzhu2410)
		(MsgId ECO_211)
		(Text "PTF file part.ptf added")
		(Param1 part.ptf)
	)

