temp/xxnedtmp3/event.log NEWFILE1
temp/xxnedtmp3/text.log NEWFILE2
temp/xxnedtmp3/environ.log NEWFILE3
D:\Cadence\SPB_17.4\share\cdssetup/concept/concepthdl.scr FILE4
D:\Projects\POWAMP\cds.lib FILE5
D:\Projects\POWAMP\worklib\power_amplifier\sch_1\page1.csb FILE6
D:\Projects\POWAMP\worklib\power_amplifier\sch_1\page_map.lck NEWFILE7
D:\Projects\POWAMP\worklib\power_amplifier\sch_1\page1_csb.lck NEWFILE8
temp/xxnedtmp3/undo1.log NEWFILE9
D:\Cadence\SPB_17.4\share\library\standard\b#20size#20page\sym_1\symbol.css FILE10
D:\Projects\POWAMP\worklib\power_amplifier\sch_1\page2.csb FILE11
D:\Projects\POWAMP\worklib\power_amplifier\sch_1\page2_csb.lck NEWFILE12
D:\Projects\POWAMP\worklib\power_amplifier\sch_1\page1_csa.lck NEWFILE13
D:\Projects\POWAMP\My_lib\pages\pages\sym_1\symbol.css FILE14
D:\Projects\POWAMP\My_lib\capacitor\c3216x7r1c106kt000n\sym_1\symbol.css FILE15
D:\Projects\POWAMP\My_lib\resistor\r\sym_1\symbol.css FILE16
D:\Projects\POWAMP\My_lib\capacitor\c0805\sym_1\symbol.css FILE17
D:\Projects\POWAMP\My_lib\capacitor\c3216\sym_1\symbol.css FILE18
D:\Projects\POWAMP\My_lib\inductor\l0805\sym_1\symbol.css FILE19
D:\Projects\POWAMP\My_lib\capacitor\c\sym_1\symbol.css FILE20
D:\Projects\POWAMP\My_lib\ic\at24c64d#2dsshm#2dt\sym_1\symbol.css FILE21
D:\Projects\POWAMP\My_lib\ic\sa9227a\sym_1\symbol.css FILE22
D:\Projects\POWAMP\worklib\power_amplifier\sch_1\page2_csa.lck NEWFILE23
D:/Projects/POWAMP/worklib/power_amplifier/sch_1/power_amplifier.xcon FILE24
D:/Projects/POWAMP/worklib/power_amplifier/sch_1/power_amplifier.dcf FILE25
