FILE_TYPE=LIBRARY_PARTS;
primitive 'NMOS_E';
  pin
    'GATE':
      PIN_NUMBER='(1)';
      PINUSE='UNSPEC';
      NO_LOAD_CHECK='Both';
      NO_IO_CHECK='Both';
      ALLOW_CONNECT='TRUE';
    'SOURCE':
      PIN_NUMBER='(2)';
      PINUSE='UNSPEC';
      NO_LOAD_CHECK='Both';
      NO_IO_CHECK='Both';
      ALLOW_CONNECT='TRUE';
    'DRAIN':
      PIN_NUMBER='(3)';
      PINUSE='UNSPEC';
      NO_LOAD_CHECK='Both';
      NO_IO_CHECK='Both';
      ALLOW_CONNECT='TRUE';
  end_pin;
  body
    PART_NAME='nmos_e';
    BODY_NAME='NMOS_E';
    PHYS_DES_PREFIX='VT';
    CLASS='IC';
  end_body;
end_primitive;

END.
