temp/xxnedtmp7/event.log NEWFILE1
temp/xxnedtmp7/text.log NEWFILE2
temp/xxnedtmp7/environ.log NEWFILE3
G:\Cadence\SPB_17.4\share\cdssetup/concept/concepthdl.scr FILE4
G:\Cadence\POWAMP\cds.lib FILE5
G:\Cadence\POWAMP\worklib\power_amplifier\sch_1\page1.csb FILE6
G:\Cadence\POWAMP\worklib\power_amplifier\sch_1\page_map.lck NEWFILE7
G:\Cadence\POWAMP\worklib\power_amplifier\sch_1\page1_csb.lck NEWFILE8
temp/xxnedtmp7/undo1.log NEWFILE9
G:\Cadence\SPB_17.4\share\library\standard\b#20size#20page\sym_1\symbol.css FILE10
G:\Cadence\POWAMP\worklib\power_amplifier\sch_1\page1_csa.lck NEWFILE11
G:/Cadence/POWAMP/worklib/power_amplifier/sch_1/power_amplifier.xcon FILE12
G:/Cadence/POWAMP/worklib/power_amplifier/sch_1/power_amplifier.dcf FILE13
G:\Cadence\POWAMP\worklib\power_amplifier\sch_1\page11.csb FILE14
G:\Cadence\POWAMP\worklib\power_amplifier\sch_1\page11_csb.lck FILE15
G:\Cadence\POWAMP\My_lib\pages\pages\sym_1\symbol.css FILE16
G:\Cadence\POWAMP\My_lib\capacitor\c\sym_1\symbol.css FILE17
G:\Cadence\POWAMP\My_lib\capacitor\ma35v220m8x8\sym_1\symbol.css FILE18
G:\Cadence\POWAMP\My_lib\resistor\r\sym_1\symbol.css FILE19
G:\Cadence\POWAMP\My_lib\inductor\l0805\sym_1\symbol.css FILE20
G:\Cadence\POWAMP\My_lib\ic\tpa3116d2dad\sym_1\symbol.css FILE21
G:\Cadence\POWAMP\worklib\power_amplifier\sch_1\page10.csb FILE22
G:\Cadence\POWAMP\worklib\power_amplifier\sch_1\page10_csb.lck FILE23
G:\Cadence\POWAMP\worklib\power_amplifier\sch_1\page11_csa.lck NEWFILE24
G:\Cadence\POWAMP\My_lib\connector\pj#2d342#20141\sym_1\symbol.css FILE25
G:\Cadence\POWAMP\My_lib\ic\tpa6120a2dwpr\sym_1\symbol.css FILE26
G:\Cadence\POWAMP\worklib\power_amplifier\sch_1\page9.csb FILE27
G:\Cadence\POWAMP\worklib\power_amplifier\sch_1\page9_csb.lck NEWFILE28
G:\Cadence\POWAMP\worklib\power_amplifier\sch_1\page10_csa.lck NEWFILE29
G:\Cadence\POWAMP\My_lib\connector\5_8_zsgt\sym_1\symbol.css FILE30
G:\Cadence\POWAMP\My_lib\ic\ne5532dr\sym_2\symbol.css FILE31
G:\Cadence\POWAMP\My_lib\ic\ne5532dr\sym_1\symbol.css FILE32
G:\Cadence\POWAMP\My_lib\resistor\rk09712200my\sym_1\symbol.css FILE33
G:\Cadence\POWAMP\worklib\power_amplifier\sch_1\page8.csb FILE34
G:\Cadence\POWAMP\worklib\power_amplifier\sch_1\page8_csb.lck NEWFILE35
G:\Cadence\POWAMP\worklib\power_amplifier\sch_1\page9_csa.lck NEWFILE36
G:\Cadence\POWAMP\worklib\power_amplifier\sch_1\page8_csa.lck NEWFILE37
G:\Cadence\POWAMP\worklib\power_amplifier\sch_1\page7.csb FILE38
G:\Cadence\POWAMP\worklib\power_amplifier\sch_1\page7_csb.lck NEWFILE39
G:\Cadence\POWAMP\My_lib\connector\5557_4pin\sym_1\symbol.css FILE40
G:\Cadence\POWAMP\My_lib\oscillator\x322512msb4si\sym_1\symbol.css FILE41
G:\Cadence\POWAMP\My_lib\ic\stm32f103c8t6\sym_1\symbol.css FILE42
G:\Cadence\POWAMP\worklib\power_amplifier\sch_1\page6.csb FILE43
G:\Cadence\POWAMP\worklib\power_amplifier\sch_1\page6_csb.lck NEWFILE44
G:\Cadence\POWAMP\worklib\power_amplifier\sch_1\page7_csa.lck NEWFILE45
G:\Cadence\POWAMP\My_lib\ic\cs43198#2dcnzr\sym_1\symbol.css FILE46
G:\Cadence\POWAMP\worklib\power_amplifier\sch_1\page5.csb FILE47
G:\Cadence\POWAMP\worklib\power_amplifier\sch_1\page5_csb.lck NEWFILE48
G:\Cadence\POWAMP\worklib\power_amplifier\sch_1\page6_csa.lck NEWFILE49
G:\Cadence\POWAMP\My_lib\inductor\fxl0630#2d100#2dm\sym_1\symbol.css FILE50
G:\Cadence\POWAMP\My_lib\power\ltc3260\sym_1\symbol.css FILE51
G:\Cadence\POWAMP\My_lib\capacitor\ma35v470m10x13\sym_1\symbol.css FILE52
G:\Cadence\POWAMP\My_lib\power\smbj30a_c19077584\sym_1\symbol.css FILE53
G:\Cadence\POWAMP\My_lib\power\ss54_c5200096\sym_1\symbol.css FILE54
G:\Cadence\POWAMP\My_lib\power\bsmd2920#2d300#2d33v\sym_1\symbol.css FILE55
G:\Cadence\POWAMP\My_lib\connector\dc#2d005#2d5a\sym_1\symbol.css FILE56
G:\Cadence\POWAMP\My_lib\power\xc6206p182mr\sym_1\symbol.css FILE57
G:\Cadence\POWAMP\My_lib\power\ams1117_3_3v\sym_1\symbol.css FILE58
G:\Cadence\POWAMP\My_lib\power\ltc3260\sym_1\symbol_css.lck NEWFILE59
G:\Cadence\POWAMP\worklib\power_amplifier\sch_1\page5_csa.lck NEWFILE60
G:\Cadence\SPB_17.4\share\library\standard\origin\sym_1\symbol.css FILE61
temp/xxnedtmp7/concept.mkr NEWFILE62
G:/Cadence/SPB_17.4/tools/language/config.dat FILE63
G:/Cadence/SPB_17.4/tools/language/pack_type_rename.dat NEWFILE64
temp/xxnedtmp7/undo2.log NEWFILE65
C:/Users/Lucky/AppData/Local/Temp/con85FA.tmp FILE66
