(---------------------------------------------------------------------)
(                                                                     )
(    Dump Library Log                                                 )
(                                                                     )
(    Software Version : 17.4S039                                      )
(    Date/Time        : Tue Dec  2 22:32:13 2025                      )
(                                                                     )
(---------------------------------------------------------------------)


*** file: D:/Coding/Cadence/SPB_Data/unnamed.brd ***



  *** Creating all device files (see create_devices.log) ***


  *** Creating padstacks. ***

  SMD_O135X688P2S4 being dumped.


  *** Creating package symbols (.dra and .psm) ***

  htssop-32_l11_0-w6_1-p0_65-ls8_1-bl being dumped.



*********************** Summary *********************
ERRORs reported:                           0

Number of padstacks dumped:                1
Number of package symbols dumped:          1

Total number of symbols dumped:            1
*****************************************************

