FILE_TYPE=LIBRARY_PARTS;
primitive '74LVC138';
  pin
    'A':
      PIN_NUMBER='(1)';
      INPUT_LOAD='(-0.01,0.01)';
    'B':
      PIN_NUMBER='(2)';
      INPUT_LOAD='(-0.01,0.01)';
    'C':
      PIN_NUMBER='(3)';
      INPUT_LOAD='(-0.01,0.01)';
    '-G2A':
      PIN_NUMBER='(4)';
      INPUT_LOAD='(-0.01,0.01)';
    '-G2B':
      PIN_NUMBER='(5)';
      INPUT_LOAD='(-0.01,0.01)';
    'G1':
      PIN_NUMBER='(6)';
      INPUT_LOAD='(-0.01,0.01)';
    'GND':
      PIN_NUMBER='(8)';
      PINUSE='POWER';
      NO_LOAD_CHECK='Both';
      NO_IO_CHECK='Both';
      ALLOW_CONNECT='TRUE';
    'VCC':
      PIN_NUMBER='(16)';
      PINUSE='POWER';
      NO_LOAD_CHECK='Both';
      NO_IO_CHECK='Both';
      ALLOW_CONNECT='TRUE';
    'Y'<7>:
      PIN_NUMBER='(7)';
      OUTPUT_LOAD='(1.0,-1.0)';
    'Y'<6>:
      PIN_NUMBER='(9)';
      OUTPUT_LOAD='(1.0,-1.0)';
    'Y'<5>:
      PIN_NUMBER='(10)';
      OUTPUT_LOAD='(1.0,-1.0)';
    'Y'<4>:
      PIN_NUMBER='(11)';
      OUTPUT_LOAD='(1.0,-1.0)';
    'Y'<3>:
      PIN_NUMBER='(12)';
      OUTPUT_LOAD='(1.0,-1.0)';
    'Y'<2>:
      PIN_NUMBER='(13)';
      OUTPUT_LOAD='(1.0,-1.0)';
    'Y'<1>:
      PIN_NUMBER='(14)';
      OUTPUT_LOAD='(1.0,-1.0)';
    'Y'<0>:
      PIN_NUMBER='(15)';
      OUTPUT_LOAD='(1.0,-1.0)';
  end_pin;
  body
    PART_NAME='74LVC138';
    BODY_NAME='74LVC138';
    PHYS_DES_PREFIX='U';
    CLASS='IC';
  end_body;
end_primitive;

END.
