FILE_TYPE=LIBRARY_PARTS;
primitive 'MC20901';
  pin
    'VDD':
      PIN_NUMBER='(32)';
      PINUSE='UNSPEC';
      NO_LOAD_CHECK='BOTH';
      NO_IO_CHECK='BOTH';
      NO_ASSERT_CHECK='TRUE';
      NO_DIR_CHECK='TRUE';
      ALLOW_CONNECT='TRUE';
    'VDDIO'<1>:
      PIN_NUMBER='(45)';
      PINUSE='UNSPEC';
      NO_LOAD_CHECK='BOTH';
      NO_IO_CHECK='BOTH';
      NO_ASSERT_CHECK='TRUE';
      NO_DIR_CHECK='TRUE';
      ALLOW_CONNECT='TRUE';
    'VDDIO'<2>:
      PIN_NUMBER='(15)';
      PINUSE='UNSPEC';
      NO_LOAD_CHECK='BOTH';
      NO_IO_CHECK='BOTH';
      NO_ASSERT_CHECK='TRUE';
      NO_DIR_CHECK='TRUE';
      ALLOW_CONNECT='TRUE';
    'N.C'<1>:
      PIN_NUMBER='(48)';
      PINUSE='UNSPEC';
      NO_LOAD_CHECK='BOTH';
      NO_IO_CHECK='BOTH';
      NO_ASSERT_CHECK='TRUE';
      NO_DIR_CHECK='TRUE';
      ALLOW_CONNECT='TRUE';
    'N.C'<2>:
      PIN_NUMBER='(36)';
      PINUSE='UNSPEC';
      NO_LOAD_CHECK='BOTH';
      NO_IO_CHECK='BOTH';
      NO_ASSERT_CHECK='TRUE';
      NO_DIR_CHECK='TRUE';
      ALLOW_CONNECT='TRUE';
    'N.C'<3>:
      PIN_NUMBER='(12)';
      PINUSE='UNSPEC';
      NO_LOAD_CHECK='BOTH';
      NO_IO_CHECK='BOTH';
      NO_ASSERT_CHECK='TRUE';
      NO_DIR_CHECK='TRUE';
      ALLOW_CONNECT='TRUE';
    'N.C'<4>:
      PIN_NUMBER='(24)';
      PINUSE='UNSPEC';
      NO_LOAD_CHECK='BOTH';
      NO_IO_CHECK='BOTH';
      NO_ASSERT_CHECK='TRUE';
      NO_DIR_CHECK='TRUE';
      ALLOW_CONNECT='TRUE';
    'N.C'<5>:
      PIN_NUMBER='(25)';
      PINUSE='UNSPEC';
      NO_LOAD_CHECK='BOTH';
      NO_IO_CHECK='BOTH';
      NO_ASSERT_CHECK='TRUE';
      NO_DIR_CHECK='TRUE';
      ALLOW_CONNECT='TRUE';
    'N.C'<6>:
      PIN_NUMBER='(1)';
      PINUSE='UNSPEC';
      NO_LOAD_CHECK='BOTH';
      NO_IO_CHECK='BOTH';
      NO_ASSERT_CHECK='TRUE';
      NO_DIR_CHECK='TRUE';
      ALLOW_CONNECT='TRUE';
    'D-PHY-A-P':
      PIN_NUMBER='(13)';
      PINUSE='UNSPEC';
      NO_LOAD_CHECK='BOTH';
      NO_IO_CHECK='BOTH';
      NO_ASSERT_CHECK='TRUE';
      NO_DIR_CHECK='TRUE';
      ALLOW_CONNECT='TRUE';
    'D-PHY-A-N':
      PIN_NUMBER='(14)';
      PINUSE='UNSPEC';
      NO_LOAD_CHECK='BOTH';
      NO_IO_CHECK='BOTH';
      NO_ASSERT_CHECK='TRUE';
      NO_DIR_CHECK='TRUE';
      ALLOW_CONNECT='TRUE';
    'D-PHY-B-P':
      PIN_NUMBER='(10)';
      PINUSE='UNSPEC';
      NO_LOAD_CHECK='BOTH';
      NO_IO_CHECK='BOTH';
      NO_ASSERT_CHECK='TRUE';
      NO_DIR_CHECK='TRUE';
      ALLOW_CONNECT='TRUE';
    'D-PHY-B-N':
      PIN_NUMBER='(11)';
      PINUSE='UNSPEC';
      NO_LOAD_CHECK='BOTH';
      NO_IO_CHECK='BOTH';
      NO_ASSERT_CHECK='TRUE';
      NO_DIR_CHECK='TRUE';
      ALLOW_CONNECT='TRUE';
    'D-PHY-C-P':
      PIN_NUMBER='(7)';
      PINUSE='UNSPEC';
      NO_LOAD_CHECK='BOTH';
      NO_IO_CHECK='BOTH';
      NO_ASSERT_CHECK='TRUE';
      NO_DIR_CHECK='TRUE';
      ALLOW_CONNECT='TRUE';
    'D-PHY-C-N':
      PIN_NUMBER='(8)';
      PINUSE='UNSPEC';
      NO_LOAD_CHECK='BOTH';
      NO_IO_CHECK='BOTH';
      NO_ASSERT_CHECK='TRUE';
      NO_DIR_CHECK='TRUE';
      ALLOW_CONNECT='TRUE';
    'D-PHY-D-P':
      PIN_NUMBER='(2)';
      PINUSE='UNSPEC';
      NO_LOAD_CHECK='BOTH';
      NO_IO_CHECK='BOTH';
      NO_ASSERT_CHECK='TRUE';
      NO_DIR_CHECK='TRUE';
      ALLOW_CONNECT='TRUE';
    'D-PHY-D-N':
      PIN_NUMBER='(3)';
      PINUSE='UNSPEC';
      NO_LOAD_CHECK='BOTH';
      NO_IO_CHECK='BOTH';
      NO_ASSERT_CHECK='TRUE';
      NO_DIR_CHECK='TRUE';
      ALLOW_CONNECT='TRUE';
    'D-PHY-E-P':
      PIN_NUMBER='(46)';
      PINUSE='UNSPEC';
      NO_LOAD_CHECK='BOTH';
      NO_IO_CHECK='BOTH';
      NO_ASSERT_CHECK='TRUE';
      NO_DIR_CHECK='TRUE';
      ALLOW_CONNECT='TRUE';
    'D-PHY-E-N':
      PIN_NUMBER='(47)';
      PINUSE='UNSPEC';
      NO_LOAD_CHECK='BOTH';
      NO_IO_CHECK='BOTH';
      NO_ASSERT_CHECK='TRUE';
      NO_DIR_CHECK='TRUE';
      ALLOW_CONNECT='TRUE';
    'GND'<1>:
      PIN_NUMBER='(4)';
      PINUSE='UNSPEC';
      NO_LOAD_CHECK='BOTH';
      NO_IO_CHECK='BOTH';
      NO_ASSERT_CHECK='TRUE';
      NO_DIR_CHECK='TRUE';
      ALLOW_CONNECT='TRUE';
    'GND'<2>:
      PIN_NUMBER='(28)';
      PINUSE='UNSPEC';
      NO_LOAD_CHECK='BOTH';
      NO_IO_CHECK='BOTH';
      NO_ASSERT_CHECK='TRUE';
      NO_DIR_CHECK='TRUE';
      ALLOW_CONNECT='TRUE';
    'GND'<3>:
      PIN_NUMBER='(31)';
      PINUSE='UNSPEC';
      NO_LOAD_CHECK='BOTH';
      NO_IO_CHECK='BOTH';
      NO_ASSERT_CHECK='TRUE';
      NO_DIR_CHECK='TRUE';
      ALLOW_CONNECT='TRUE';
    'GND'<4>:
      PIN_NUMBER='(33)';
      PINUSE='UNSPEC';
      NO_LOAD_CHECK='BOTH';
      NO_IO_CHECK='BOTH';
      NO_ASSERT_CHECK='TRUE';
      NO_DIR_CHECK='TRUE';
      ALLOW_CONNECT='TRUE';
    'GND'<5>:
      PIN_NUMBER='(9)';
      PINUSE='UNSPEC';
      NO_LOAD_CHECK='BOTH';
      NO_IO_CHECK='BOTH';
      NO_ASSERT_CHECK='TRUE';
      NO_DIR_CHECK='TRUE';
      ALLOW_CONNECT='TRUE';
    'BTA':
      PIN_NUMBER='(5)';
      PINUSE='UNSPEC';
      NO_LOAD_CHECK='BOTH';
      NO_IO_CHECK='BOTH';
      NO_ASSERT_CHECK='TRUE';
      NO_DIR_CHECK='TRUE';
      ALLOW_CONNECT='TRUE';
    'PINSWAP':
      PIN_NUMBER='(6)';
      PINUSE='UNSPEC';
      NO_LOAD_CHECK='BOTH';
      NO_IO_CHECK='BOTH';
      NO_ASSERT_CHECK='TRUE';
      NO_DIR_CHECK='TRUE';
      ALLOW_CONNECT='TRUE';
    'HS-A-N':
      PIN_NUMBER='(22)';
      PINUSE='UNSPEC';
      NO_LOAD_CHECK='BOTH';
      NO_IO_CHECK='BOTH';
      NO_ASSERT_CHECK='TRUE';
      NO_DIR_CHECK='TRUE';
      ALLOW_CONNECT='TRUE';
    'HS-A-P':
      PIN_NUMBER='(23)';
      PINUSE='UNSPEC';
      NO_LOAD_CHECK='BOTH';
      NO_IO_CHECK='BOTH';
      NO_ASSERT_CHECK='TRUE';
      NO_DIR_CHECK='TRUE';
      ALLOW_CONNECT='TRUE';
    'HS-B-N':
      PIN_NUMBER='(26)';
      PINUSE='UNSPEC';
      NO_LOAD_CHECK='BOTH';
      NO_IO_CHECK='BOTH';
      NO_ASSERT_CHECK='TRUE';
      NO_DIR_CHECK='TRUE';
      ALLOW_CONNECT='TRUE';
    'HS-B-P':
      PIN_NUMBER='(27)';
      PINUSE='UNSPEC';
      NO_LOAD_CHECK='BOTH';
      NO_IO_CHECK='BOTH';
      NO_ASSERT_CHECK='TRUE';
      NO_DIR_CHECK='TRUE';
      ALLOW_CONNECT='TRUE';
    'HS-C-N':
      PIN_NUMBER='(29)';
      PINUSE='UNSPEC';
      NO_LOAD_CHECK='BOTH';
      NO_IO_CHECK='BOTH';
      NO_ASSERT_CHECK='TRUE';
      NO_DIR_CHECK='TRUE';
      ALLOW_CONNECT='TRUE';
    'HS-C-P':
      PIN_NUMBER='(30)';
      PINUSE='UNSPEC';
      NO_LOAD_CHECK='BOTH';
      NO_IO_CHECK='BOTH';
      NO_ASSERT_CHECK='TRUE';
      NO_DIR_CHECK='TRUE';
      ALLOW_CONNECT='TRUE';
    'HS-D-N':
      PIN_NUMBER='(34)';
      PINUSE='UNSPEC';
      NO_LOAD_CHECK='BOTH';
      NO_IO_CHECK='BOTH';
      NO_ASSERT_CHECK='TRUE';
      NO_DIR_CHECK='TRUE';
      ALLOW_CONNECT='TRUE';
    'HS-D-P':
      PIN_NUMBER='(35)';
      PINUSE='UNSPEC';
      NO_LOAD_CHECK='BOTH';
      NO_IO_CHECK='BOTH';
      NO_ASSERT_CHECK='TRUE';
      NO_DIR_CHECK='TRUE';
      ALLOW_CONNECT='TRUE';
    'HS-E-N':
      PIN_NUMBER='(37)';
      PINUSE='UNSPEC';
      NO_LOAD_CHECK='BOTH';
      NO_IO_CHECK='BOTH';
      NO_ASSERT_CHECK='TRUE';
      NO_DIR_CHECK='TRUE';
      ALLOW_CONNECT='TRUE';
    'HS-E-P':
      PIN_NUMBER='(38)';
      PINUSE='UNSPEC';
      NO_LOAD_CHECK='BOTH';
      NO_IO_CHECK='BOTH';
      NO_ASSERT_CHECK='TRUE';
      NO_DIR_CHECK='TRUE';
      ALLOW_CONNECT='TRUE';
    'LP-A-N':
      PIN_NUMBER='(16)';
      PINUSE='UNSPEC';
      NO_LOAD_CHECK='BOTH';
      NO_IO_CHECK='BOTH';
      NO_ASSERT_CHECK='TRUE';
      NO_DIR_CHECK='TRUE';
      ALLOW_CONNECT='TRUE';
    'LP-A-P':
      PIN_NUMBER='(17)';
      PINUSE='UNSPEC';
      NO_LOAD_CHECK='BOTH';
      NO_IO_CHECK='BOTH';
      NO_ASSERT_CHECK='TRUE';
      NO_DIR_CHECK='TRUE';
      ALLOW_CONNECT='TRUE';
    'LP-B-N':
      PIN_NUMBER='(18)';
      PINUSE='UNSPEC';
      NO_LOAD_CHECK='BOTH';
      NO_IO_CHECK='BOTH';
      NO_ASSERT_CHECK='TRUE';
      NO_DIR_CHECK='TRUE';
      ALLOW_CONNECT='TRUE';
    'LP-B-P':
      PIN_NUMBER='(19)';
      PINUSE='UNSPEC';
      NO_LOAD_CHECK='BOTH';
      NO_IO_CHECK='BOTH';
      NO_ASSERT_CHECK='TRUE';
      NO_DIR_CHECK='TRUE';
      ALLOW_CONNECT='TRUE';
    'LP-C-N':
      PIN_NUMBER='(20)';
      PINUSE='UNSPEC';
      NO_LOAD_CHECK='BOTH';
      NO_IO_CHECK='BOTH';
      NO_ASSERT_CHECK='TRUE';
      NO_DIR_CHECK='TRUE';
      ALLOW_CONNECT='TRUE';
    'LP-C-P':
      PIN_NUMBER='(21)';
      PINUSE='UNSPEC';
      NO_LOAD_CHECK='BOTH';
      NO_IO_CHECK='BOTH';
      NO_ASSERT_CHECK='TRUE';
      NO_DIR_CHECK='TRUE';
      ALLOW_CONNECT='TRUE';
    'LP-D-N':
      PIN_NUMBER='(39)';
      PINUSE='UNSPEC';
      NO_LOAD_CHECK='BOTH';
      NO_IO_CHECK='BOTH';
      NO_ASSERT_CHECK='TRUE';
      NO_DIR_CHECK='TRUE';
      ALLOW_CONNECT='TRUE';
    'LP-D-P':
      PIN_NUMBER='(40)';
      PINUSE='UNSPEC';
      NO_LOAD_CHECK='BOTH';
      NO_IO_CHECK='BOTH';
      NO_ASSERT_CHECK='TRUE';
      NO_DIR_CHECK='TRUE';
      ALLOW_CONNECT='TRUE';
    'LP-E-N':
      PIN_NUMBER='(41)';
      PINUSE='UNSPEC';
      NO_LOAD_CHECK='BOTH';
      NO_IO_CHECK='BOTH';
      NO_ASSERT_CHECK='TRUE';
      NO_DIR_CHECK='TRUE';
      ALLOW_CONNECT='TRUE';
    'LP-E-P':
      PIN_NUMBER='(42)';
      PINUSE='UNSPEC';
      NO_LOAD_CHECK='BOTH';
      NO_IO_CHECK='BOTH';
      NO_ASSERT_CHECK='TRUE';
      NO_DIR_CHECK='TRUE';
      ALLOW_CONNECT='TRUE';
    'GPIO-1':
      PIN_NUMBER='(43)';
      PINUSE='UNSPEC';
      NO_LOAD_CHECK='BOTH';
      NO_IO_CHECK='BOTH';
      NO_ASSERT_CHECK='TRUE';
      NO_DIR_CHECK='TRUE';
      ALLOW_CONNECT='TRUE';
    'GPIO-0':
      PIN_NUMBER='(44)';
      PINUSE='UNSPEC';
      NO_LOAD_CHECK='BOTH';
      NO_IO_CHECK='BOTH';
      NO_ASSERT_CHECK='TRUE';
      NO_DIR_CHECK='TRUE';
      ALLOW_CONNECT='TRUE';
  end_pin;
  body
    BODY_NAME='MC20901-4';
    PART_NAME='MC20901';
    PHYS_DES_PREFIX='U';
    CLASS='IC';
  end_body;
end_primitive;

END.
