(---------------------------------------------------------------------)
(                                                                     )
(    Dump Library Log                                                 )
(                                                                     )
(    Software Version : 17.4S039                                      )
(    Date/Time        : Fri Dec 12 20:25:33 2025                      )
(                                                                     )
(---------------------------------------------------------------------)


*** file: G:/Cadence/POWAMP/worklib/power_amplifier/physical/unnamed.brd ***



  *** Creating all device files (see create_devices.log) ***


  *** Creating padstacks. ***

  SMD_R209X422P2S4 being dumped.


  *** Creating package symbols (.dra and .psm) ***

  sot-23-6_l2_9-w1_6-p0_95-ls2_8-bl being dumped.



*********************** Summary *********************
ERRORs reported:                           0

Number of padstacks dumped:                1
Number of package symbols dumped:          1

Total number of symbols dumped:            1
*****************************************************

