	(Comment
		(Time 03/07/23,16:53:01)
		(User hanqingzhi)
		(MsgId ECO_021)
		(Text "Package RCLAMP0544M-MS added to cell")
		(Param1 "RCLAMP0544M-MS")
	)
	(Comment
		(Time 03/07/23,17:01:48)
		(User hanqingzhi)
		(MsgId ECO_081)
		(Text "Symbol sym_1 added to cell")
		(Param1 "sym_1")
	)
	(Comment
		(Time 03/07/23,17:06:46)
		(User hanqingzhi)
		(MsgId ECO_211)
		(Text "PTF file part.ptf added")
		(Param1 "part.ptf")
	)
	(Comment
		(Time 03/07/23,17:10:56)
		(User hanqingzhi)
		(MsgId ECO_212)
		(Text "PTF file part.ptf deleted")
		(Param1 "part.ptf")
	)
	(Comment
		(Time 03/07/23,17:10:59)
		(User hanqingzhi)
		(MsgId ECO_211)
		(Text "PTF file part.ptf added")
		(Param1 "part.ptf")
	)
	(Comment
		(Time 03/07/23,17:13:42)
		(User hanqingzhi)
		(MsgId ECO_212)
		(Text "PTF file part.ptf deleted")
		(Param1 "part.ptf")
	)
	(Comment
		(Time 03/07/23,17:13:58)
		(User hanqingzhi)
		(MsgId ECO_211)
		(Text "PTF file part.ptf added")
		(Param1 "part.ptf")
	)
