FILE_TYPE=LIBRARY_PARTS;
primitive '71V30';
  pin
    '-INT_R':
      PIN_NUMBER='(52)';
      OUTPUT_LOAD='(1.0,-1.0)';
    '-BUSY_R':
      PIN_NUMBER='(53)';
      OUTPUT_LOAD='(1.0,-1.0)';
    '-R/W_R':
      PIN_NUMBER='(54)';
      INPUT_LOAD='(-0.01,0.01)';
    '-CE_R':
      PIN_NUMBER='(55)';
      INPUT_LOAD='(-0.01,0.01)';
    '-OE_R':
      PIN_NUMBER='(48)';
      INPUT_LOAD='(-0.01,0.01)';
    'I/O_R'<7>:
      PIN_NUMBER='(34)';
      BIDIRECTIONAL='TRUE';
      INPUT_LOAD='(-0.01,0.01)';
      OUTPUT_LOAD='(1.0,-1.0)';
    'I/O_R'<6>:
      PIN_NUMBER='(33)';
      BIDIRECTIONAL='TRUE';
      INPUT_LOAD='(-0.01,0.01)';
      OUTPUT_LOAD='(1.0,-1.0)';
    'I/O_R'<5>:
      PIN_NUMBER='(32)';
      BIDIRECTIONAL='TRUE';
      INPUT_LOAD='(-0.01,0.01)';
      OUTPUT_LOAD='(1.0,-1.0)';
    'I/O_R'<4>:
      PIN_NUMBER='(31)';
      BIDIRECTIONAL='TRUE';
      INPUT_LOAD='(-0.01,0.01)';
      OUTPUT_LOAD='(1.0,-1.0)';
    'I/O_R'<3>:
      PIN_NUMBER='(29)';
      BIDIRECTIONAL='TRUE';
      INPUT_LOAD='(-0.01,0.01)';
      OUTPUT_LOAD='(1.0,-1.0)';
    'I/O_R'<2>:
      PIN_NUMBER='(28)';
      BIDIRECTIONAL='TRUE';
      INPUT_LOAD='(-0.01,0.01)';
      OUTPUT_LOAD='(1.0,-1.0)';
    'I/O_R'<0>:
      PIN_NUMBER='(26)';
      BIDIRECTIONAL='TRUE';
      INPUT_LOAD='(-0.01,0.01)';
      OUTPUT_LOAD='(1.0,-1.0)';
    'I/O_R'<1>:
      PIN_NUMBER='(27)';
      BIDIRECTIONAL='TRUE';
      INPUT_LOAD='(-0.01,0.01)';
      OUTPUT_LOAD='(1.0,-1.0)';
    'A_R'<8>:
      PIN_NUMBER='(38)';
      INPUT_LOAD='(-0.01,0.01)';
    'A_R'<9>:
      PIN_NUMBER='(37)';
      INPUT_LOAD='(-0.01,0.01)';
    'A_R'<7>:
      PIN_NUMBER='(39)';
      INPUT_LOAD='(-0.01,0.01)';
    'A_R'<6>:
      PIN_NUMBER='(41)';
      INPUT_LOAD='(-0.01,0.01)';
    'A_R'<5>:
      PIN_NUMBER='(42)';
      INPUT_LOAD='(-0.01,0.01)';
    'A_R'<4>:
      PIN_NUMBER='(43)';
      INPUT_LOAD='(-0.01,0.01)';
    'A_R'<3>:
      PIN_NUMBER='(44)';
      INPUT_LOAD='(-0.01,0.01)';
    'A_R'<2>:
      PIN_NUMBER='(45)';
      INPUT_LOAD='(-0.01,0.01)';
    'A_R'<1>:
      PIN_NUMBER='(46)';
      INPUT_LOAD='(-0.01,0.01)';
    'A_R'<0>:
      PIN_NUMBER='(47)';
      INPUT_LOAD='(-0.01,0.01)';
    '-R/W_L':
      PIN_NUMBER='(59)';
      INPUT_LOAD='(-0.01,0.01)';
    '-OE_L':
      PIN_NUMBER='(1)';
      INPUT_LOAD='(-0.01,0.01)';
    'I/O_L'<7>:
      PIN_NUMBER='(22)';
      BIDIRECTIONAL='TRUE';
      INPUT_LOAD='(-0.01,0.01)';
      OUTPUT_LOAD='(1.0,-1.0)';
    'I/O_L'<5>:
      PIN_NUMBER='(20)';
      BIDIRECTIONAL='TRUE';
      INPUT_LOAD='(-0.01,0.01)';
      OUTPUT_LOAD='(1.0,-1.0)';
    'I/O_L'<6>:
      PIN_NUMBER='(21)';
      BIDIRECTIONAL='TRUE';
      INPUT_LOAD='(-0.01,0.01)';
      OUTPUT_LOAD='(1.0,-1.0)';
    'I/O_L'<4>:
      PIN_NUMBER='(19)';
      BIDIRECTIONAL='TRUE';
      INPUT_LOAD='(-0.01,0.01)';
      OUTPUT_LOAD='(1.0,-1.0)';
    'I/O_L'<2>:
      PIN_NUMBER='(16)';
      BIDIRECTIONAL='TRUE';
      INPUT_LOAD='(-0.01,0.01)';
      OUTPUT_LOAD='(1.0,-1.0)';
    'I/O_L'<3>:
      PIN_NUMBER='(17)';
      BIDIRECTIONAL='TRUE';
      INPUT_LOAD='(-0.01,0.01)';
      OUTPUT_LOAD='(1.0,-1.0)';
    'A_L'<6>:
      PIN_NUMBER='(8)';
      INPUT_LOAD='(-0.01,0.01)';
    'A_L'<5>:
      PIN_NUMBER='(7)';
      INPUT_LOAD='(-0.01,0.01)';
    'A_L'<3>:
      PIN_NUMBER='(5)';
      INPUT_LOAD='(-0.01,0.01)';
    'A_L'<4>:
      PIN_NUMBER='(6)';
      INPUT_LOAD='(-0.01,0.01)';
    'A_L'<1>:
      PIN_NUMBER='(3)';
      INPUT_LOAD='(-0.01,0.01)';
    'A_L'<2>:
      PIN_NUMBER='(4)';
      INPUT_LOAD='(-0.01,0.01)';
    'A_L'<0>:
      PIN_NUMBER='(2)';
      INPUT_LOAD='(-0.01,0.01)';
    'A_L'<7>:
      PIN_NUMBER='(10)';
      INPUT_LOAD='(-0.01,0.01)';
    'A_L'<8>:
      PIN_NUMBER='(11)';
      INPUT_LOAD='(-0.01,0.01)';
    'I/O_L'<1>:
      PIN_NUMBER='(15)';
      BIDIRECTIONAL='TRUE';
      INPUT_LOAD='(-0.01,0.01)';
      OUTPUT_LOAD='(1.0,-1.0)';
    'I/O_L'<0>:
      PIN_NUMBER='(14)';
      BIDIRECTIONAL='TRUE';
      INPUT_LOAD='(-0.01,0.01)';
      OUTPUT_LOAD='(1.0,-1.0)';
    'A_L'<9>:
      PIN_NUMBER='(12)';
      INPUT_LOAD='(-0.01,0.01)';
    '-INT_L':
      PIN_NUMBER='(61)';
      OUTPUT_LOAD='(1.0,-1.0)';
    '-BUSY_L':
      PIN_NUMBER='(60)';
      OUTPUT_LOAD='(1.0,-1.0)';
    '-CE_L':
      PIN_NUMBER='(58)';
      INPUT_LOAD='(-0.01,0.01)';
    'VCC'<1>:
      PIN_NUMBER='(57)';
      PINUSE='POWER';
      NO_LOAD_CHECK='Both';
      NO_IO_CHECK='Both';
      NO_ASSERT_CHECK='TRUE';
      NO_DIR_CHECK='TRUE';
      ALLOW_CONNECT='TRUE';
    'VCC'<0>:
      PIN_NUMBER='(56)';
      PINUSE='POWER';
      NO_LOAD_CHECK='Both';
      NO_IO_CHECK='Both';
      NO_ASSERT_CHECK='TRUE';
      NO_DIR_CHECK='TRUE';
      ALLOW_CONNECT='TRUE';
    'GND'<1>:
      PIN_NUMBER='(25)';
      PINUSE='GROUND';
      NO_LOAD_CHECK='Both';
      NO_IO_CHECK='Both';
      NO_ASSERT_CHECK='TRUE';
      NO_DIR_CHECK='TRUE';
      ALLOW_CONNECT='TRUE';
    'GND'<0>:
      PIN_NUMBER='(24)';
      PINUSE='GROUND';
      NO_LOAD_CHECK='Both';
      NO_IO_CHECK='Both';
      NO_ASSERT_CHECK='TRUE';
      NO_DIR_CHECK='TRUE';
      ALLOW_CONNECT='TRUE';
  end_pin;
  body
    PART_NAME='71V30';
    PART_NUMBER='71V30';
    VENDOR='IDT';
    BODY_NAME='71V30';
    PHYS_DES_PREFIX='U';
    CLASS='IC';
    NC_PINS='(9,13,18,23,30,35,36,40,49,50,51,62,63,64)';
  end_body;
end_primitive;

END.
