FILE_TYPE=LIBRARY_PARTS;
primitive 'SMBJ30A_C19077584';
  pin
    'A':
      PIN_NUMBER='(2)';
      PIN_TYPE='ANALOG';
      NO_LOAD_CHECK='Both';
      NO_IO_CHECK='Both';
      NO_ASSERT_CHECK='TRUE';
      NO_DIR_CHECK='TRUE';
      ALLOW_CONNECT='TRUE';
    'K':
      PIN_NUMBER='(1)';
      PIN_TYPE='ANALOG';
      NO_LOAD_CHECK='Both';
      NO_IO_CHECK='Both';
      NO_ASSERT_CHECK='TRUE';
      NO_DIR_CHECK='TRUE';
      ALLOW_CONNECT='TRUE';
  end_pin;
  body
    PART_NAME='SMBJ30A_C19077584';
    BODY_NAME='SMBJ30A_C19077584';
    JEDEC_TYPE='smb_l4_6-w3_6-ls5_4-rd';
    PHYS_DES_PREFIX='D';
    CLASS='DISCRETE';
  end_body;
end_primitive;

END.
