FILE_TYPE=LIBRARY_PARTS;
primitive 'IDE_CON_40';
  pin
    'B20':
      PIN_NUMBER='(40)';
      INPUT_LOAD='(-0.01,0.01)';
    'B19':
      PIN_NUMBER='(38)';
      INPUT_LOAD='(-0.01,0.01)';
    'B18':
      PIN_NUMBER='(36)';
      INPUT_LOAD='(-0.01,0.01)';
    'B17':
      PIN_NUMBER='(34)';
      INPUT_LOAD='(-0.01,0.01)';
    'B16':
      PIN_NUMBER='(32)';
      INPUT_LOAD='(-0.01,0.01)';
    'B15':
      PIN_NUMBER='(30)';
      INPUT_LOAD='(-0.01,0.01)';
    'B13':
      PIN_NUMBER='(26)';
      INPUT_LOAD='(-0.01,0.01)';
    'B12':
      PIN_NUMBER='(24)';
      INPUT_LOAD='(-0.01,0.01)';
    'B11':
      PIN_NUMBER='(22)';
      INPUT_LOAD='(-0.01,0.01)';
    'B10':
      PIN_NUMBER='(20)';
      INPUT_LOAD='(-0.01,0.01)';
    'B9':
      PIN_NUMBER='(18)';
      INPUT_LOAD='(-0.01,0.01)';
    'B8':
      PIN_NUMBER='(16)';
      INPUT_LOAD='(-0.01,0.01)';
    'B7':
      PIN_NUMBER='(14)';
      INPUT_LOAD='(-0.01,0.01)';
    'B6':
      PIN_NUMBER='(12)';
      INPUT_LOAD='(-0.01,0.01)';
    'B5':
      PIN_NUMBER='(10)';
      INPUT_LOAD='(-0.01,0.01)';
    'B4':
      PIN_NUMBER='(8)';
      INPUT_LOAD='(-0.01,0.01)';
    'B3':
      PIN_NUMBER='(6)';
      INPUT_LOAD='(-0.01,0.01)';
    'B2':
      PIN_NUMBER='(4)';
      INPUT_LOAD='(-0.01,0.01)';
    'B1':
      PIN_NUMBER='(2)';
      INPUT_LOAD='(-0.01,0.01)';
    'A19':
      PIN_NUMBER='(37)';
      INPUT_LOAD='(-0.01,0.01)';
    'A18':
      PIN_NUMBER='(35)';
      INPUT_LOAD='(-0.01,0.01)';
    'A17':
      PIN_NUMBER='(33)';
      INPUT_LOAD='(-0.01,0.01)';
    'A16':
      PIN_NUMBER='(31)';
      INPUT_LOAD='(-0.01,0.01)';
    'A15':
      PIN_NUMBER='(29)';
      INPUT_LOAD='(-0.01,0.01)';
    'A13':
      PIN_NUMBER='(25)';
      INPUT_LOAD='(-0.01,0.01)';
    'A12':
      PIN_NUMBER='(23)';
      INPUT_LOAD='(-0.01,0.01)';
    'A11':
      PIN_NUMBER='(21)';
      INPUT_LOAD='(-0.01,0.01)';
    'A10':
      PIN_NUMBER='(19)';
      INPUT_LOAD='(-0.01,0.01)';
    'A9':
      PIN_NUMBER='(17)';
      INPUT_LOAD='(-0.01,0.01)';
    'A8':
      PIN_NUMBER='(15)';
      INPUT_LOAD='(-0.01,0.01)';
    'A7':
      PIN_NUMBER='(13)';
      INPUT_LOAD='(-0.01,0.01)';
    'A6':
      PIN_NUMBER='(11)';
      INPUT_LOAD='(-0.01,0.01)';
    'A5':
      PIN_NUMBER='(9)';
      INPUT_LOAD='(-0.01,0.01)';
    'A4':
      PIN_NUMBER='(7)';
      INPUT_LOAD='(-0.01,0.01)';
    'A3':
      PIN_NUMBER='(5)';
      INPUT_LOAD='(-0.01,0.01)';
    'A2':
      PIN_NUMBER='(3)';
      INPUT_LOAD='(-0.01,0.01)';
    'A1':
      PIN_NUMBER='(1)';
      INPUT_LOAD='(-0.01,0.01)';
    'A14':
      PIN_NUMBER='(27)';
      INPUT_LOAD='(-0.01,0.01)';
    'B14':
      PIN_NUMBER='(28)';
      INPUT_LOAD='(-0.01,0.01)';
    'A20':
      PIN_NUMBER='(39)';
      INPUT_LOAD='(-0.01,0.01)';
  end_pin;
  body
    PART_NAME='IDE_CON_40';
    BODY_NAME='IDE_CON_40';
    PHYS_DES_PREFIX='J';
    CLASS='IO';
    CDS_LMAN_UNMAPPED_PHYS_PIN='(41,42,43,44)';
  end_body;
end_primitive;

END.
