
	(Comment
		(Time 05/15/13,15:33:22)
		(User Administrator)
		(MsgId ECO_081)
		(Text "Symbol sym_2 added to cell")
		(Param1 sym_2)
	)
	(Comment
		(Time 05/15/13,15:33:49)
		(User Administrator)
		(MsgId ECO_082)
		(Text "Symbol sym_1 deleted from cell")
		(Param1 sym_1)
	)
	(Comment
		(Time 05/15/13,15:33:57)
		(User Administrator)
		(MsgId ECO_083)
		(Text "Symbol sym_2 renamed to sym_1")
		(Param1 sym_2)
		(Param2 sym_1)
	)

	(Comment
		(Time 05/15/13,15:36:11)
		(User Administrator)
		(MsgId ECO_211)
		(Text "PTF file part.ptf added")
		(Param1 part.ptf)
	)
