
	(Comment
		(Time 04/04/14,09:20:06)
		(User Administrator)
		(MsgId ECO_081)
		(Text "Symbol sym_1 added to cell")
		(Param1 sym_1)
	)
	(Comment
		(Time 04/04/14,09:24:40)
		(User Administrator)
		(MsgId ECO_021)
		(Text "Package ADS7881 added to cell")
		(Param1 ADS7881)
	)
	(Comment
		(Time 04/04/14,09:30:54)
		(User Administrator)
		(MsgId ECO_211)
		(Text "PTF file part.ptf added")
		(Param1 part.ptf)
	)

	(Comment
		(Time 04/04/14,09:36:31)
		(User Administrator)
		(MsgId ECO_022)
		(Text "Package ADS7881 deleted from cell")
		(Param1 ADS7881)
	)
	(Comment
		(Time 04/04/14,09:36:37)
		(User Administrator)
		(MsgId ECO_082)
		(Text "Symbol sym_1 deleted from cell")
		(Param1 sym_1)
	)
	(Comment
		(Time 04/04/14,09:36:42)
		(User Administrator)
		(MsgId ECO_081)
		(Text "Symbol sym_1 added to cell")
		(Param1 sym_1)
	)


	(Comment
		(Time 04/04/14,10:03:25)
		(User Administrator)
		(MsgId ECO_021)
		(Text "Package ADS7881 added to cell")
		(Param1 ADS7881)
	)

