FILE_TYPE=LIBRARY_PARTS;
primitive '74LVC374';
  pin
    '-OE':
      PIN_NUMBER='(1)';
      INPUT_LOAD='(-0.01,0.01)';
    'CLK':
      PIN_NUMBER='(11)';
      INPUT_LOAD='(-0.01,0.01)';
    'D'<8>:
      PIN_NUMBER='(18)';
      INPUT_LOAD='(-0.01,0.01)';
    'D'<7>:
      PIN_NUMBER='(17)';
      INPUT_LOAD='(-0.01,0.01)';
    'D'<6>:
      PIN_NUMBER='(14)';
      INPUT_LOAD='(-0.01,0.01)';
    'D'<5>:
      PIN_NUMBER='(13)';
      INPUT_LOAD='(-0.01,0.01)';
    'D'<4>:
      PIN_NUMBER='(8)';
      INPUT_LOAD='(-0.01,0.01)';
    'D'<3>:
      PIN_NUMBER='(7)';
      INPUT_LOAD='(-0.01,0.01)';
    'D'<2>:
      PIN_NUMBER='(4)';
      INPUT_LOAD='(-0.01,0.01)';
    'D'<1>:
      PIN_NUMBER='(3)';
      INPUT_LOAD='(-0.01,0.01)';
    'Q'<5>:
      PIN_NUMBER='(12)';
      OUTPUT_LOAD='(1.0,-1.0)';
    'Q'<6>:
      PIN_NUMBER='(15)';
      OUTPUT_LOAD='(1.0,-1.0)';
    'Q'<7>:
      PIN_NUMBER='(16)';
      OUTPUT_LOAD='(1.0,-1.0)';
    'Q'<8>:
      PIN_NUMBER='(19)';
      OUTPUT_LOAD='(1.0,-1.0)';
    'Q'<1>:
      PIN_NUMBER='(2)';
      OUTPUT_LOAD='(1.0,-1.0)';
    'Q'<2>:
      PIN_NUMBER='(5)';
      OUTPUT_LOAD='(1.0,-1.0)';
    'Q'<4>:
      PIN_NUMBER='(9)';
      OUTPUT_LOAD='(1.0,-1.0)';
    'Q'<3>:
      PIN_NUMBER='(6)';
      OUTPUT_LOAD='(1.0,-1.0)';
    'VCC':
      PIN_NUMBER='(20)';
      PINUSE='POWER';
      NO_LOAD_CHECK='Both';
      NO_IO_CHECK='Both';
      ALLOW_CONNECT='TRUE';
    'GND':
      PIN_NUMBER='(10)';
      PINUSE='POWER';
      NO_LOAD_CHECK='Both';
      NO_IO_CHECK='Both';
      ALLOW_CONNECT='TRUE';
  end_pin;
  body
    PART_NAME='74LVC374';
    BODY_NAME='74LVC374';
    PHYS_DES_PREFIX='U';
    CLASS='IC';
  end_body;
end_primitive;

END.
