FILE_TYPE=LIBRARY_PARTS;
primitive 'RJ45_LED';
  pin
    'A'<1>:
      PIN_NUMBER='(1)';
      INPUT_LOAD='(-0.01,0.01)';
    'A'<2>:
      PIN_NUMBER='(2)';
      INPUT_LOAD='(-0.01,0.01)';
    'A'<3>:
      PIN_NUMBER='(3)';
      INPUT_LOAD='(-0.01,0.01)';
    'A'<4>:
      PIN_NUMBER='(4)';
      INPUT_LOAD='(-0.01,0.01)';
    'A'<5>:
      PIN_NUMBER='(5)';
      INPUT_LOAD='(-0.01,0.01)';
    'A'<6>:
      PIN_NUMBER='(6)';
      INPUT_LOAD='(-0.01,0.01)';
    'A'<7>:
      PIN_NUMBER='(7)';
      INPUT_LOAD='(-0.01,0.01)';
    'A'<8>:
      PIN_NUMBER='(8)';
      INPUT_LOAD='(-0.01,0.01)';
    'A'<9>:
      PIN_NUMBER='(9)';
      INPUT_LOAD='(-0.01,0.01)';
    'A'<10>:
      PIN_NUMBER='(10)';
      INPUT_LOAD='(-0.01,0.01)';
    'A'<11>:
      PIN_NUMBER='(11)';
      INPUT_LOAD='(-0.01,0.01)';
    'A'<12>:
      PIN_NUMBER='(12)';
      INPUT_LOAD='(-0.01,0.01)';
    'A'<14>:
      PIN_NUMBER='(14)';
      INPUT_LOAD='(-0.01,0.01)';
    'A'<13>:
      PIN_NUMBER='(13)';
      INPUT_LOAD='(-0.01,0.01)';
  end_pin;
  body
    PART_NAME='RJ45_LED';
    BODY_NAME='RJ45_LED';
    PHYS_DES_PREFIX='J';
    CLASS='IO';
    NC_PINS='(15,16)';
  end_body;
end_primitive;

END.
