	(Comment
		(Time 05/23/18,19:55:53)
		(User Administrator)
		(MsgId ECO_211)
		(Text "PTF file part_1.ptf added")
		(Param1 "part_1.ptf")
	)
	(Comment
		(Time 05/23/18,19:56:39)
		(User Administrator)
		(MsgId ECO_212)
		(Text "PTF file part.ptf deleted")
		(Param1 "part.ptf")
	)
	(Comment
		(Time 05/23/18,20:00:33)
		(User Administrator)
		(MsgId ECO_212)
		(Text "PTF file part_1.ptf deleted")
		(Param1 "part_1.ptf")
	)
	(Comment
		(Time 05/23/18,20:00:35)
		(User Administrator)
		(MsgId ECO_211)
		(Text "PTF file part.ptf added")
		(Param1 "part.ptf")
	)
