temp/xxnedtmp4/event.log NEWFILE1
temp/xxnedtmp4/text.log NEWFILE2
temp/xxnedtmp4/environ.log NEWFILE3
G:\Cadence\SPB_17.4\share\cdssetup/concept/concepthdl.scr FILE4
G:\Cadence\POWAMP\cds.lib FILE5
G:\Cadence\POWAMP\worklib\power_amplifier\sch_1\page1.csb FILE6
G:\Cadence\POWAMP\worklib\power_amplifier\sch_1\page_map.lck NEWFILE7
G:\Cadence\POWAMP\worklib\power_amplifier\sch_1\page1_csb.lck NEWFILE8
temp/xxnedtmp4/undo1.log NEWFILE9
G:\Cadence\SPB_17.4\share\library\standard\b#20size#20page\sym_1\symbol.css FILE10
G:\Cadence\POWAMP\worklib\power_amplifier\sch_1\page5.csb FILE11
G:\Cadence\POWAMP\worklib\power_amplifier\sch_1\page5_csb.lck NEWFILE12
G:\Cadence\POWAMP\worklib\power_amplifier\sch_1\page1_csa.lck NEWFILE13
G:\Cadence\POWAMP\My_lib\pages\pages\sym_1\symbol.css FILE14
G:\Cadence\POWAMP\My_lib\capacitor\c0805\sym_1\symbol.css FILE15
G:\Cadence\POWAMP\My_lib\power\ltc3260\sym_1\symbol.css FILE16
G:\Cadence\POWAMP\My_lib\capacitor\ma35v470m10x13\sym_1\symbol.css FILE17
G:\Cadence\POWAMP\My_lib\inductor\l0805\sym_1\symbol.css FILE18
G:\Cadence\POWAMP\My_lib\power\smbj30a_c19077584\sym_1\symbol.css FILE19
G:\Cadence\POWAMP\My_lib\power\ss54_c5200096\sym_1\symbol.css FILE20
G:\Cadence\POWAMP\My_lib\power\bsmd2920#2d300#2d33v\sym_1\symbol.css FILE21
G:\Cadence\POWAMP\My_lib\connector\dc#2d005#2d5a\sym_1\symbol.css FILE22
G:\Cadence\POWAMP\My_lib\power\xc6206p182mr\sym_1\symbol.css FILE23
G:\Cadence\POWAMP\My_lib\power\ams1117_3_3v\sym_1\symbol.css FILE24
G:\Cadence\POWAMP\worklib\power_amplifier\sch_1\page5_csa.lck NEWFILE25
G:/Cadence/POWAMP/worklib/power_amplifier/sch_1/power_amplifier.xcon FILE26
G:/Cadence/POWAMP/worklib/power_amplifier/sch_1/power_amplifier.dcf FILE27
