Allegro Design Entry HDL 17.4-2019 S039 (4153571) 11/4/2023
Copyright 2021 Cadence Design Systems, Inc

WARNING(SPCOCN-1474): You must specify a window that contains a drawing.
WARNING(SPCOCN-1474): You must specify a window that contains a drawing.
WARNING(SPCOCN-1474): You must specify a window that contains a drawing.
WARNING(SPCOCN-1474): You must specify a window that contains a drawing.
WARNING(SPCOCN-1474): You must specify a window that contains a drawing.
WARNING(SPCOCN-1474): You must specify a window that contains a drawing.
WARNING(SPCOCN-1474): You must specify a window that contains a drawing.
WARNING(SPCOCN-2065): The PLOT_DPI directive defines the Dots Per Inch setting used by the printer for printing. Ensure that you specify a positive integer value for the directive.
WARNING(SPCOCN-1474): You must specify a window that contains a drawing.
WARNING(SPCOCN-1474): You must specify a window that contains a drawing.
WARNING(SPCOCN-1474): You must specify a window that contains a drawing.
WARNING(SPCOCN-1474): You must specify a window that contains a drawing.
WARNING(SPCOCN-1474): You must specify a window that contains a drawing.
WARNING(SPCOCN-1474): You must specify a window that contains a drawing.
WARNING(SPCOCN-1474): You must specify a window that contains a drawing.
WARNING(SPCOCN-1474): You must specify a window that contains a drawing.
WARNING(SPCOCN-1474): You must specify a window that contains a drawing.
WARNING(SPCOCN-1474): You must specify a window that contains a drawing.
WARNING(SPCOCN-1474): You must specify a window that contains a drawing.
WARNING(SPCOCN-1474): You must specify a window that contains a drawing.
WARNING(SPCOCN-1474): You must specify a window that contains a drawing.
INFO(SPCOCN-1737): Reading G:\Cadence\POWAMP\cds.lib file.
WARNING(SPCOCN-1474): You must specify a window that contains a drawing.
INFO(SPCOCN-1445): Reading POWER_AMPLIFIER.SCH.1.1 into drawing #1.
INFO(SPCOCN-195): The following file will be used to identify the list of modules to be excluded: 'G:\Cadence\SPB_17.4\share\cdssetup\xmodules.dat'.
INFO(SPCOCN-1445): Reading POWER_AMPLIFIER.SCH.1.1 into drawing #1.
INFO(SPCOCN-1445): Reading POWER_AMPLIFIER.SCH.1.10 into drawing #1.
INFO(SPCOCN-1445): Reading POWER_AMPLIFIER.SCH.1.11 into drawing #1.
INFO(SPCOCN-1001): Component: I1 selected.
INFO(SPCOCN-1001): Component: I1 selected.
INFO(SPCOCN-1445): Reading POWER_AMPLIFIER.SCH.1.1 into drawing #1.
INFO(SPCOCN-1445): Reading POWER_AMPLIFIER.SCH.1.2 into drawing #1.
INFO(SPCOCN-1001): Component: I1 selected.
INFO(SPCOCN-1445): Reading POWER_AMPLIFIER.SCH.1.3 into drawing #1.
INFO(SPCOCN-1445): Reading POWER_AMPLIFIER.SCH.1.4 into drawing #1.
INFO(SPCOCN-1445): Reading POWER_AMPLIFIER.SCH.1.5 into drawing #1.
INFO(SPCOCN-1445): Reading POWER_AMPLIFIER.SCH.1.6 into drawing #1.
INFO(SPCOCN-1445): Reading POWER_AMPLIFIER.SCH.1.7 into drawing #1.
INFO(SPCOCN-1445): Reading POWER_AMPLIFIER.SCH.1.8 into drawing #1.
INFO(SPCOCN-1445): Reading POWER_AMPLIFIER.SCH.1.9 into drawing #1.
INFO(SPCOCN-1445): Reading POWER_AMPLIFIER.SCH.1.8 into drawing #1.
INFO(SPCOCN-1445): Reading POWER_AMPLIFIER.SCH.1.9 into drawing #1.
INFO(SPCOCN-1445): Reading POWER_AMPLIFIER.SCH.1.10 into drawing #1.
INFO(SPCOCN-1854): The drawing POWER_AMPLIFIER.SCH.1.10
INFO(SPCOCN-578): will be retained as drawing #1.
INFO(SPCOCN-1445): Reading POWER_AMPLIFIER.SCH.1.11 into drawing #2.
INFO(SPCOCN-1070): Checking drawing...
INFO(SPCOCN-338): No schematic errors found.
INFO(SPCOCN-1001): Component: I21 selected.
INFO(SPCOCN-1443): POWER_AMPLIFIER.SCH.1.10 has been previously edited as drawing #1.
INFO(SPCOCN-1195): Group contains:   14 bodies   104 properties   0 notes   45 wires   6 dots   0 images
INFO(SPCOCN-1443): POWER_AMPLIFIER.SCH.1.11 has been previously edited as drawing #2.
INFO(SPCOCN-1195): Group contains:   43 bodies   235 properties   0 notes   175 wires   50 dots   0 images
INFO(SPCOCN-1195): Group contains:   43 bodies   237 properties   0 notes   175 wires   50 dots   0 images
INFO(SPCOCN-1195): Group contains:   14 bodies   28 properties   0 notes   45 wires   6 dots   0 images
INFO(SPCOCN-1195): Group contains:   43 bodies   237 properties   0 notes   175 wires   50 dots   0 images
INFO(SPCOCN-1195): Group contains:   43 bodies   237 properties   0 notes   175 wires   50 dots   0 images
INFO(SPCOCN-1443): POWER_AMPLIFIER.SCH.1.10 has been previously edited as drawing #1.
