(---------------------------------------------------------------------)
(                                                                     )
(    Dump Library Log                                                 )
(                                                                     )
(    Software Version : 17.4S039                                      )
(    Date/Time        : Wed Dec 10 10:26:41 2025                      )
(                                                                     )
(---------------------------------------------------------------------)


*** file: D:/Cadence/SPB_Data/unnamed.brd ***



  *** Creating all device files (see create_devices.log) ***


  *** Creating padstacks. ***

  PTH_C512SLOT315X315S1OFF0X0 being dumped.

  PTH_S512SLOT315X315S1 being dumped.


  *** Creating package symbols (.dra and .psm) ***

  sw-th_6p-l5_8-w5_8-p2_00-ls4_5-tl_k8-5851e-l1 being dumped.



*********************** Summary *********************
ERRORs reported:                           0

Number of padstacks dumped:                2
Number of package symbols dumped:          1

Total number of symbols dumped:            1
*****************************************************

