(---------------------------------------------------------------------)
(                                                                     )
(    Allegro Netrev Import Logic                                      )
(                                                                     )
(    Drawing          : power_amplifier.brd                           )
(    Software Version : 17.4S039                                      )
(    Date/Time        : Wed Dec 24 23:08:19 2025                      )
(                                                                     )
(---------------------------------------------------------------------)


------ Directives ------------

Ripup etch:                  No
Ripup delete first segment:  No
Ripup retain bondwire:       No
Ripup symbols:               Always
Missing symbol has error:    No
DRC update:                  Yes
Schematic directory:         'D:\Coding\Cadence\Project\POWAMP\worklib\power_amplifier\packaged'
Design Directory:            'D:/Coding/Cadence/Project/POWAMP/worklib/power_amplifier/physical'
Old design name:             'D:/Coding/Cadence/Project/POWAMP/worklib/power_amplifier/physical/power_amplifier.brd'
New design name:             'D:/Coding/Cadence/Project/POWAMP/worklib/power_amplifier/physical/power_amplifier.brd'

CmdLine: netrev -proj D:\Coding\Cadence\Project\POWAMP\power_amplifier.cpm -y 1 -O D:\Coding\Cadence\Project\POWAMP\worklib\power_amplifier\physical\power_amplifier.brd D:\Coding\Cadence\Project\POWAMP\worklib\power_amplifier\physical\power_amplifier.brd -q D:\Coding\Cadence\Project\POWAMP\temp\constraints_difference_report.xml -$

------ Preparing to read pst files ------

Starting to read D:/Coding/Cadence/Project/POWAMP/worklib/power_amplifier/packaged/pstchip.dat 
   Finished reading D:/Coding/Cadence/Project/POWAMP/worklib/power_amplifier/packaged/pstchip.dat (00:00:00.20)
Starting to read D:/Coding/Cadence/Project/POWAMP/worklib/power_amplifier/packaged/pstxprt.dat 
   Finished reading D:/Coding/Cadence/Project/POWAMP/worklib/power_amplifier/packaged/pstxprt.dat (00:00:00.00)
Starting to read D:/Coding/Cadence/Project/POWAMP/worklib/power_amplifier/packaged/pstxnet.dat 
   Finished reading D:/Coding/Cadence/Project/POWAMP/worklib/power_amplifier/packaged/pstxnet.dat (00:00:00.00)

------ Oversights/Warnings/Errors ------




===========================================================
Start Constraint Diff3 Import
	Constraint File:    D:/Coding/Cadence/Project/POWAMP/worklib/power_amplifier/packaged/pstcmdb.dat
	Allegro Baseline:   C:/Users/63524/AppData/Local/Temp/#Taaaaah33440.tmp
	Start time: Wed Dec 24 23:08:20 2025
===========================================================


The constraint difference report file can be viewed using the following command:
cdnFlowOOSMsg.exe -file file:///D:/Coding/Cadence/Project/POWAMP/temp/constraints_difference_report.xml

===========================================================
Finished Constraint Update	Time: Wed Dec 24 23:08:20 2025
===========================================================

------ Library Paths ------
MODULEPATH =  . 
           D:/Coding/Cadence/SPB_17.4/share/local/pcb/modules 

PSMPATH =  . 
           symbols 
           .. 
           ../symbols 
           D:/Coding/Cadence/SPB_17.4/share/local/pcb/symbols 
           D:/Coding/Cadence/SPB_17.4/share/pcb/pcb_lib/symbols 
           D:/Coding/Cadence/SPB_17.4/share/pcb/allegrolib/symbols 
           D:/Coding/Cadence/PCB/pad 
           D:/Coding/Cadence/PCB/Footprint 
           D:/Coding/Cadence/Project/POWAMP/PCB 

PADPATH =  . 
           symbols 
           .. 
           ../symbols 
           D:/Coding/Cadence/SPB_17.4/share/local/pcb/padstacks 
           D:/Coding/Cadence/SPB_17.4/share/pcb/pcb_lib/symbols 
           D:/Coding/Cadence/SPB_17.4/share/pcb/allegrolib/symbols 
           D:/Coding/Cadence/PCB/pad 
           D:/Coding/Cadence/Project/POWAMP/PCB 


------ Summary Statistics ------


netrev run on Dec 24 23:08:19 2025
   DESIGN NAME : 'POWER_AMPLIFIER'
   PACKAGING ON 24-Dec-2025 AT 23:08:17

   COMPILE 'logic'
   CHECK_PIN_NAMES OFF
   CROSS_REFERENCE OFF
   DIRECTORIES  <none>
   FEEDBACK OFF
   INCREMENTAL OFF
   INTERFACE_TYPE PHYSICAL
   LIBRARIES  'power_amplifier_lib' 'standard' 'capacitor' 'ic' 'inductor'
              'pages' 'resistor' 'connector' 'protection' 'oscillator' 'power'
   MASTER_LIBRARIES  <none>
   MAX_ERRORS 500
   MERGE_MINIMUM 5
   NET_NAME_CHARS '#%&()*+-./:=>?@[]^_`|'
   NET_NAME_LENGTH 31
   OVERSIGHTS ON
   REPLACE_CHECK OFF
   SINGLE_NODE_NETS ON
   SPLIT_MINIMUM 0
   SUPPRESS   20
   WARNINGS ON

 No error detected
 No oversight detected
 No warning detected

cpu time      0:02:02
elapsed time  0:00:01

