FILE_TYPE=LIBRARY_PARTS;
TIME=' Created/Modified on Thu Feb 26 14:05:59 2004' ;
primitive 'RTL8201BL LQFP48';
  pin
    'MDC':
      PIN_NUMBER='(25)';
      INPUT_LOAD='(-0.01,0.01)';
    'MDIO':
      PIN_NUMBER='(26)';
      INPUT_LOAD='(-0.01,0.01)';
    'TXD'<0>:
      PIN_NUMBER='(6)';
      INPUT_LOAD='(-0.01,0.01)';
    'TXD'<1>:
      PIN_NUMBER='(5)';
      INPUT_LOAD='(-0.01,0.01)';
    'TXD'<2>:
      PIN_NUMBER='(4)';
      INPUT_LOAD='(-0.01,0.01)';
    'TXD'<3>:
      PIN_NUMBER='(3)';
      INPUT_LOAD='(-0.01,0.01)';
    'TXEN':
      PIN_NUMBER='(2)';
      INPUT_LOAD='(-0.01,0.01)';
    'TXC':
      PIN_NUMBER='(7)';
      INPUT_LOAD='(-0.01,0.01)';
    'RXD'<0>:
      PIN_NUMBER='(21)';
      INPUT_LOAD='(-0.01,0.01)';
    'RXD'<1>:
      PIN_NUMBER='(20)';
      INPUT_LOAD='(-0.01,0.01)';
    'RXD'<2>:
      PIN_NUMBER='(19)';
      INPUT_LOAD='(-0.01,0.01)';
    'RXD'<3>:
      PIN_NUMBER='(18)';
      INPUT_LOAD='(-0.01,0.01)';
    'RXDV':
      PIN_NUMBER='(22)';
      INPUT_LOAD='(-0.01,0.01)';
    'RXC':
      PIN_NUMBER='(16)';
      INPUT_LOAD='(-0.01,0.01)';
    'COL':
      PIN_NUMBER='(1)';
      INPUT_LOAD='(-0.01,0.01)';
    'CRS':
      PIN_NUMBER='(23)';
      INPUT_LOAD='(-0.01,0.01)';
    'RXER/FXEN':
      PIN_NUMBER='(24)';
      INPUT_LOAD='(-0.01,0.01)';
    'X1':
      PIN_NUMBER='(46)';
      INPUT_LOAD='(-0.01,0.01)';
    'X2':
      PIN_NUMBER='(47)';
      INPUT_LOAD='(-0.01,0.01)';
    'LED0/PHYAD0':
      PIN_NUMBER='(9)';
      INPUT_LOAD='(-0.01,0.01)';
    'LED1/PHYAD1':
      PIN_NUMBER='(10)';
      INPUT_LOAD='(-0.01,0.01)';
    'LED2/PHYAD2':
      PIN_NUMBER='(12)';
      INPUT_LOAD='(-0.01,0.01)';
    'LED3/PHYAD3':
      PIN_NUMBER='(13)';
      INPUT_LOAD='(-0.01,0.01)';
    'LED4/PHYAD4':
      PIN_NUMBER='(15)';
      INPUT_LOAD='(-0.01,0.01)';
    'DGND2':
      PIN_NUMBER='(45)';
      INPUT_LOAD='(-0.01,0.01)';
    'DGND1':
      PIN_NUMBER='(17)';
      INPUT_LOAD='(-0.01,0.01)';
    'DGND0':
      PIN_NUMBER='(11)';
      INPUT_LOAD='(-0.01,0.01)';
    'AGND1':
      PIN_NUMBER='(35)';
      INPUT_LOAD='(-0.01,0.01)';
    'AGND0':
      PIN_NUMBER='(29)';
      INPUT_LOAD='(-0.01,0.01)';
    'DVDD33_0':
      PIN_NUMBER='(14)';
      INPUT_LOAD='(-0.01,0.01)';
    'DVDD33_1':
      PIN_NUMBER='(48)';
      INPUT_LOAD='(-0.01,0.01)';
    'AVDD33':
      PIN_NUMBER='(36)';
      INPUT_LOAD='(-0.01,0.01)';
    'PWFBOUT':
      PIN_NUMBER='(32)';
      INPUT_LOAD='(-0.01,0.01)';
    'PWFBIN':
      PIN_NUMBER='(8)';
      INPUT_LOAD='(-0.01,0.01)';
    'TPRX+':
      PIN_NUMBER='(31)';
      INPUT_LOAD='(-0.01,0.01)';
    'TPRX-':
      PIN_NUMBER='(30)';
      INPUT_LOAD='(-0.01,0.01)';
    'TPTX-':
      PIN_NUMBER='(33)';
      INPUT_LOAD='(-0.01,0.01)';
    'TPTX+':
      PIN_NUMBER='(34)';
      INPUT_LOAD='(-0.01,0.01)';
    'RTSET':
      PIN_NUMBER='(28)';
      INPUT_LOAD='(-0.01,0.01)';
    'ISOLATE':
      PIN_NUMBER='(43)';
      INPUT_LOAD='(-0.01,0.01)';
    'RPTR':
      PIN_NUMBER='(40)';
      INPUT_LOAD='(-0.01,0.01)';
    'SPEED':
      PIN_NUMBER='(39)';
      INPUT_LOAD='(-0.01,0.01)';
    'DUPLEX':
      PIN_NUMBER='(38)';
      INPUT_LOAD='(-0.01,0.01)';
    'ANE':
      PIN_NUMBER='(37)';
      INPUT_LOAD='(-0.01,0.01)';
    'LDPS':
      PIN_NUMBER='(41)';
      INPUT_LOAD='(-0.01,0.01)';
    'MII/SNIB/RTT3':
      PIN_NUMBER='(44)';
      INPUT_LOAD='(-0.01,0.01)';
    'RESETB':
      PIN_NUMBER='(42)';
      INPUT_LOAD='(-0.01,0.01)';
  end_pin;
  body
    NC_PINS='(27)';
    CLASS='IC';
    PART_NAME='RTL8201BL LQFP48';
    PHYS_DES_PREFIX='U';
    JEDEC_TYPE="REALTEK_LQFP48";
  end_body;
end_primitive;
END.
