
	(Comment
		(Time 11/19/14,15:16:38)
		(User jin)
		(MsgId ECO_081)
		(Text "Symbol sym_1 added to cell")
		(Param1 sym_1)
	)

	(Comment
		(Time 11/19/14,15:28:36)
		(User jin)
		(MsgId ECO_211)
		(Text "PTF file part.ptf added")
		(Param1 part.ptf)
	)
	(Comment
		(Time 07/27/20,21:26:07)
		(User wjl)
		(MsgId ECO_212)
		(Text "PTF file part.ptf deleted")
		(Param1 "part.ptf")
	)
	(Comment
		(Time 07/27/20,21:26:09)
		(User wjl)
		(MsgId ECO_211)
		(Text "PTF file part.ptf added")
		(Param1 "part.ptf")
	)
