
	(Comment
		(Time 12/09/13,18:01:06)
		(User lanzhu2410)
		(MsgId ECO_081)
		(Text "Symbol sym_1 added to cell")
		(Param1 sym_1)
	)
	(Comment
		(Time 12/09/13,18:25:34)
		(User lanzhu2410)
		(MsgId ECO_021)
		(Text "Package TF added to cell")
		(Param1 TF)
	)
	(Comment
		(Time 12/09/13,18:27:38)
		(User lanzhu2410)
		(MsgId ECO_211)
		(Text "PTF file part.ptf added")
		(Param1 part.ptf)
	)
	(Comment
		(Time 12/09/13,18:27:48)
		(User lanzhu2410)
		(MsgId ECO_211)
		(Text "PTF file part_1.ptf added")
		(Param1 part_1.ptf)
	)
	(Comment
		(Time 12/09/13,18:28:00)
		(User lanzhu2410)
		(MsgId ECO_212)
		(Text "PTF file part_1.ptf deleted")
		(Param1 part_1.ptf)
	)
	(Comment
		(Time 12/09/13,18:28:06)
		(User lanzhu2410)
		(MsgId ECO_212)
		(Text "PTF file part.ptf deleted")
		(Param1 part.ptf)
	)
	(Comment
		(Time 12/09/13,18:28:09)
		(User lanzhu2410)
		(MsgId ECO_211)
		(Text "PTF file part.ptf added")
		(Param1 part.ptf)
	)
	(Comment
		(Time 12/09/13,18:28:26)
		(User lanzhu2410)
		(MsgId ECO_212)
		(Text "PTF file part.ptf deleted")
		(Param1 part.ptf)
	)

	(Comment
		(Time 12/09/13,18:29:03)
		(User lanzhu2410)
		(MsgId ECO_211)
		(Text "PTF file part.ptf added")
		(Param1 part.ptf)
	)
