(---------------------------------------------------------------------)
(                                                                     )
(    Dump Library Log                                                 )
(                                                                     )
(    Software Version : 17.4S039                                      )
(    Date/Time        : Sun Nov 30 01:47:13 2025                      )
(                                                                     )
(---------------------------------------------------------------------)


*** file: D:/Coding/Cadence/SPB_Data/unnamed.brd ***



  *** Creating all device files (see create_devices.log) ***


  *** Creating padstacks. ***

  PTH_O1654X709SLOT394X1378S4 being dumped.

  PTH_O1575X709SLOT394X1299S4 being dumped.


  *** Creating package symbols (.dra and .psm) ***

  dc-in-th_dc-005-5a-2_5 being dumped.



*********************** Summary *********************
ERRORs reported:                           0

Number of padstacks dumped:                2
Number of package symbols dumped:          1

Total number of symbols dumped:            1
*****************************************************

