FILE_TYPE=LIBRARY_PARTS;
primitive 'MA35V220M8X8';
  pin
    '1':
      PIN_NUMBER='(1)';
      PIN_TYPE='ANALOG';
      NO_LOAD_CHECK='Both';
      NO_IO_CHECK='Both';
      NO_ASSERT_CHECK='TRUE';
      NO_DIR_CHECK='TRUE';
      ALLOW_CONNECT='TRUE';
    '2':
      PIN_NUMBER='(2)';
      PIN_TYPE='ANALOG';
      NO_LOAD_CHECK='Both';
      NO_IO_CHECK='Both';
      NO_ASSERT_CHECK='TRUE';
      NO_DIR_CHECK='TRUE';
      ALLOW_CONNECT='TRUE';
  end_pin;
  body
    PART_NAME='MA35V220M8X8';
    BODY_NAME='MA35V220M8X8';
    JEDEC_TYPE='cap-smd_bd8_0-l8_3-w8_3-ls9_0-fd';
    PHYS_DES_PREFIX='C';
    CLASS='DISCRETE';
  end_body;
end_primitive;

END.
