FILE_TYPE=LIBRARY_PARTS;
primitive 'FK_OSCILLATOR';
  pin
    'VDD':
      PIN_NUMBER='(4)';
      PINUSE='POWER';
      NO_LOAD_CHECK='Both';
      NO_IO_CHECK='Both';
      ALLOW_CONNECT='TRUE';
    'OUT':
      PIN_NUMBER='(3)';
      OUTPUT_LOAD='(1.0,-1.0)';
    'GND':
      PIN_NUMBER='(2)';
      PINUSE='POWER';
      NO_LOAD_CHECK='Both';
      NO_IO_CHECK='Both';
      ALLOW_CONNECT='TRUE';
    'OE/NC':
      PIN_NUMBER='(1)';
      INPUT_LOAD='(-0.01,0.01)';
  end_pin;
  body
    PART_NAME='FK_OSCILLATOR';
    BODY_NAME='FK_OSCILLATOR';
    PHYS_DES_PREFIX='X';
    CLASS='DISCRETE';
  end_body;
end_primitive;

END.
