FILE_TYPE=LIBRARY_PARTS;
TIME=' Created/Modified on Mon Jan 06 11:46:33 2003' ;
primitive '74AHC125';
  pin
    '-1OE':
      PIN_NUMBER='(1)';
      INPUT_LOAD='(-0.01,0.01)';
    '1A':
      PIN_NUMBER='(2)';
      INPUT_LOAD='(-0.01,0.01)';
    '1Y':
      PIN_NUMBER='(3)';
      OUTPUT_LOAD='(1.0,-1.0)';
    '-2OE':
      PIN_NUMBER='(4)';
      INPUT_LOAD='(-0.01,0.01)';
    '2A':
      PIN_NUMBER='(5)';
      INPUT_LOAD='(-0.01,0.01)';
    '2Y':
      PIN_NUMBER='(6)';
      OUTPUT_LOAD='(1.0,-1.0)';
    '-4OE':
      PIN_NUMBER='(13)';
      INPUT_LOAD='(-0.01,0.01)';
    '4A':
      PIN_NUMBER='(12)';
      INPUT_LOAD='(-0.01,0.01)';
    '4Y':
      PIN_NUMBER='(11)';
      OUTPUT_LOAD='(1.0,-1.0)';
    '-3OE':
      PIN_NUMBER='(10)';
      OUTPUT_LOAD='(1.0,-1.0)';
    '3A':
      PIN_NUMBER='(9)';
      INPUT_LOAD='(-0.01,0.01)';
    '3Y':
      PIN_NUMBER='(8)';
      OUTPUT_LOAD='(1.0,-1.0)';
    'GND':
      PIN_NUMBER='(7)';
      PIN_TYPE='POWER';
      NO_LOAD_CHECK='BOTH';
      NO_IO_CHECK='BOTH';
      ALLOW_CONNECT='TRUE';
    'VCC':
      PIN_NUMBER='(14)';
      PIN_TYPE='POWER';
      NO_LOAD_CHECK='BOTH';
      NO_IO_CHECK='BOTH';
      ALLOW_CONNECT='TRUE';
  end_pin;
  body
    CLASS='IC';
    PART_NAME='74AHC125';
    PHYS_DES_PREFIX='U';
    JEDEC_TYPE="DP";
  end_body;
end_primitive;
END.
