FILE_TYPE=LIBRARY_PARTS;
primitive 'PCA9306DCTT';
  pin
    'VREF1':
      PIN_NUMBER='(2)';
      PINUSE='POWER';
      NO_LOAD_CHECK='Both';
      NO_IO_CHECK='Both';
      NO_ASSERT_CHECK='TRUE';
      NO_DIR_CHECK='TRUE';
      ALLOW_CONNECT='TRUE';
    'VREF2':
      PIN_NUMBER='(7)';
      PINUSE='POWER';
      NO_LOAD_CHECK='Both';
      NO_IO_CHECK='Both';
      NO_ASSERT_CHECK='TRUE';
      NO_DIR_CHECK='TRUE';
      ALLOW_CONNECT='TRUE';
    'SCL1':
      PIN_NUMBER='(3)';
      OUTPUT_TYPE='(TS,TS)';
      BIDIRECTIONAL='TRUE';
      INPUT_LOAD='(-0.01,0.01)';
      OUTPUT_LOAD='(1.0,-1.0)';
    'SDA1':
      PIN_NUMBER='(4)';
      OUTPUT_TYPE='(TS,TS)';
      BIDIRECTIONAL='TRUE';
      INPUT_LOAD='(-0.01,0.01)';
      OUTPUT_LOAD='(1.0,-1.0)';
    'GND':
      PIN_NUMBER='(1)';
      PINUSE='GROUND';
      NO_LOAD_CHECK='Both';
      NO_IO_CHECK='Both';
      NO_ASSERT_CHECK='TRUE';
      NO_DIR_CHECK='TRUE';
      ALLOW_CONNECT='TRUE';
    'SCL2':
      PIN_NUMBER='(6)';
      OUTPUT_TYPE='(TS,TS)';
      BIDIRECTIONAL='TRUE';
      INPUT_LOAD='(-0.01,0.01)';
      OUTPUT_LOAD='(1.0,-1.0)';
    'SDA2':
      PIN_NUMBER='(5)';
      OUTPUT_TYPE='(TS,TS)';
      BIDIRECTIONAL='TRUE';
      INPUT_LOAD='(-0.01,0.01)';
      OUTPUT_LOAD='(1.0,-1.0)';
    'ENABLE':
      PIN_NUMBER='(8)';
      INPUT_LOAD='(-0.01,0.01)';
  end_pin;
  body
    PART_NAME='PCA9306DCTT';
    BODY_NAME='PCA9306DCTT';
    JEDEC_TYPE='dct8';
    PHYS_DES_PREFIX='D';
    CLASS='IC';
  end_body;
end_primitive;

END.
