FILE_TYPE=LIBRARY_PARTS;
primitive '74LVC16374';
  pin
    'GND'<6>:
      PIN_NUMBER='(39)';
      PINUSE='POWER';
      NO_LOAD_CHECK='Both';
      NO_IO_CHECK='Both';
      ALLOW_CONNECT='TRUE';
    'GND'<7>:
      PIN_NUMBER='(45)';
      PINUSE='POWER';
      NO_LOAD_CHECK='Both';
      NO_IO_CHECK='Both';
      ALLOW_CONNECT='TRUE';
    'GND'<5>:
      PIN_NUMBER='(34)';
      PINUSE='POWER';
      NO_LOAD_CHECK='Both';
      NO_IO_CHECK='Both';
      ALLOW_CONNECT='TRUE';
    'GND'<3>:
      PIN_NUMBER='(21)';
      PINUSE='POWER';
      NO_LOAD_CHECK='Both';
      NO_IO_CHECK='Both';
      ALLOW_CONNECT='TRUE';
    'GND'<4>:
      PIN_NUMBER='(28)';
      PINUSE='POWER';
      NO_LOAD_CHECK='Both';
      NO_IO_CHECK='Both';
      ALLOW_CONNECT='TRUE';
    'GND'<1>:
      PIN_NUMBER='(10)';
      PINUSE='POWER';
      NO_LOAD_CHECK='Both';
      NO_IO_CHECK='Both';
      ALLOW_CONNECT='TRUE';
    'GND'<2>:
      PIN_NUMBER='(15)';
      PINUSE='POWER';
      NO_LOAD_CHECK='Both';
      NO_IO_CHECK='Both';
      ALLOW_CONNECT='TRUE';
    'GND'<0>:
      PIN_NUMBER='(4)';
      PINUSE='POWER';
      NO_LOAD_CHECK='Both';
      NO_IO_CHECK='Both';
      ALLOW_CONNECT='TRUE';
    '2Q7':
      PIN_NUMBER='(22)';
      OUTPUT_LOAD='(1.0,-1.0)';
    '2Q8':
      PIN_NUMBER='(23)';
      OUTPUT_LOAD='(1.0,-1.0)';
    '2Q6':
      PIN_NUMBER='(20)';
      OUTPUT_LOAD='(1.0,-1.0)';
    '2Q5':
      PIN_NUMBER='(19)';
      OUTPUT_LOAD='(1.0,-1.0)';
    '2Q4':
      PIN_NUMBER='(17)';
      OUTPUT_LOAD='(1.0,-1.0)';
    '2Q2':
      PIN_NUMBER='(14)';
      OUTPUT_LOAD='(1.0,-1.0)';
    '2Q3':
      PIN_NUMBER='(16)';
      OUTPUT_LOAD='(1.0,-1.0)';
    '2Q1':
      PIN_NUMBER='(13)';
      OUTPUT_LOAD='(1.0,-1.0)';
    '1Q7':
      PIN_NUMBER='(11)';
      OUTPUT_LOAD='(1.0,-1.0)';
    '1Q8':
      PIN_NUMBER='(12)';
      OUTPUT_LOAD='(1.0,-1.0)';
    '1Q5':
      PIN_NUMBER='(8)';
      OUTPUT_LOAD='(1.0,-1.0)';
    '1Q6':
      PIN_NUMBER='(9)';
      OUTPUT_LOAD='(1.0,-1.0)';
    '1Q4':
      PIN_NUMBER='(6)';
      OUTPUT_LOAD='(1.0,-1.0)';
    '1Q3':
      PIN_NUMBER='(5)';
      OUTPUT_LOAD='(1.0,-1.0)';
    '1Q2':
      PIN_NUMBER='(3)';
      OUTPUT_LOAD='(1.0,-1.0)';
    '1Q1':
      PIN_NUMBER='(2)';
      OUTPUT_LOAD='(1.0,-1.0)';
    'VCC'<3>:
      PIN_NUMBER='(42)';
      PINUSE='POWER';
      NO_LOAD_CHECK='Both';
      NO_IO_CHECK='Both';
      ALLOW_CONNECT='TRUE';
    'VCC'<2>:
      PIN_NUMBER='(31)';
      PINUSE='POWER';
      NO_LOAD_CHECK='Both';
      NO_IO_CHECK='Both';
      ALLOW_CONNECT='TRUE';
    'VCC'<1>:
      PIN_NUMBER='(18)';
      PINUSE='POWER';
      NO_LOAD_CHECK='Both';
      NO_IO_CHECK='Both';
      ALLOW_CONNECT='TRUE';
    'VCC'<0>:
      PIN_NUMBER='(7)';
      PINUSE='POWER';
      NO_LOAD_CHECK='Both';
      NO_IO_CHECK='Both';
      ALLOW_CONNECT='TRUE';
    '2CLK':
      PIN_NUMBER='(25)';
      INPUT_LOAD='(-0.01,0.01)';
    '-2OE':
      PIN_NUMBER='(24)';
      INPUT_LOAD='(-0.01,0.01)';
    '1CLK':
      PIN_NUMBER='(48)';
      INPUT_LOAD='(-0.01,0.01)';
    '-1OE':
      PIN_NUMBER='(1)';
      INPUT_LOAD='(-0.01,0.01)';
    '2D8':
      PIN_NUMBER='(26)';
      INPUT_LOAD='(-0.01,0.01)';
    '2D7':
      PIN_NUMBER='(27)';
      INPUT_LOAD='(-0.01,0.01)';
    '2D6':
      PIN_NUMBER='(29)';
      INPUT_LOAD='(-0.01,0.01)';
    '2D5':
      PIN_NUMBER='(30)';
      INPUT_LOAD='(-0.01,0.01)';
    '2D4':
      PIN_NUMBER='(32)';
      INPUT_LOAD='(-0.01,0.01)';
    '2D3':
      PIN_NUMBER='(33)';
      INPUT_LOAD='(-0.01,0.01)';
    '2D1':
      PIN_NUMBER='(36)';
      INPUT_LOAD='(-0.01,0.01)';
    '2D2':
      PIN_NUMBER='(35)';
      INPUT_LOAD='(-0.01,0.01)';
    '1D8':
      PIN_NUMBER='(37)';
      INPUT_LOAD='(-0.01,0.01)';
    '1D7':
      PIN_NUMBER='(38)';
      INPUT_LOAD='(-0.01,0.01)';
    '1D6':
      PIN_NUMBER='(40)';
      INPUT_LOAD='(-0.01,0.01)';
    '1D5':
      PIN_NUMBER='(41)';
      INPUT_LOAD='(-0.01,0.01)';
    '1D4':
      PIN_NUMBER='(43)';
      INPUT_LOAD='(-0.01,0.01)';
    '1D3':
      PIN_NUMBER='(44)';
      INPUT_LOAD='(-0.01,0.01)';
    '1D2':
      PIN_NUMBER='(46)';
      INPUT_LOAD='(-0.01,0.01)';
    '1D1':
      PIN_NUMBER='(47)';
      INPUT_LOAD='(-0.01,0.01)';
  end_pin;
  body
    PART_NAME='74LVC16374';
    BODY_NAME='74LVC16374';
    PHYS_DES_PREFIX='U';
    CLASS='IC';
  end_body;
end_primitive;

END.
