FILE_TYPE=LIBRARY_PARTS;
primitive 'FXL0630-100-M';
  pin
    '2':
      PIN_NUMBER='(2)';
      PIN_TYPE='ANALOG';
      NO_LOAD_CHECK='Both';
      NO_IO_CHECK='Both';
      NO_ASSERT_CHECK='TRUE';
      NO_DIR_CHECK='TRUE';
      ALLOW_CONNECT='TRUE';
    '1':
      PIN_NUMBER='(1)';
      PIN_TYPE='ANALOG';
      NO_LOAD_CHECK='Both';
      NO_IO_CHECK='Both';
      NO_ASSERT_CHECK='TRUE';
      NO_DIR_CHECK='TRUE';
      ALLOW_CONNECT='TRUE';
  end_pin;
  body
    PART_NAME='FXL0630-100-M';
    BODY_NAME='FXL0630-100-M';
    JEDEC_TYPE='ind-smd_l7_3-w6_8';
    PHYS_DES_PREFIX='L';
    CLASS='DISCRETE';
  end_body;
end_primitive;

END.
