(---------------------------------------------------------------------)
(                                                                     )
(    Dump Library Log                                                 )
(                                                                     )
(    Software Version : 17.4S039                                      )
(    Date/Time        : Mon Dec  1 15:55:18 2025                      )
(                                                                     )
(---------------------------------------------------------------------)


*** file: G:/Cadence/ULB/worklib/adcp_v1/physical/unnamed.brd ***



  *** Creating all device files (see create_devices.log) ***


  *** Creating padstacks. ***

  VIA_24D12 being dumped.

  SMD_O110X633P2S4 being dumped.

  SMD_R1120X650P2S4 being dumped.


  *** Creating package symbols (.dra and .psm) ***

  msop-16_l4_0-w3_0-p0_50-ls4_9-bl-ep being dumped.



*********************** Summary *********************
ERRORs reported:                           0

Number of padstacks dumped:                3
Number of package symbols dumped:          1

Total number of symbols dumped:            1
*****************************************************

