(---------------------------------------------------------------------)
(                                                                     )
(    Dump Library Log                                                 )
(                                                                     )
(    Software Version : 17.4S039                                      )
(    Date/Time        : Mon Nov 24 10:33:36 2025                      )
(                                                                     )
(---------------------------------------------------------------------)


*** file: G:/Cadence/SPB_Data/unnamed.brd ***



  *** Creating all device files (see create_devices.log) ***


  *** Creating padstacks. ***

  SMD_O224X768P2S4 being dumped.


  *** Creating package symbols (.dra and .psm) ***

  soic-8_l5_0-w4_0-p1_27-ls6_0-bl being dumped.



*********************** Summary *********************
ERRORs reported:                           0

Number of padstacks dumped:                1
Number of package symbols dumped:          1

Total number of symbols dumped:            1
*****************************************************

