FILE_TYPE=LIBRARY_PARTS;
TIME=' Created/Modified on Wed Jan 23 21:32:06 2002' ;
primitive 'RT9164';
  pin
    'ADJ':
      PIN_NUMBER='(1)';
      INPUT_LOAD='(-0.01,0.01)';
    'VOUT':
      PIN_NUMBER='(2)';
      OUTPUT_LOAD='(1.0,-1.0)';
    'VIN':
      PIN_NUMBER='(3)';
      INPUT_LOAD='(-0.01,0.01)';
    'GND':
      PIN_NUMBER='(4)';
      PIN_TYPE='POWER';
      NO_LOAD_CHECK='BOTH';
      NO_IO_CHECK='BOTH';
      ALLOW_CONNECT='TRUE';
  end_pin;
  body
    CLASS='IC';
    PART_NAME='RT9164';
    PHYS_DES_PREFIX='U';
    JEDEC_TYPE="SOT-223";
  end_body;
end_primitive;
END.
