(---------------------------------------------------------------------)
(                                                                     )
(    Dump Library Log                                                 )
(                                                                     )
(    Software Version : 17.4S039                                      )
(    Date/Time        : Mon Dec  1 15:14:55 2025                      )
(                                                                     )
(---------------------------------------------------------------------)


*** file: G:/Cadence/ULB/worklib/adcp_v1/physical/unnamed.brd ***



  *** Creating all device files (see create_devices.log) ***


  *** Creating padstacks. ***

  SMD_R1772X650P2S4 being dumped.


  *** Creating package symbols (.dra and .psm) ***

  cap-smd_bd10_0-l10_3-w10_3-fd being dumped.



*********************** Summary *********************
ERRORs reported:                           0

Number of padstacks dumped:                1
Number of package symbols dumped:          1

Total number of symbols dumped:            1
*****************************************************

