FILE_TYPE=LIBRARY_PARTS;
primitive 'BSMD2920-300-33V';
  pin
    '2':
      PIN_NUMBER='(2)';
      PIN_TYPE='ANALOG';
      NO_LOAD_CHECK='Both';
      NO_IO_CHECK='Both';
      NO_ASSERT_CHECK='TRUE';
      NO_DIR_CHECK='TRUE';
      ALLOW_CONNECT='TRUE';
    '1':
      PIN_NUMBER='(1)';
      PIN_TYPE='ANALOG';
      NO_LOAD_CHECK='Both';
      NO_IO_CHECK='Both';
      NO_ASSERT_CHECK='TRUE';
      NO_DIR_CHECK='TRUE';
      ALLOW_CONNECT='TRUE';
  end_pin;
  body
    PART_NAME='BSMD2920-300-33V';
    BODY_NAME='BSMD2920-300-33V';
    JEDEC_TYPE='f2920';
    PHYS_DES_PREFIX='F';
    CLASS='DISCRETE';
  end_body;
end_primitive;

END.
