FILE_TYPE=LIBRARY_PARTS;
primitive 'TPS54310';
  pin
    'VIN1':
      PIN_NUMBER='(14)';
      INPUT_LOAD='(-0.01,0.01)';
    'VIN2':
      PIN_NUMBER='(15)';
      INPUT_LOAD='(-0.01,0.01)';
    'VIN3':
      PIN_NUMBER='(16)';
      INPUT_LOAD='(-0.01,0.01)';
    'PH1':
      PIN_NUMBER='(6)';
      OUTPUT_LOAD='(1.0,-1.0)';
    'PH2':
      PIN_NUMBER='(7)';
      OUTPUT_LOAD='(1.0,-1.0)';
    'PH3':
      PIN_NUMBER='(8)';
      OUTPUT_LOAD='(1.0,-1.0)';
    'PH4':
      PIN_NUMBER='(9)';
      OUTPUT_LOAD='(1.0,-1.0)';
    'PH5':
      PIN_NUMBER='(10)';
      OUTPUT_LOAD='(1.0,-1.0)';
    'SYNC':
      PIN_NUMBER='(19)';
      INPUT_LOAD='(-0.01,0.01)';
    'PWRGD':
      PIN_NUMBER='(4)';
      OUTPUT_LOAD='(1.0,-1.0)';
    'SS/EN':
      PIN_NUMBER='(18)';
      INPUT_LOAD='(-0.01,0.01)';
    'VBAIS':
      PIN_NUMBER='(17)';
      INPUT_LOAD='(-0.01,0.01)';
    'RT':
      PIN_NUMBER='(20)';
      INPUT_LOAD='(-0.01,0.01)';
    'AGND':
      PIN_NUMBER='(1)';
      PINUSE='GROUND';
      NO_LOAD_CHECK='Both';
      NO_IO_CHECK='Both';
      NO_ASSERT_CHECK='TRUE';
      NO_DIR_CHECK='TRUE';
      ALLOW_CONNECT='TRUE';
    'BOOT':
      PIN_NUMBER='(5)';
      INPUT_LOAD='(-0.01,0.01)';
    'COMP':
      PIN_NUMBER='(3)';
      INPUT_LOAD='(-0.01,0.01)';
    'VSENSE':
      PIN_NUMBER='(2)';
      INPUT_LOAD='(-0.01,0.01)';
    'PGND1':
      PIN_NUMBER='(11)';
      INPUT_LOAD='(-0.01,0.01)';
    'PGND2':
      PIN_NUMBER='(12)';
      INPUT_LOAD='(-0.01,0.01)';
    'PGND3':
      PIN_NUMBER='(13)';
      INPUT_LOAD='(-0.01,0.01)';
    'POWERPAD':
      PIN_NUMBER='(21)';
      PIN_TYPE='ANALOG';
      NO_LOAD_CHECK='Both';
      NO_IO_CHECK='Both';
      NO_ASSERT_CHECK='TRUE';
      NO_DIR_CHECK='TRUE';
      ALLOW_CONNECT='TRUE';
  end_pin;
  body
    PART_NAME='TPS54310';
    BODY_NAME='TPS54310';
    JEDEC_TYPE='tssop20_pwp';
    PHYS_DES_PREFIX='D';
    CLASS='IC';
  end_body;
end_primitive;

END.
