FILE_TYPE=LIBRARY_PARTS;
primitive 'SN75LVDE83A';
  pin
    'VCC1':
      PIN_NUMBER='(1)';
      PINUSE='POWER';
      NO_LOAD_CHECK='Both';
      NO_IO_CHECK='Both';
      NO_ASSERT_CHECK='TRUE';
      NO_DIR_CHECK='TRUE';
      ALLOW_CONNECT='TRUE';
    'D5':
      PIN_NUMBER='(2)';
      INPUT_LOAD='(-0.01,0.01)';
    'D6':
      PIN_NUMBER='(3)';
      INPUT_LOAD='(-0.01,0.01)';
    'D7':
      PIN_NUMBER='(4)';
      INPUT_LOAD='(-0.01,0.01)';
    'GND1':
      PIN_NUMBER='(5)';
      PINUSE='GROUND';
      NO_LOAD_CHECK='Both';
      NO_IO_CHECK='Both';
      NO_ASSERT_CHECK='TRUE';
      NO_DIR_CHECK='TRUE';
      ALLOW_CONNECT='TRUE';
    'D8':
      PIN_NUMBER='(6)';
      INPUT_LOAD='(-0.01,0.01)';
    'D9':
      PIN_NUMBER='(7)';
      INPUT_LOAD='(-0.01,0.01)';
    'D10':
      PIN_NUMBER='(8)';
      INPUT_LOAD='(-0.01,0.01)';
    'VCC2':
      PIN_NUMBER='(9)';
      PINUSE='POWER';
      NO_LOAD_CHECK='Both';
      NO_IO_CHECK='Both';
      NO_ASSERT_CHECK='TRUE';
      NO_DIR_CHECK='TRUE';
      ALLOW_CONNECT='TRUE';
    'D11':
      PIN_NUMBER='(10)';
      INPUT_LOAD='(-0.01,0.01)';
    'D12':
      PIN_NUMBER='(11)';
      INPUT_LOAD='(-0.01,0.01)';
    'D13':
      PIN_NUMBER='(12)';
      INPUT_LOAD='(-0.01,0.01)';
    'GND2':
      PIN_NUMBER='(13)';
      PINUSE='GROUND';
      NO_LOAD_CHECK='Both';
      NO_IO_CHECK='Both';
      NO_ASSERT_CHECK='TRUE';
      NO_DIR_CHECK='TRUE';
      ALLOW_CONNECT='TRUE';
    'D14':
      PIN_NUMBER='(14)';
      INPUT_LOAD='(-0.01,0.01)';
    'D15':
      PIN_NUMBER='(15)';
      INPUT_LOAD='(-0.01,0.01)';
    'D16':
      PIN_NUMBER='(16)';
      INPUT_LOAD='(-0.01,0.01)';
    'CLKSEL':
      PIN_NUMBER='(17)';
      INPUT_LOAD='(-0.01,0.01)';
    'D17':
      PIN_NUMBER='(18)';
      INPUT_LOAD='(-0.01,0.01)';
    'D18':
      PIN_NUMBER='(19)';
      INPUT_LOAD='(-0.01,0.01)';
    'D19':
      PIN_NUMBER='(20)';
      INPUT_LOAD='(-0.01,0.01)';
    'GND3':
      PIN_NUMBER='(21)';
      PINUSE='GROUND';
      NO_LOAD_CHECK='Both';
      NO_IO_CHECK='Both';
      NO_ASSERT_CHECK='TRUE';
      NO_DIR_CHECK='TRUE';
      ALLOW_CONNECT='TRUE';
    'D20':
      PIN_NUMBER='(22)';
      INPUT_LOAD='(-0.01,0.01)';
    'D21':
      PIN_NUMBER='(23)';
      INPUT_LOAD='(-0.01,0.01)';
    'D22':
      PIN_NUMBER='(24)';
      INPUT_LOAD='(-0.01,0.01)';
    'D23':
      PIN_NUMBER='(25)';
      INPUT_LOAD='(-0.01,0.01)';
    'VCC3':
      PIN_NUMBER='(26)';
      PINUSE='POWER';
      NO_LOAD_CHECK='Both';
      NO_IO_CHECK='Both';
      NO_ASSERT_CHECK='TRUE';
      NO_DIR_CHECK='TRUE';
      ALLOW_CONNECT='TRUE';
    'D24':
      PIN_NUMBER='(27)';
      INPUT_LOAD='(-0.01,0.01)';
    'D25':
      PIN_NUMBER='(28)';
      INPUT_LOAD='(-0.01,0.01)';
    'GND4':
      PIN_NUMBER='(29)';
      PINUSE='GROUND';
      NO_LOAD_CHECK='Both';
      NO_IO_CHECK='Both';
      NO_ASSERT_CHECK='TRUE';
      NO_DIR_CHECK='TRUE';
      ALLOW_CONNECT='TRUE';
    'D26':
      PIN_NUMBER='(30)';
      INPUT_LOAD='(-0.01,0.01)';
    'CLKIN':
      PIN_NUMBER='(31)';
      INPUT_LOAD='(-0.01,0.01)';
    '-SHTDN':
      PIN_NUMBER='(32)';
      INPUT_LOAD='(-0.01,0.01)';
    'GND5':
      PIN_NUMBER='(33)';
      PINUSE='GROUND';
      NO_LOAD_CHECK='Both';
      NO_IO_CHECK='Both';
      NO_ASSERT_CHECK='TRUE';
      NO_DIR_CHECK='TRUE';
      ALLOW_CONNECT='TRUE';
    'PLLVCC':
      PIN_NUMBER='(34)';
      PINUSE='POWER';
      NO_LOAD_CHECK='Both';
      NO_IO_CHECK='Both';
      NO_ASSERT_CHECK='TRUE';
      NO_DIR_CHECK='TRUE';
      ALLOW_CONNECT='TRUE';
    'GND6':
      PIN_NUMBER='(35)';
      PINUSE='GROUND';
      NO_LOAD_CHECK='Both';
      NO_IO_CHECK='Both';
      NO_ASSERT_CHECK='TRUE';
      NO_DIR_CHECK='TRUE';
      ALLOW_CONNECT='TRUE';
    'GND7':
      PIN_NUMBER='(36)';
      PINUSE='GROUND';
      NO_LOAD_CHECK='Both';
      NO_IO_CHECK='Both';
      NO_ASSERT_CHECK='TRUE';
      NO_DIR_CHECK='TRUE';
      ALLOW_CONNECT='TRUE';
    'Y3P':
      PIN_NUMBER='(37)';
      OUTPUT_LOAD='(1.0,-1.0)';
    'Y3M':
      PIN_NUMBER='(38)';
      OUTPUT_LOAD='(1.0,-1.0)';
    'CLKOUTP':
      PIN_NUMBER='(39)';
      OUTPUT_LOAD='(1.0,-1.0)';
    'CLKOUTM':
      PIN_NUMBER='(40)';
      OUTPUT_LOAD='(1.0,-1.0)';
    'Y2P':
      PIN_NUMBER='(41)';
      OUTPUT_LOAD='(1.0,-1.0)';
    'Y2M':
      PIN_NUMBER='(42)';
      OUTPUT_LOAD='(1.0,-1.0)';
    'GND8':
      PIN_NUMBER='(43)';
      PINUSE='GROUND';
      NO_LOAD_CHECK='Both';
      NO_IO_CHECK='Both';
      NO_ASSERT_CHECK='TRUE';
      NO_DIR_CHECK='TRUE';
      ALLOW_CONNECT='TRUE';
    'LVDSVCC':
      PIN_NUMBER='(44)';
      PINUSE='POWER';
      NO_LOAD_CHECK='Both';
      NO_IO_CHECK='Both';
      NO_ASSERT_CHECK='TRUE';
      NO_DIR_CHECK='TRUE';
      ALLOW_CONNECT='TRUE';
    'Y1P':
      PIN_NUMBER='(45)';
      OUTPUT_LOAD='(1.0,-1.0)';
    'Y1M':
      PIN_NUMBER='(46)';
      OUTPUT_LOAD='(1.0,-1.0)';
    'Y0P':
      PIN_NUMBER='(47)';
      OUTPUT_LOAD='(1.0,-1.0)';
    'Y0M':
      PIN_NUMBER='(48)';
      OUTPUT_LOAD='(1.0,-1.0)';
    'GND9':
      PIN_NUMBER='(49)';
      PINUSE='GROUND';
      NO_LOAD_CHECK='Both';
      NO_IO_CHECK='Both';
      NO_ASSERT_CHECK='TRUE';
      NO_DIR_CHECK='TRUE';
      ALLOW_CONNECT='TRUE';
    'D27':
      PIN_NUMBER='(50)';
      INPUT_LOAD='(-0.01,0.01)';
    'D0':
      PIN_NUMBER='(51)';
      INPUT_LOAD='(-0.01,0.01)';
    'D1':
      PIN_NUMBER='(52)';
      INPUT_LOAD='(-0.01,0.01)';
    'GND10':
      PIN_NUMBER='(53)';
      PINUSE='GROUND';
      NO_LOAD_CHECK='Both';
      NO_IO_CHECK='Both';
      NO_ASSERT_CHECK='TRUE';
      NO_DIR_CHECK='TRUE';
      ALLOW_CONNECT='TRUE';
    'D2':
      PIN_NUMBER='(54)';
      INPUT_LOAD='(-0.01,0.01)';
    'D3':
      PIN_NUMBER='(55)';
      INPUT_LOAD='(-0.01,0.01)';
    'D4':
      PIN_NUMBER='(56)';
      INPUT_LOAD='(-0.01,0.01)';
  end_pin;
  body
    PART_NAME='SN75LVDE83A';
    BODY_NAME='SN75LVDE83A';
    PHYS_DES_PREFIX='U';
    CLASS='IC';
  end_body;
end_primitive;

END.
