	(Comment
		(Time 06/10/20,17:37:36)
		(User wjl)
		(MsgId ECO_021)
		(Text "Package 5557_4PIN added to cell")
		(Param1 "5557_4PIN")
	)
	(Comment
		(Time 06/10/20,17:38:14)
		(User wjl)
		(MsgId ECO_081)
		(Text "Symbol sym_1 added to cell")
		(Param1 "sym_1")
	)
	(Comment
		(Time 06/10/20,17:39:58)
		(User wjl)
		(MsgId ECO_211)
		(Text "PTF file part.ptf added")
		(Param1 "part.ptf")
	)
	(Comment
		(Time 06/10/20,17:41:58)
		(User wjl)
		(MsgId ECO_211)
		(Text "PTF file part_1.ptf added")
		(Param1 "part_1.ptf")
	)
	(Comment
		(Time 06/10/20,19:48:31)
		(User wjl)
		(MsgId ECO_212)
		(Text "PTF file part.ptf deleted")
		(Param1 "part.ptf")
	)
